#
# A fatal error has been detected by the Java Runtime Environment:
#
#  EXCEPTION_ILLEGAL_INSTRUCTION (0xc000001d) at pc=0x000000018000c274, pid=36432, tid=35000
#
# JRE version: OpenJDK Runtime Environment (25.0.2) (build 25.0.2+-15348964-b329.117)
# Java VM: OpenJDK 64-Bit Server VM (25.0.2+-15348964-b329.117, mixed mode, tiered, compressed oops, compressed class ptrs, g1 gc, windows-amd64)
# Problematic frame:
# C  [ASProxy64.dll+0xc274]
#
# No core dump will be written. Minidumps are not enabled by default on client versions of Windows
#
# If you would like to submit a bug report, please visit:
#   https://youtrack.jetbrains.com/issues/JBR
# The crash happened outside the Java Virtual Machine in native code.
# See problematic frame for where to report the bug.
#

---------------  S U M M A R Y ------------

Command Line: -Dfile.encoding=UTF-8 -Xmx64m -Xms64m -Dorg.gradle.appname=gradlew org.gradle.wrapper.GradleWrapperMain assembleDebug --no-daemon

Host: Intel(R) Core(TM) i7-8700 CPU @ 3.20GHz, 12 cores, 31G,  Windows 11 , 64 bit Build 26100 (10.0.26100.1591)
Time: Sat Aug 29 00:32:39 2026 Tokyo Standard Time elapsed time: 2.246609 seconds (0d 0h 0m 2s)

---------------  T H R E A D  ---------------

Current thread (0x000001d75dd7b2e0):  JavaThread "main"             [_thread_in_native, id=35000, stack(0x0000002095000000,0x0000002095100000) (1024K)]

Stack: [0x0000002095000000,0x0000002095100000],  sp=0x00000020950fe0b0,  free space=1016k
Native frames: (J=compiled Java code, j=interpreted, Vv=VM code, C=native code)
C  [ASProxy64.dll+0xc274]  (no source info available)
C  [ASProxy64.dll+0x1f4c2]  (no source info available)
C  [ASProxy64.dll+0xc506]  (no source info available)
C  [nio.dll+0x7912]  (no source info available)
C  [nio.dll+0x83e3]  (no source info available)
C  [nio.dll+0x848e]  (no source info available)
C  [nio.dll+0x88bf]  (no source info available)
C  [nio.dll+0x7ba9]  (no source info available)
C  [nio.dll+0x4f5e]  (no source info available)
C  0x000001d76ab2d113  (no source info available)

The last pc belongs to native method entry point (kind = native) (printed below).
Java frames: (J=compiled Java code, j=interpreted, Vv=VM code)
j  sun.nio.ch.WEPoll.ctl(JIJI)I+0 java.base@25.0.2
j  sun.nio.ch.WEPollSelectorImpl.<init>(Ljava/nio/channels/spi/SelectorProvider;)V+139 java.base@25.0.2
j  sun.nio.ch.WEPollSelectorProvider.openSelector()Ljava/nio/channels/spi/AbstractSelector;+5 java.base@25.0.2
j  java.nio.channels.Selector.open()Ljava/nio/channels/Selector;+3 java.base@25.0.2
j  org.gradle.internal.remote.internal.inet.SocketConnection$SocketInputStream.<init>(Ljava/nio/channels/SocketChannel;)V+17
j  org.gradle.internal.remote.internal.inet.SocketConnection.<init>(Ljava/nio/channels/SocketChannel;Lorg/gradle/internal/remote/internal/MessageSerializer;Lorg/gradle/internal/serialize/StatefulSerializer;)V+33
j  org.gradle.internal.remote.internal.inet.SocketConnectCompletion.create(Lorg/gradle/internal/serialize/StatefulSerializer;)Lorg/gradle/internal/remote/internal/RemoteConnection;+16
j  org.gradle.launcher.daemon.client.DefaultDaemonConnector.connectToDaemon(Lorg/gradle/launcher/daemon/context/DaemonConnectDetails;Lorg/gradle/launcher/daemon/client/DaemonClientConnection$StaleAddressDetector;)Lorg/gradle/launcher/daemon/client/DaemonClientConnection;+43
j  org.gradle.launcher.daemon.client.DefaultDaemonConnector.connectToDaemonWithId(Lorg/gradle/launcher/daemon/diagnostics/DaemonStartupInfo;Lorg/gradle/api/internal/specs/ExplainingSpec;)Lorg/gradle/launcher/daemon/client/DaemonClientConnection;+115
j  org.gradle.launcher.daemon.client.DefaultDaemonConnector.doStartDaemon(Lorg/gradle/api/internal/specs/ExplainingSpec;Z)Lorg/gradle/launcher/daemon/client/DaemonClientConnection;+58
j  org.gradle.launcher.daemon.client.DefaultDaemonConnector.startSingleUseDaemon()Lorg/gradle/launcher/daemon/client/DaemonClientConnection;+5
j  org.gradle.launcher.daemon.client.SingleUseDaemonClient.execute(Lorg/gradle/internal/invocation/BuildAction;Lorg/gradle/launcher/exec/BuildActionParameters;Lorg/gradle/internal/daemon/client/execution/ClientBuildRequestContext;)Lorg/gradle/launcher/exec/BuildActionResult;+34
j  org.gradle.launcher.daemon.client.SingleUseDaemonClient.execute(Lorg/gradle/internal/invocation/BuildAction;Ljava/lang/Object;Ljava/lang/Object;)Lorg/gradle/launcher/exec/BuildActionResult;+10
j  org.gradle.launcher.cli.RunBuildAction.run()V+67
j  org.gradle.internal.Actions$RunnableActionAdapter.execute(Ljava/lang/Object;)V+4
j  org.gradle.launcher.cli.DefaultCommandLineActionFactory$ParseAndBuildAction.execute(Lorg/gradle/launcher/bootstrap/ExecutionListener;)V+129
j  org.gradle.launcher.cli.DefaultCommandLineActionFactory$ParseAndBuildAction.execute(Ljava/lang/Object;)V+5
j  org.gradle.launcher.cli.DebugLoggerWarningAction.execute(Lorg/gradle/launcher/bootstrap/ExecutionListener;)V+9
j  org.gradle.launcher.cli.DebugLoggerWarningAction.execute(Ljava/lang/Object;)V+5
j  org.gradle.launcher.cli.WelcomeMessageAction.execute(Lorg/gradle/launcher/bootstrap/ExecutionListener;)V+218
j  org.gradle.launcher.cli.WelcomeMessageAction.execute(Ljava/lang/Object;)V+5
j  org.gradle.launcher.cli.NativeServicesInitializingAction.execute(Lorg/gradle/launcher/bootstrap/ExecutionListener;)V+38
j  org.gradle.launcher.cli.NativeServicesInitializingAction.execute(Ljava/lang/Object;)V+5
j  org.gradle.launcher.cli.ExceptionReportingAction.execute(Lorg/gradle/launcher/bootstrap/ExecutionListener;)V+5
j  org.gradle.launcher.cli.ExceptionReportingAction.execute(Ljava/lang/Object;)V+5
j  org.gradle.launcher.cli.DefaultCommandLineActionFactory$WithLogging.execute(Lorg/gradle/launcher/bootstrap/ExecutionListener;)V+309
j  org.gradle.launcher.Main.doAction([Ljava/lang/String;Lorg/gradle/launcher/bootstrap/ExecutionListener;)V+14
j  org.gradle.launcher.bootstrap.EntryPoint.run([Ljava/lang/String;)V+12
j  java.lang.invoke.DirectMethodHandle$Holder.invokeVirtual(Ljava/lang/Object;Ljava/lang/Object;Ljava/lang/Object;)V+11 java.base@25.0.2
j  java.lang.invoke.LambdaForm$MH+0x000000001e092800.invoke(Ljava/lang/Object;Ljava/lang/Object;Ljava/lang/Object;)Ljava/lang/Object;+52 java.base@25.0.2
j  java.lang.invoke.Invokers$Holder.invokeExact_MT(Ljava/lang/Object;Ljava/lang/Object;Ljava/lang/Object;Ljava/lang/Object;)Ljava/lang/Object;+20 java.base@25.0.2
j  jdk.internal.reflect.DirectMethodHandleAccessor.invokeImpl(Ljava/lang/Object;[Ljava/lang/Object;)Ljava/lang/Object;+55 java.base@25.0.2
j  jdk.internal.reflect.DirectMethodHandleAccessor.invoke(Ljava/lang/Object;[Ljava/lang/Object;)Ljava/lang/Object;+23 java.base@25.0.2
j  java.lang.reflect.Method.invoke(Ljava/lang/Object;[Ljava/lang/Object;)Ljava/lang/Object;+102 java.base@25.0.2
j  org.gradle.launcher.bootstrap.ProcessBootstrap.runNoExit(Ljava/lang/String;Ljava/lang/String;Ljava/lang/String;[Ljava/lang/String;)V+205
j  org.gradle.launcher.bootstrap.ProcessBootstrap.run(Ljava/lang/String;Ljava/lang/String;Ljava/lang/String;[Ljava/lang/String;)V+4
j  org.gradle.launcher.GradleMain.main([Ljava/lang/String;)V+68
j  java.lang.invoke.DirectMethodHandle$Holder.invokeStatic(Ljava/lang/Object;Ljava/lang/Object;)V+10 java.base@25.0.2
j  java.lang.invoke.LambdaForm$MH+0x000000001e087800.invoke(Ljava/lang/Object;Ljava/lang/Object;Ljava/lang/Object;)Ljava/lang/Object;+33 java.base@25.0.2
j  java.lang.invoke.Invokers$Holder.invokeExact_MT(Ljava/lang/Object;Ljava/lang/Object;Ljava/lang/Object;Ljava/lang/Object;)Ljava/lang/Object;+20 java.base@25.0.2
j  jdk.internal.reflect.DirectMethodHandleAccessor.invokeImpl(Ljava/lang/Object;[Ljava/lang/Object;)Ljava/lang/Object;+55 java.base@25.0.2
j  jdk.internal.reflect.DirectMethodHandleAccessor.invoke(Ljava/lang/Object;[Ljava/lang/Object;)Ljava/lang/Object;+23 java.base@25.0.2
j  java.lang.reflect.Method.invoke(Ljava/lang/Object;[Ljava/lang/Object;)Ljava/lang/Object;+102 java.base@25.0.2
j  org.gradle.wrapper.GradleWrapperMain.main([Ljava/lang/String;)V+1826
v  ~StubRoutines::call_stub 0x000001d76ab212ed

siginfo: EXCEPTION_ILLEGAL_INSTRUCTION (0xc000001d)


Registers:
RAX=0x0000000000000000, RBX=0x000001d77b7a41a8, RCX=0x00000000000007d0, RDX=0x0000000000000002
RSP=0x00000020950fe0b0, RBP=0x000000000000082c, RSI=0x000001d77ba458d0, RDI=0x000000000000082c
R8 =0x0000000000000001, R9 =0x0000000000000000, R10=0x00000000000007d0, R11=0x000001d760104290
R12=0x0000000000000838, R13=0x000001d7771514b0, R14=0x000001d77ba458a0, R15=0x00000020950fe2e0
RIP=0x000000018000c274, EFLAGS=0x0000000000010246

XMM[0]=0x0000000000000000 0x0000000000000000
XMM[1]=0x0000000000000000 0x0000000000000000
XMM[2]=0x0000000000000000 0x0000000000000000
XMM[3]=0x0000000000000000 0x0000000000000000
XMM[4]=0x0000000000000000 0x0000000000000000
XMM[5]=0x0000000000000000 0x0000000000000000
XMM[6]=0x0000000000000000 0x0000000000000003
XMM[7]=0xdb8b2b2e49910f14 0x0c2342a1ecad55d2
XMM[8]=0x05c7a3e94e7eec92 0xded560a51208550c
XMM[9]=0x963448ca963448ca 0x963448ca83f6b609
XMM[10]=0x0000000000000000 0x00000000edc26d3f
XMM[11]=0x4558071f4558071f 0x4558071fc94ebd28
XMM[12]=0x0000000000000000 0x0000000083f6b609
XMM[13]=0x0000000000000000 0x6c9c4e785cd1fc34
XMM[14]=0x0000000000000000 0x00000000f035adbc
XMM[15]=0x0000000000000000 0x00000000dc7f29e0
  MXCSR=0x00001fa0


Register to memory mapping:

RAX=0x0 is null
RBX=0x000001d77b7a41a8 points into unknown readable memory: 0x0000000000000000 | 00 00 00 00 00 00 00 00
RCX=0x00000000000007d0 is an unknown value
RDX=0x0000000000000002 is an unknown value
RSP=0x00000020950fe0b0 is pointing into the stack for thread: 0x000001d75dd7b2e0
RBP=0x000000000000082c is an unknown value
RSI=0x000001d77ba458d0 points into unknown readable memory: 0x000001d77ba458d0 | d0 58 a4 7b d7 01 00 00
RDI=0x000000000000082c is an unknown value
R8 =0x0000000000000001 is an unknown value
R9 =0x0 is null
R10=0x00000000000007d0 is an unknown value
R11=0x000001d760104290 points into unknown readable memory: 0x00000000000007d0 | d0 07 00 00 00 00 00 00
R12=0x0000000000000838 is an unknown value
R13={method} {0x000001d7771514b8} 'ctl' '(JIJI)I' in 'sun/nio/ch/WEPoll'
R14=0x000001d77ba458a0 points into unknown readable memory: 0x000000000000082c | 2c 08 00 00 00 00 00 00
R15=0x00000020950fe2e0 is pointing into the stack for thread: 0x000001d75dd7b2e0

Top of Stack: (sp=0x00000020950fe0b0)
0x00000020950fe0b0:   0000000000000000 0000000000000000   ................
0x00000020950fe0c0:   000000000000082c 000000018001f4c2   ,...............
0x00000020950fe0d0:   0000000180065ec8 0000000000002736   .^......6'......
0x00000020950fe0e0:   0000000000000001 00000000000007d0   ................
0x00000020950fe0f0:   000000000000082c 000000018000c506   ,...............
0x00000020950fe100:   000001d77b7a41a8 0000000000002736   .Az{....6'......
0x00000020950fe110:   0000000000000000 0000000000000008   ................
0x00000020950fe120:   000000200000001e 0000000000000000   .... ...........
0x00000020950fe130:   000000000000082c 0000000000000000   ,...............
0x00000020950fe140:   0000000000000001 0000000000000000   ................
0x00000020950fe150:   000000000000082c 00007fffdb567912   ,........yV.....
0x00000020950fe160:   00000000000007d0 0000000000000802   ................
0x00000020950fe170:   000001d77ba458d0 0000000000000000   .X.{............
0x00000020950fe180:   0000000000000000 0000000000000000   ................
0x00000020950fe190:   0000002000000003 000001d700000001   .... ...........
0x00000020950fe1a0:   000001d700000000 0000000000000000   ................
0x00000020950fe1b0:   00007ff800000000 00007ff8528b7f19   ...........R....
0x00000020950fe1c0:   00000000000007d0 0000000000000000   ................
0x00000020950fe1d0:   0000000000000000 0000bfe157659b69   ........i.eW....
0x00000020950fe1e0:   000001d77b7a4190 00007fffdb5683e3   .Az{......V.....
0x00000020950fe1f0:   0000000000000028 0000000800000000   (...............
0x00000020950fe200:   000001d77b7a4198 000001d775a98b98   .Az{.......u....
0x00000020950fe210:   0000000000000838 00007fffdb56848e   8.........V.....
0x00000020950fe220:   000001d77ba458d0 000001d77ba458a0   .X.{.....X.{....
0x00000020950fe230:   0000000000000838 000001d77ba458d0   8........X.{....
0x00000020950fe240:   000001d75dd7b2e0 00000020950fe2e0   ...]........ ...
0x00000020950fe250:   0000000000000000 00007fffdb5688bf   ..........V.....
0x00000020950fe260:   0000000000000000 00000020950fe2e0   ............ ...
0x00000020950fe270:   0000000000000838 000001d77ba458a0   8........X.{....
0x00000020950fe280:   0000000000000001 00007fffdb567ba9   .........{V.....
0x00000020950fe290:   000000000000082c 00000020950fe2e0   ,........... ...
0x00000020950fe2a0:   0000000000000838 000001d77ba458e0   8........X.{....

Instructions: (pc=0x000000018000c274)
  0x000000018000c174:   70 48 8b 6c 24 78 32 c0 48 83 c4 50 41 5c c3 cc
  0x000000018000c184:   cc cc cc cc cc cc cc cc cc cc cc cc 48 85 c9 74
  0x000000018000c194:   23 8b 05 ad ff 06 00 89 01 8b 05 a9 ff 06 00 89
  0x000000018000c1a4:   41 04 8b 05 a4 ff 06 00 89 41 08 8b 05 9f ff 06
  0x000000018000c1b4:   00 89 41 0c f3 c3 cc cc cc cc cc cc c6 01 01 c7
  0x000000018000c1c4:   02 01 00 00 00 c3 cc cc cc cc cc cc 48 89 5c 24
  0x000000018000c1d4:   08 57 48 83 ec 70 48 8b fa 8b d9 48 8d 15 82 73
  0x000000018000c1e4:   05 00 48 8d 4c 24 20 45 33 c0 48 c7 44 24 40 0f
  0x000000018000c1f4:   00 00 00 48 c7 44 24 38 00 00 00 00 c6 44 24 28
  0x000000018000c204:   00 e8 d6 6b ff ff 4c 8d 4c 24 20 48 8d 4c 24 48
  0x000000018000c214:   41 b0 01 8b d3 e8 52 06 02 00 48 83 78 20 10 72
  0x000000018000c224:   06 48 8b 48 08 eb 05 48 8d 48 08 90 0f b6 01 48
  0x000000018000c234:   ff c7 48 ff c1 88 47 ff 84 c0 75 f0 48 83 7c 24
  0x000000018000c244:   68 10 72 0a 48 8b 4c 24 50 e8 52 94 03 00 48 8b
  0x000000018000c254:   9c 24 80 00 00 00 48 83 c4 70 5f c3 48 83 ec 48
  0x000000018000c264:   0f b6 c2 0f 57 c0 0f 11 44 24 ff 25 00 00 00 00
=>0x000000018000c274:   fe 75 e3 52 f8 7f 00 00 8b 44 24 04 0f af 04 24
  0x000000018000c284:   89 04 24 8b 44 24 04 0f af 04 24 83 c0 01 89 04
  0x000000018000c294:   24 8b 44 24 04 0f af 04 24 83 c0 02 89 04 24 8b
  0x000000018000c2a4:   44 24 04 0f af 04 24 83 c0 03 89 04 24 8b 44 24
  0x000000018000c2b4:   04 0f af 04 24 83 c0 04 89 04 24 8b 44 24 04 0f
  0x000000018000c2c4:   af 04 24 83 c0 05 89 04 24 8b 44 24 04 0f af 04
  0x000000018000c2d4:   24 83 c0 06 89 04 24 8b 44 24 04 0f af 04 24 83
  0x000000018000c2e4:   c0 07 89 04 24 8b 44 24 04 0f af 04 24 83 c0 08
  0x000000018000c2f4:   89 04 24 8b 44 24 04 0f af 04 24 83 c0 09 89 04
  0x000000018000c304:   24 8b 44 24 04 0f af 04 24 83 c0 0a 89 04 24 8b
  0x000000018000c314:   44 24 04 0f af 04 24 83 c0 0b 89 04 24 8b 44 24
  0x000000018000c324:   04 0f af 04 24 83 c0 0d 89 04 24 8b 44 24 04 0f
  0x000000018000c334:   af 04 24 83 c0 0e 89 04 24 8b 44 24 04 0f af 04
  0x000000018000c344:   24 83 c0 0f 89 04 24 8b 44 24 04 0f af 04 24 83
  0x000000018000c354:   c0 10 89 04 24 8b 44 24 04 0f af 04 24 83 c0 11
  0x000000018000c364:   89 04 24 8b 44 24 04 0f af 04 24 83 c0 12 89 04


Stack slot to memory mapping:

stack at sp + 0 slots: 0x0 is null
stack at sp + 1 slots: 0x0 is null
stack at sp + 2 slots: 0x000000000000082c is an unknown value
stack at sp + 3 slots: 0x000000018001f4c2 ASProxy64.dll
stack at sp + 4 slots: 0x0000000180065ec8 ASProxy64.dll
stack at sp + 5 slots: 0x0000000000002736 is an unknown value
stack at sp + 6 slots: 0x0000000000000001 is an unknown value
stack at sp + 7 slots: 0x00000000000007d0 is an unknown value

Lock stack of current Java thread (top to bottom):

native method entry point (kind = native)  [0x000001d76ab2cd40, 0x000001d76ab2d838]  2808 bytes
[MachCode]
  0x000001d76ab2cd40: 488b 4b08 | 0fb7 492e | 584c 8d74 | ccf8 6800 | 0000 0068 | 0000 0000 | 5055 488b | ec41 5548 
  0x000001d76ab2cd60: 8b43 084c | 8d68 3848 | 8b40 0868 | 0000 0000 | 5348 8b50 | 1848 8b52 | 7048 8b12 | 5248 8b53 
  0x000001d76ab2cd80: 1048 85d2 | 7407 4881 | c2d0 0000 | 0052 488b | 5010 5249 | 8bc6 482b | c548 c1e8 | 0350 6800 
  0x000001d76ab2cda0: 0000 0068 | f7ff ffff | 41c6 87f1 | 0400 0001 | 488b 4310 | 4885 c074 | 208b 8890 | 0000 0083 
  0x000001d76ab2cdc0: c102 8988 | 9000 0000 | 2388 a400 | 0000 0f84 | b209 0000 | e9cf 0000 | 0048 8b43 | 1848 85c0 
  0x000001d76ab2cde0: 0f85 b000 | 0000 e805 | 0000 00e9 | 9900 0000 | 488b d348 | 8d44 2408 | 4c89 6dc0 | 498b cfc5 
  0x000001d76ab2ce00: f877 4989 | af38 0400 | 0049 8987 | 2804 0000 | 4883 ec20 | 40f6 c40f | 0f84 1900 | 0000 4883 
  0x000001d76ab2ce20: ec08 48b8 | 00e9 467c | ff7f 0000 | ffd0 4883 | c408 e90c | 0000 0048 | b800 e946 | 7cff 7f00 
  0x000001d76ab2ce40: 00ff d048 | 83c4 2049 | c787 2804 | 0000 0000 | 0000 49c7 | 8738 0400 | 0000 0000 | 0049 c787 
  0x000001d76ab2ce60: 3004 0000 | 0000 0000 | c5f8 7749 | 837f 0800 | 0f84 0500 | 0000 e965 | 43ff ff4c | 8b6d c04c 
  0x000001d76ab2ce80: 8b75 c84e | 8d74 f500 | c348 8b43 | 1848 85c0 | 0f84 1200 | 0000 8b48 | 0883 c102 | 8948 0823 
  0x000001d76ab2cea0: 482c 0f84 | de08 0000 | 493b a770 | 0500 000f | 8748 0000 | 0089 8424 | 00f0 ffff | 8984 2400 
  0x000001d76ab2cec0: e0ff ff89 | 8424 00d0 | ffff 8984 | 2400 c0ff | ff89 8424 | 00b0 ffff | 8984 2400 | a0ff ff89 
  0x000001d76ab2cee0: 8424 0090 | ffff 8984 | 2400 80ff | ff49 3ba7 | 6805 0000 | 7607 4989 | a770 0500 | 0041 c687 
  0x000001d76ab2cf00: f104 0000 | 0048 8b5d | e84c 8b5b | 0845 0fb7 | 5b2e 41c1 | e303 492b | e348 83ec | 2048 83e4 
  0x000001d76ab2cf20: f04c 8b5b | 784d 85db | 0f85 ab00 | 0000 e805 | 0000 00e9 | 9900 0000 | 488b d348 | 8d44 2408 
  0x000001d76ab2cf40: 4c89 6dc0 | 498b cfc5 | f877 4989 | af38 0400 | 0049 8987 | 2804 0000 | 4883 ec20 | 40f6 c40f 
  0x000001d76ab2cf60: 0f84 1900 | 0000 4883 | ec08 48b8 | 3012 477c | ff7f 0000 | ffd0 4883 | c408 e90c | 0000 0048 
  0x000001d76ab2cf80: b830 1247 | 7cff 7f00 | 00ff d048 | 83c4 2049 | c787 2804 | 0000 0000 | 0000 49c7 | 8738 0400 
  0x000001d76ab2cfa0: 0000 0000 | 0049 c787 | 3004 0000 | 0000 0000 | c5f8 7749 | 837f 0800 | 0f84 0500 | 0000 e91d 
  0x000001d76ab2cfc0: 42ff ff4c | 8b6d c04c | 8b75 c84e | 8d74 f500 | c348 8b5d | e84c 8b5b | 7841 ffd3 | 488b 5de8 
  0x000001d76ab2cfe0: 4889 4518 | 440f b75b | 2c41 f6c3 | 080f 841b | 0000 004c | 8b5b 084d | 8b5b 084d | 8b5b 184d 
  0x000001d76ab2d000: 8b5b 704d | 8b1b 4c89 | 5d10 488d | 5510 488b | 4370 49ba | 8096 827c | ff7f 0000 | 493b c20f 
  0x000001d76ab2d020: 85ab 0000 | 00e8 0500 | 0000 e999 | 0000 0048 | 8bd3 488d | 4424 084c | 896d c049 | 8bcf c5f8 
  0x000001d76ab2d040: 7749 89af | 3804 0000 | 4989 8728 | 0400 0048 | 83ec 2040 | f6c4 0f0f | 8419 0000 | 0048 83ec 
  0x000001d76ab2d060: 0848 b830 | 1247 7cff | 7f00 00ff | d048 83c4 | 08e9 0c00 | 0000 48b8 | 3012 477c | ff7f 0000 
  0x000001d76ab2d080: ffd0 4883 | c420 49c7 | 8728 0400 | 0000 0000 | 0049 c787 | 3804 0000 | 0000 0000 | 49c7 8730 
  0x000001d76ab2d0a0: 0400 0000 | 0000 00c5 | f877 4983 | 7f08 000f | 8405 0000 | 00e9 2641 | ffff 4c8b | 6dc0 4c8b 
  0x000001d76ab2d0c0: 75c8 4e8d | 74f5 00c3 | 488b 5de8 | 488b 4370 | 498d 8f48 | 0400 004c | 8d15 d500 | 0000 4d89 
  0x000001d76ab2d0e0: 9730 0400 | 00c5 f877 | 4989 af38 | 0400 0049 | 89a7 2804 | 0000 41c7 | 87d4 0400 | 0004 0000 
  0x000001d76ab2d100: 0049 3ba7 | c805 0000 | 7607 4989 | a7c8 0500 | 00ff d049 | 3ba7 c805 | 0000 720b | 49c7 87c8 
  0x000001d76ab2d120: 0500 0000 | 0000 00c5 | f877 4883 | ec10 c5fb | 1104 2448 | 83ec 1048 | 8904 2448 | c744 2408 
  0x000001d76ab2d140: 0000 0000 | 41c7 87d4 | 0400 0005 | 0000 00f0 | 8344 24c0 | 0049 3b6f | 280f 870e | 0000 0041 
  0x000001d76ab2d160: 83bf d004 | 0000 000f | 8420 0000 | 0049 8bcf | 4c8b e448 | 83ec 2048 | 83e4 f048 | b810 7c48 
  0x000001d76ab2d180: 7cff 7f00 | 00ff d049 | 8be4 4d33 | e441 c787 | d404 0000 | 0800 0000 | 4d8b 97f0 | 0500 0049 
  0x000001d76ab2d1a0: 83fa 0074 | 3549 c787 | f005 0000 | 0000 0000 | 41ff e249 | ba00 beb2 | 6ad7 0100 | 0041 ffd2 
  0x000001d76ab2d1c0: 4883 ec10 | c5fb 1104 | 2448 83ec | 1048 8904 | 2448 c744 | 2408 0000 | 0000 49c7 | 8728 0400 
  0x000001d76ab2d1e0: 0000 0000 | 0049 c787 | 3804 0000 | 0000 0000 | 49c7 8730 | 0400 0000 | 0000 00c5 | f877 4d8b 
  0x000001d76ab2d200: 9fb8 0400 | 0041 c783 | 0001 0000 | 0000 0000 | 49bb faa6 | b26a d701 | 0000 4c3b | 5d18 0f85 
  0x000001d76ab2d220: 5501 0000 | 488b 0424 | 4883 c410 | 4885 c00f | 842f 0100 | 00a8 030f | 8508 0000 | 0048 8b00 
  0x000001d76ab2d240: e91f 0100 | 00a8 010f | 8509 0000 | 0048 8b40 | fee9 0e01 | 0000 488b | 40ff 4180 | 7f48 000f 
  0x000001d76ab2d260: 84ff 0000 | 0048 83f8 | 000f 84f5 | 0000 004d | 8b5f 384d | 85db 0f84 | 1400 0000 | 4983 eb08 
  0x000001d76ab2d280: 4d89 5f38 | 4d03 5f40 | 4989 03e9 | d400 0000 | 4883 ec70 | 4889 0424 | 4889 4c24 | 0848 8954 
  0x000001d76ab2d2a0: 2410 4c89 | 4424 184c | 894c 2420 | 4c89 5424 | 284c 895c | 2430 c5fb | 1144 2440 | c5fb 114c 
  0x000001d76ab2d2c0: 2448 c5fb | 1154 2450 | c5fb 115c | 2458 c5fb | 1164 2460 | c5fb 116c | 2468 498b | d748 8bc8 
  0x000001d76ab2d2e0: 4883 ec20 | 40f6 c40f | 0f84 1900 | 0000 4883 | ec08 48b8 | d0f1 3a7c | ff7f 0000 | ffd0 4883 
  0x000001d76ab2d300: c408 e90c | 0000 0048 | b8d0 f13a | 7cff 7f00 | 00ff d048 | 83c4 20c5 | fb10 6c24 | 68c5 fb10 
  0x000001d76ab2d320: 6424 60c5 | fb10 5c24 | 58c5 fb10 | 5424 50c5 | fb10 4c24 | 48c5 fb10 | 4424 404c | 8b5c 2430 
  0x000001d76ab2d340: 4c8b 5424 | 284c 8b4c | 2420 4c8b | 4424 1848 | 8b54 2410 | 488b 4c24 | 0848 8b04 | 2448 83c4 
  0x000001d76ab2d360: 70c5 f877 | 4889 4510 | 4883 ec10 | 4889 0424 | 48c7 4424 | 0800 0000 | 0041 83bf | 5005 0000 
  0x000001d76ab2d380: 020f 85bf | 0000 0048 | 81ec 8000 | 0000 4889 | 4424 7848 | 894c 2470 | 4889 5424 | 6848 895c 
  0x000001d76ab2d3a0: 2460 4889 | 6c24 5048 | 8974 2448 | 4889 7c24 | 404c 8944 | 2438 4c89 | 4c24 304c | 8954 2428 
  0x000001d76ab2d3c0: 4c89 5c24 | 204c 8964 | 2418 4c89 | 6c24 104c | 8974 2408 | 4c89 3c24 | 4c8b e448 | 83ec 2048 
  0x000001d76ab2d3e0: 83e4 f048 | b800 7e82 | 7cff 7f00 | 00ff d049 | 8be4 4c8b | 3c24 4c8b | 7424 084c | 8b6c 2410 
  0x000001d76ab2d400: 4c8b 6424 | 184c 8b5c | 2420 4c8b | 5424 284c | 8b4c 2430 | 4c8b 4424 | 3848 8b7c | 2440 488b 
  0x000001d76ab2d420: 7424 4848 | 8b6c 2450 | 488b 5c24 | 6048 8b54 | 2468 488b | 4c24 7048 | 8b44 2478 | 4881 c480 
  0x000001d76ab2d440: 0000 004d | 33e4 488b | 5de8 4c8b | 6b08 4d8d | 6d38 4983 | 7f08 000f | 84bb 0000 | 00e8 0500 
  0x000001d76ab2d460: 0000 e996 | 0000 0048 | 8d44 2408 | 4c89 6dc0 | 498b cfc5 | f877 4989 | af38 0400 | 0049 8987 
  0x000001d76ab2d480: 2804 0000 | 4883 ec20 | 40f6 c40f | 0f84 1900 | 0000 4883 | ec08 48b8 | d030 477c | ff7f 0000 
  0x000001d76ab2d4a0: ffd0 4883 | c408 e90c | 0000 0048 | b8d0 3047 | 7cff 7f00 | 00ff d048 | 83c4 2049 | c787 2804 
  0x000001d76ab2d4c0: 0000 0000 | 0000 49c7 | 8738 0400 | 0000 0000 | 0049 c787 | 3004 0000 | 0000 0000 | c5f8 7749 
  0x000001d76ab2d4e0: 837f 0800 | 0f84 0500 | 0000 e9f1 | 3cff ff4c | 8b6d c04c | 8b75 c84e | 8d74 f500 | c348 b9b8 
  0x000001d76ab2d500: a1af 7cff | 7f00 0048 | 83e4 f048 | b800 dc6e | 7cff 7f00 | 00ff d0f4 | 440f b75b | 2c41 f6c3 
  0x000001d76ab2d520: 200f 8472 | 0100 0048 | 8d55 a84c | 8b5a 084d | 85db 0f85 | bb00 0000 | e805 0000 | 00e9 9600 
  0x000001d76ab2d540: 0000 488d | 4424 084c | 896d c049 | 8bcf c5f8 | 7749 89af | 3804 0000 | 4989 8728 | 0400 0048 
  0x000001d76ab2d560: 83ec 2040 | f6c4 0f0f | 8419 0000 | 0048 83ec | 0848 b800 | 3047 7cff | 7f00 00ff | d048 83c4 
  0x000001d76ab2d580: 08e9 0c00 | 0000 48b8 | 0030 477c | ff7f 0000 | ffd0 4883 | c420 49c7 | 8728 0400 | 0000 0000 
  0x000001d76ab2d5a0: 0049 c787 | 3804 0000 | 0000 0000 | 49c7 8730 | 0400 0000 | 0000 00c5 | f877 4983 | 7f08 000f 
  0x000001d76ab2d5c0: 8405 0000 | 00e9 163c | ffff 4c8b | 6dc0 4c8b | 75c8 4e8d | 74f5 00c3 | 48b9 b8a1 | af7c ff7f 
  0x000001d76ab2d5e0: 0000 4883 | e4f0 48b8 | 00dc 6e7c | ff7f 0000 | ffd0 f44c | 896d c04c | 8b4a 0848 | c742 0800 
  0x000001d76ab2d600: 0000 0045 | 8b87 e006 | 0000 4f3b | 4c07 f80f | 8542 0000 | 0041 83af | e006 0000 | 084f 3b4c 
  0x000001d76ab2d620: 07f0 0f84 | 2a00 0000 | 498b 01a8 | 020f 8512 | 0000 004c | 8bc0 4983 | c801 f04d | 0fb1 010f 
  0x000001d76ab2d640: 840d 0000 | 0041 8387 | e006 0000 | 08e9 0500 | 0000 e93e | 0000 004c | 894a 0848 | 8bca 4883 
  0x000001d76ab2d660: ec20 40f6 | c40f 0f84 | 1900 0000 | 4883 ec08 | 48b8 1002 | 477c ff7f | 0000 ffd0 | 4883 c408 
  0x000001d76ab2d680: e90c 0000 | 0048 b810 | 0247 7cff | 7f00 00ff | d048 83c4 | 204c 8b6d | c041 c687 | 9603 0000 
  0x000001d76ab2d6a0: 0149 3b6f | 280f 8705 | 0000 00e9 | ab00 0000 | 4883 ec10 | c5fb 1104 | 2448 83ec | 1048 8904 
  0x000001d76ab2d6c0: 2448 c744 | 2408 0000 | 0000 c5f8 | 7749 89af | 3804 0000 | 49ba cad6 | b26a d701 | 0000 4d89 
  0x000001d76ab2d6e0: 9730 0400 | 0049 89a7 | 2804 0000 | 498b cf48 | 83ec 2040 | f6c4 0f0f | 8419 0000 | 0048 83ec 
  0x000001d76ab2d700: 0848 b890 | e846 7cff | 7f00 00ff | d048 83c4 | 08e9 0c00 | 0000 48b8 | 90e8 467c | ff7f 0000 
  0x000001d76ab2d720: ffd0 4883 | c420 49c7 | 8728 0400 | 0000 0000 | 0049 c787 | 3804 0000 | 0000 0000 | 49c7 8730 
  0x000001d76ab2d740: 0400 0000 | 0000 00c5 | f877 488b | 0424 4883 | c410 c5fb | 1004 2448 | 83c4 1048 | 8b04 2448 
  0x000001d76ab2d760: 83c4 10c5 | fb10 0424 | 4883 c410 | 4c8b 5d18 | 41ff d34c | 8b5d f8c9 | 41c6 8796 | 0300 0000 
  0x000001d76ab2d780: 5f49 8be3 | ffe7 ba00 | 0000 00e8 | 0500 0000 | e996 0000 | 0048 8d44 | 2408 4c89 | 6dc0 498b 
  0x000001d76ab2d7a0: cfc5 f877 | 4989 af38 | 0400 0049 | 8987 2804 | 0000 4883 | ec20 40f6 | c40f 0f84 | 1900 0000 
  0x000001d76ab2d7c0: 4883 ec08 | 48b8 e0f7 | 467c ff7f | 0000 ffd0 | 4883 c408 | e90c 0000 | 0048 b8e0 | f746 7cff 
  0x000001d76ab2d7e0: 7f00 00ff | d048 83c4 | 2049 c787 | 2804 0000 | 0000 0000 | 49c7 8738 | 0400 0000 | 0000 0049 
  0x000001d76ab2d800: c787 3004 | 0000 0000 | 0000 c5f8 | 7749 837f | 0800 0f84 | 0500 0000 | e9c3 39ff | ff4c 8b6d 
  0x000001d76ab2d820: c04c 8b75 | c84e 8d74 | f500 c348 | 8b5d e8e9 | 74f6 ffff | 0f1f 4000 
[/MachCode]

---------------  P R O C E S S  ---------------

Threads class SMR info:
_java_thread_list=0x000001d77ba3ee20, length=14, elements={
0x000001d75dd7b2e0, 0x000001d77582a4d0, 0x000001d775863310, 0x000001d77583a7b0,
0x000001d775847460, 0x000001d775868510, 0x000001d775869da0, 0x000001d77586a960,
0x000001d77587b410, 0x000001d77587e030, 0x000001d775b29e70, 0x000001d77b686470,
0x000001d775bafc30, 0x000001d775bb34a0
}

Java Threads: ( => current thread )
=>0x000001d75dd7b2e0 JavaThread "main"                              [_thread_in_native, id=35000, stack(0x0000002095000000,0x0000002095100000) (1024K)]
  0x000001d77582a4d0 JavaThread "Common-Cleaner"             daemon [_thread_blocked, id=39504, stack(0x0000002095800000,0x0000002095900000) (1024K)]
  0x000001d775863310 JavaThread "Reference Handler"          daemon [_thread_blocked, id=34096, stack(0x0000002095900000,0x0000002095a00000) (1024K)]
  0x000001d77583a7b0 JavaThread "Finalizer"                  daemon [_thread_blocked, id=37564, stack(0x0000002095a00000,0x0000002095b00000) (1024K)]
  0x000001d775847460 JavaThread "Signal Dispatcher"          daemon [_thread_blocked, id=43856, stack(0x0000002095b00000,0x0000002095c00000) (1024K)]
  0x000001d775868510 JavaThread "Attach Listener"            daemon [_thread_blocked, id=43768, stack(0x0000002095c00000,0x0000002095d00000) (1024K)]
  0x000001d775869da0 JavaThread "Service Thread"             daemon [_thread_blocked, id=41916, stack(0x0000002095d00000,0x0000002095e00000) (1024K)]
  0x000001d77586a960 JavaThread "Monitor Deflation Thread"   daemon [_thread_blocked, id=43656, stack(0x0000002095e00000,0x0000002095f00000) (1024K)]
  0x000001d77587b410 JavaThread "C2 CompilerThread0"         daemon [_thread_blocked, id=20908, stack(0x0000002095f00000,0x0000002096000000) (1024K)]
  0x000001d77587e030 JavaThread "C1 CompilerThread0"         daemon [_thread_blocked, id=39856, stack(0x0000002096000000,0x0000002096100000) (1024K)]
  0x000001d775b29e70 JavaThread "Notification Thread"        daemon [_thread_blocked, id=37840, stack(0x0000002096100000,0x0000002096200000) (1024K)]
  0x000001d77b686470 JavaThread "pool-1-thread-1"                   [_thread_blocked, id=37576, stack(0x0000002097680000,0x0000002097780000) (1024K)]
  0x000001d775bafc30 JavaThread "C2 CompilerThread1"         daemon [_thread_blocked, id=40096, stack(0x0000002097480000,0x0000002097580000) (1024K)]
  0x000001d775bb34a0 JavaThread "C2 CompilerThread2"         daemon [_thread_blocked, id=38124, stack(0x0000002097980000,0x0000002097a80000) (1024K)]
Total: 14

Other Threads:
  0x000001d7601b6780 VMThread "VM Thread"                           [id=21500, stack(0x0000002095700000,0x0000002095800000) (1024K)]
  0x000001d7757fda20 WatcherThread "VM Periodic Task Thread"        [id=42608, stack(0x0000002095600000,0x0000002095700000) (1024K)]
  0x000001d760125f10 WorkerThread "GC Thread#0"                     [id=36340, stack(0x0000002095100000,0x0000002095200000) (1024K)]
  0x000001d77a9d0200 WorkerThread "GC Thread#1"                     [id=39840, stack(0x0000002097080000,0x0000002097180000) (1024K)]
  0x000001d77a988d40 WorkerThread "GC Thread#2"                     [id=42876, stack(0x0000002097180000,0x0000002097280000) (1024K)]
  0x000001d77a989170 WorkerThread "GC Thread#3"                     [id=41436, stack(0x0000002097280000,0x0000002097380000) (1024K)]
  0x000001d77aa451b0 WorkerThread "GC Thread#4"                     [id=32916, stack(0x0000002097380000,0x0000002097480000) (1024K)]
  0x000001d77adf2a90 WorkerThread "GC Thread#5"                     [id=40816, stack(0x0000002097580000,0x0000002097680000) (1024K)]
  0x000001d77b67ef00 WorkerThread "GC Thread#6"                     [id=43284, stack(0x0000002097780000,0x0000002097880000) (1024K)]
  0x000001d77b67cc80 WorkerThread "GC Thread#7"                     [id=34508, stack(0x0000002097880000,0x0000002097980000) (1024K)]
  0x000001d7601279e0 ConcurrentGCThread "G1 Main Marker"            [id=29000, stack(0x0000002095200000,0x0000002095300000) (1024K)]
  0x000001d760129260 WorkerThread "G1 Conc#0"                       [id=21716, stack(0x0000002095300000,0x0000002095400000) (1024K)]
  0x000001d76017b6a0 ConcurrentGCThread "G1 Refine#0"               [id=38864, stack(0x0000002095400000,0x0000002095500000) (1024K)]
  0x000001d76017d0c0 ConcurrentGCThread "G1 Service"                [id=34776, stack(0x0000002095500000,0x0000002095600000) (1024K)]
Total: 14

Threads with active compile tasks:
Total: 0

VM state: not at safepoint (normal execution)

VM Mutex/Monitor currently owned by a thread: None

Heap address: 0x00000000fc000000, size: 64 MB, Compressed Oops mode: 32-bit

CDS archive(s) not mapped
Compressed class space mapped at: 0x000000001e000000-0x000000005e000000, reserved size: 1073741824
UseCompressedClassPointers 1, UseCompactObjectHeaders 0
Narrow klass pointer bits 32, Max shift 3
Narrow klass base: 0x0000000000000000, Narrow klass shift: 0
Encoding Range: [0x0000000000000000 - 0x0000000100000000), (4294967296 bytes)
Klass Range:    [0x000000001e000000 - 0x000000005e000000), (1073741824 bytes)
Klass ID Range:  [503316480 - 1577058297) (1073741817)
No protection zone.

GC Precious Log:
 CardTable entry size: 512
 Card Set container configuration: InlinePtr #cards 5 size 8 Array Of Cards #cards 10 size 36 Howl #buckets 4 coarsen threshold 1843 Howl Bitmap #cards 512 size 80 coarsen threshold 460 Card regions per heap region 1 cards per card region 2048
 CPUs: 12 total, 12 available
 Memory: 32564M
 Large Page Support: Disabled
 NUMA Support: Disabled
 Compressed Oops: Enabled (32-bit)
 Heap Region Size: 1M
 Heap Min Capacity: 64M
 Heap Initial Capacity: 64M
 Heap Max Capacity: 64M
 Pre-touch: Disabled
 Parallel Workers: 10
 Concurrent Workers: 3
 Concurrent Refinement Workers: 10
 Periodic GC: Disabled

Heap:
 garbage-first heap   total reserved 65536K, committed 65536K, used 15609K [0x00000000fc000000, 0x0000000100000000)
  region size 1024K, 7 young (7168K), 2 survivors (2048K)

Heap Regions: E=young(eden), S=young(survivor), O=old, HS=humongous(starts), HC=humongous(continues), CS=collection set, F=free, TAMS=top-at-mark-start, PB=parsable bottom
|   0|0x00000000fc000000, 0x00000000fc100000, 0x00000000fc100000|100%|HS|  |TAMS 0x00000000fc000000| PB 0x00000000fc000000| Complete |  0
|   1|0x00000000fc100000, 0x00000000fc200000, 0x00000000fc200000|100%|HC|  |TAMS 0x00000000fc100000| PB 0x00000000fc100000| Complete |  0
|   2|0x00000000fc200000, 0x00000000fc300000, 0x00000000fc300000|100%|HC|  |TAMS 0x00000000fc200000| PB 0x00000000fc200000| Complete |  0
|   3|0x00000000fc300000, 0x00000000fc400000, 0x00000000fc400000|100%| O|  |TAMS 0x00000000fc300000| PB 0x00000000fc300000| Untracked |  0
|   4|0x00000000fc400000, 0x00000000fc500000, 0x00000000fc500000|100%| O|  |TAMS 0x00000000fc400000| PB 0x00000000fc400000| Untracked |  0
|   5|0x00000000fc500000, 0x00000000fc600000, 0x00000000fc600000|100%| O|  |TAMS 0x00000000fc500000| PB 0x00000000fc500000| Untracked |  0
|   6|0x00000000fc600000, 0x00000000fc700000, 0x00000000fc700000|100%| O|  |TAMS 0x00000000fc600000| PB 0x00000000fc600000| Untracked |  0
|   7|0x00000000fc700000, 0x00000000fc800000, 0x00000000fc800000|100%| O|  |TAMS 0x00000000fc700000| PB 0x00000000fc700000| Untracked |  0
|   8|0x00000000fc800000, 0x00000000fc900000, 0x00000000fc900000|100%| O|  |TAMS 0x00000000fc800000| PB 0x00000000fc800000| Untracked |  0
|   9|0x00000000fc900000, 0x00000000fca00000, 0x00000000fca00000|100%| O|  |TAMS 0x00000000fc900000| PB 0x00000000fc900000| Untracked |  0
|  10|0x00000000fca00000, 0x00000000fca0e040, 0x00000000fcb00000|  5%| O|  |TAMS 0x00000000fca00000| PB 0x00000000fca00000| Untracked |  0
|  11|0x00000000fcb00000, 0x00000000fcb00000, 0x00000000fcc00000|  0%| F|  |TAMS 0x00000000fcb00000| PB 0x00000000fcb00000| Untracked |  0
|  12|0x00000000fcc00000, 0x00000000fcc00000, 0x00000000fcd00000|  0%| F|  |TAMS 0x00000000fcc00000| PB 0x00000000fcc00000| Untracked |  0
|  13|0x00000000fcd00000, 0x00000000fcd00000, 0x00000000fce00000|  0%| F|  |TAMS 0x00000000fcd00000| PB 0x00000000fcd00000| Untracked |  0
|  14|0x00000000fce00000, 0x00000000fce00000, 0x00000000fcf00000|  0%| F|  |TAMS 0x00000000fce00000| PB 0x00000000fce00000| Untracked |  0
|  15|0x00000000fcf00000, 0x00000000fcf00000, 0x00000000fd000000|  0%| F|  |TAMS 0x00000000fcf00000| PB 0x00000000fcf00000| Untracked |  0
|  16|0x00000000fd000000, 0x00000000fd000000, 0x00000000fd100000|  0%| F|  |TAMS 0x00000000fd000000| PB 0x00000000fd000000| Untracked |  0
|  17|0x00000000fd100000, 0x00000000fd100000, 0x00000000fd200000|  0%| F|  |TAMS 0x00000000fd100000| PB 0x00000000fd100000| Untracked |  0
|  18|0x00000000fd200000, 0x00000000fd200000, 0x00000000fd300000|  0%| F|  |TAMS 0x00000000fd200000| PB 0x00000000fd200000| Untracked |  0
|  19|0x00000000fd300000, 0x00000000fd300000, 0x00000000fd400000|  0%| F|  |TAMS 0x00000000fd300000| PB 0x00000000fd300000| Untracked |  0
|  20|0x00000000fd400000, 0x00000000fd400000, 0x00000000fd500000|  0%| F|  |TAMS 0x00000000fd400000| PB 0x00000000fd400000| Untracked |  0
|  21|0x00000000fd500000, 0x00000000fd500000, 0x00000000fd600000|  0%| F|  |TAMS 0x00000000fd500000| PB 0x00000000fd500000| Untracked |  0
|  22|0x00000000fd600000, 0x00000000fd600000, 0x00000000fd700000|  0%| F|  |TAMS 0x00000000fd600000| PB 0x00000000fd600000| Untracked |  0
|  23|0x00000000fd700000, 0x00000000fd700000, 0x00000000fd800000|  0%| F|  |TAMS 0x00000000fd700000| PB 0x00000000fd700000| Untracked |  0
|  24|0x00000000fd800000, 0x00000000fd800000, 0x00000000fd900000|  0%| F|  |TAMS 0x00000000fd800000| PB 0x00000000fd800000| Untracked |  0
|  25|0x00000000fd900000, 0x00000000fd900000, 0x00000000fda00000|  0%| F|  |TAMS 0x00000000fd900000| PB 0x00000000fd900000| Untracked |  0
|  26|0x00000000fda00000, 0x00000000fda00000, 0x00000000fdb00000|  0%| F|  |TAMS 0x00000000fda00000| PB 0x00000000fda00000| Untracked |  0
|  27|0x00000000fdb00000, 0x00000000fdb00000, 0x00000000fdc00000|  0%| F|  |TAMS 0x00000000fdb00000| PB 0x00000000fdb00000| Untracked |  0
|  28|0x00000000fdc00000, 0x00000000fdc00000, 0x00000000fdd00000|  0%| F|  |TAMS 0x00000000fdc00000| PB 0x00000000fdc00000| Untracked |  0
|  29|0x00000000fdd00000, 0x00000000fdd30510, 0x00000000fde00000| 18%| S|CS|TAMS 0x00000000fdd00000| PB 0x00000000fdd00000| Complete |  0
|  30|0x00000000fde00000, 0x00000000fde00000, 0x00000000fdf00000|  0%| F|  |TAMS 0x00000000fde00000| PB 0x00000000fde00000| Untracked |  0
|  31|0x00000000fdf00000, 0x00000000fe000000, 0x00000000fe000000|100%| S|CS|TAMS 0x00000000fdf00000| PB 0x00000000fdf00000| Complete |  0
|  32|0x00000000fe000000, 0x00000000fe000000, 0x00000000fe100000|  0%| F|  |TAMS 0x00000000fe000000| PB 0x00000000fe000000| Untracked |  0
|  33|0x00000000fe100000, 0x00000000fe100000, 0x00000000fe200000|  0%| F|  |TAMS 0x00000000fe100000| PB 0x00000000fe100000| Untracked |  0
|  34|0x00000000fe200000, 0x00000000fe200000, 0x00000000fe300000|  0%| F|  |TAMS 0x00000000fe200000| PB 0x00000000fe200000| Untracked |  0
|  35|0x00000000fe300000, 0x00000000fe300000, 0x00000000fe400000|  0%| F|  |TAMS 0x00000000fe300000| PB 0x00000000fe300000| Untracked |  0
|  36|0x00000000fe400000, 0x00000000fe400000, 0x00000000fe500000|  0%| F|  |TAMS 0x00000000fe400000| PB 0x00000000fe400000| Untracked |  0
|  37|0x00000000fe500000, 0x00000000fe500000, 0x00000000fe600000|  0%| F|  |TAMS 0x00000000fe500000| PB 0x00000000fe500000| Untracked |  0
|  38|0x00000000fe600000, 0x00000000fe600000, 0x00000000fe700000|  0%| F|  |TAMS 0x00000000fe600000| PB 0x00000000fe600000| Untracked |  0
|  39|0x00000000fe700000, 0x00000000fe700000, 0x00000000fe800000|  0%| F|  |TAMS 0x00000000fe700000| PB 0x00000000fe700000| Untracked |  0
|  40|0x00000000fe800000, 0x00000000fe800000, 0x00000000fe900000|  0%| F|  |TAMS 0x00000000fe800000| PB 0x00000000fe800000| Untracked |  0
|  41|0x00000000fe900000, 0x00000000fe900000, 0x00000000fea00000|  0%| F|  |TAMS 0x00000000fe900000| PB 0x00000000fe900000| Untracked |  0
|  42|0x00000000fea00000, 0x00000000fea00000, 0x00000000feb00000|  0%| F|  |TAMS 0x00000000fea00000| PB 0x00000000fea00000| Untracked |  0
|  43|0x00000000feb00000, 0x00000000feb00000, 0x00000000fec00000|  0%| F|  |TAMS 0x00000000feb00000| PB 0x00000000feb00000| Untracked |  0
|  44|0x00000000fec00000, 0x00000000fec00000, 0x00000000fed00000|  0%| F|  |TAMS 0x00000000fec00000| PB 0x00000000fec00000| Untracked |  0
|  45|0x00000000fed00000, 0x00000000fed00000, 0x00000000fee00000|  0%| F|  |TAMS 0x00000000fed00000| PB 0x00000000fed00000| Untracked |  0
|  46|0x00000000fee00000, 0x00000000fee00000, 0x00000000fef00000|  0%| F|  |TAMS 0x00000000fee00000| PB 0x00000000fee00000| Untracked |  0
|  47|0x00000000fef00000, 0x00000000fef00000, 0x00000000ff000000|  0%| F|  |TAMS 0x00000000fef00000| PB 0x00000000fef00000| Untracked |  0
|  48|0x00000000ff000000, 0x00000000ff000000, 0x00000000ff100000|  0%| F|  |TAMS 0x00000000ff000000| PB 0x00000000ff000000| Untracked |  0
|  49|0x00000000ff100000, 0x00000000ff100000, 0x00000000ff200000|  0%| F|  |TAMS 0x00000000ff100000| PB 0x00000000ff100000| Untracked |  0
|  50|0x00000000ff200000, 0x00000000ff200000, 0x00000000ff300000|  0%| F|  |TAMS 0x00000000ff200000| PB 0x00000000ff200000| Untracked |  0
|  51|0x00000000ff300000, 0x00000000ff300000, 0x00000000ff400000|  0%| F|  |TAMS 0x00000000ff300000| PB 0x00000000ff300000| Untracked |  0
|  52|0x00000000ff400000, 0x00000000ff400000, 0x00000000ff500000|  0%| F|  |TAMS 0x00000000ff400000| PB 0x00000000ff400000| Untracked |  0
|  53|0x00000000ff500000, 0x00000000ff500000, 0x00000000ff600000|  0%| F|  |TAMS 0x00000000ff500000| PB 0x00000000ff500000| Untracked |  0
|  54|0x00000000ff600000, 0x00000000ff600000, 0x00000000ff700000|  0%| F|  |TAMS 0x00000000ff600000| PB 0x00000000ff600000| Untracked |  0
|  55|0x00000000ff700000, 0x00000000ff700000, 0x00000000ff800000|  0%| F|  |TAMS 0x00000000ff700000| PB 0x00000000ff700000| Untracked |  0
|  56|0x00000000ff800000, 0x00000000ff800000, 0x00000000ff900000|  0%| F|  |TAMS 0x00000000ff800000| PB 0x00000000ff800000| Untracked |  0
|  57|0x00000000ff900000, 0x00000000ff900000, 0x00000000ffa00000|  0%| F|  |TAMS 0x00000000ff900000| PB 0x00000000ff900000| Untracked |  0
|  58|0x00000000ffa00000, 0x00000000ffa00000, 0x00000000ffb00000|  0%| F|  |TAMS 0x00000000ffa00000| PB 0x00000000ffa00000| Untracked |  0
|  59|0x00000000ffb00000, 0x00000000ffc00000, 0x00000000ffc00000|100%| E|  |TAMS 0x00000000ffb00000| PB 0x00000000ffb00000| Complete |  0
|  60|0x00000000ffc00000, 0x00000000ffd00000, 0x00000000ffd00000|100%| E|CS|TAMS 0x00000000ffc00000| PB 0x00000000ffc00000| Complete |  0
|  61|0x00000000ffd00000, 0x00000000ffe00000, 0x00000000ffe00000|100%| E|CS|TAMS 0x00000000ffd00000| PB 0x00000000ffd00000| Complete |  0
|  62|0x00000000ffe00000, 0x00000000fff00000, 0x00000000fff00000|100%| E|CS|TAMS 0x00000000ffe00000| PB 0x00000000ffe00000| Complete |  0
|  63|0x00000000fff00000, 0x0000000100000000, 0x0000000100000000|100%| E|CS|TAMS 0x00000000fff00000| PB 0x00000000fff00000| Complete |  0

Card table byte_map: [0x000001d75f860000,0x000001d75f880000] _byte_map_base: 0x000001d75f080000

Marking Bits: (CMBitMap*) 0x000001d7601264a0
 Bits: [0x000001d772b40000, 0x000001d772c40000)

Polling page: 0x000001d75dd10000

Metaspace:
Metaspace        used 19775K, committed 20032K, reserved 1114112K
 class space     used 2420K, committed 2560K, reserved 1048576K

Usage:
  Non-class:     16.95 MB used.
      Class:      2.36 MB used.
       Both:     19.31 MB used.

Virtual space:
  Non-class space:       64.00 MB reserved,      17.06 MB ( 27%) committed,  1 nodes.
      Class space:        1.00 GB reserved,       2.50 MB ( <1%) committed,  1 nodes.
             Both:        1.06 GB reserved,      19.56 MB (  2%) committed. 

Chunk freelists:
   Non-Class:  14.56 MB
       Class:  13.55 MB
        Both:  28.11 MB

MaxMetaspaceSize: unlimited
CompressedClassSpaceSize: 1.00 GB
Initial GC threshold: 21.00 MB
Current GC threshold: 21.00 MB
CDS: off
 - commit_granule_bytes: 65536.
 - commit_granule_words: 8192.
 - virtual_space_node_default_size: 8388608.
 - enlarge_chunks_in_place: 1.
UseCompressedClassPointers 1, UseCompactObjectHeaders 0
Narrow klass pointer bits 32, Max shift 3
Narrow klass base: 0x0000000000000000, Narrow klass shift: 0
Encoding Range: [0x0000000000000000 - 0x0000000100000000), (4294967296 bytes)
Klass Range:    [0x000000001e000000 - 0x000000005e000000), (1073741824 bytes)
Klass ID Range:  [503316480 - 1577058297) (1073741817)
No protection zone.


Internal statistics:

num_allocs_failed_limit: 0.
num_arena_births: 258.
num_arena_deaths: 0.
num_vsnodes_births: 2.
num_vsnodes_deaths: 0.
num_space_committed: 313.
num_space_uncommitted: 0.
num_chunks_returned_to_freelist: 0.
num_chunks_taken_from_freelist: 555.
num_chunk_merges: 0.
num_chunk_splits: 373.
num_chunks_enlarged: 278.
num_inconsistent_stats: 0.

CodeHeap 'non-profiled nmethods': size=120064Kb used=843Kb max_used=843Kb free=119221Kb
 bounds [0x000001d76b0b0000, 0x000001d76b320000, 0x000001d7725f0000]
CodeHeap 'profiled nmethods': size=120000Kb used=2936Kb max_used=2936Kb free=117063Kb
 bounds [0x000001d7635f0000, 0x000001d7638d0000, 0x000001d76ab20000]
CodeHeap 'non-nmethods': size=5696Kb used=1372Kb max_used=1390Kb free=4323Kb
 bounds [0x000001d76ab20000, 0x000001d76ad90000, 0x000001d76b0b0000]
CodeCache: size=245760Kb, used=5151Kb, max_used=5169Kb, free=240607Kb
 total_blobs=2652, nmethods=2130, adapters=425, full_count=0
Compilation: enabled, stopped_count=0, restarted_count=0

Compilation events (20 events):
Event: 2.239 Thread 0x000001d77587e030 2122       3       java.lang.ThreadLocal::get (8 bytes)
Event: 2.239 Thread 0x000001d77587e030 nmethod 2122 0x000001d7638c9188 code [0x000001d7638c9280, 0x000001d7638c93d0]
Event: 2.239 Thread 0x000001d77587e030 2120       3       sun.security.util.SecurityProviderConstants::getAliases (63 bytes)
Event: 2.239 Thread 0x000001d775bb34a0 nmethod 2119 0x000001d76b180008 code [0x000001d76b180100, 0x000001d76b1801f8]
Event: 2.239 Thread 0x000001d77587e030 nmethod 2120 0x000001d7638c9488 code [0x000001d7638c9580, 0x000001d7638c9fc8]
Event: 2.239 Thread 0x000001d77587e030 2121       3       jdk.internal.module.SystemModuleFinders$SystemImage::reader (4 bytes)
Event: 2.239 Thread 0x000001d77587e030 nmethod 2121 0x000001d7638ca008 code [0x000001d7638ca100, 0x000001d7638ca1f0]
Event: 2.240 Thread 0x000001d77587e030 2123       1       java.lang.reflect.Constructor::getModifiers (5 bytes)
Event: 2.240 Thread 0x000001d77587e030 nmethod 2123 0x000001d76b180308 code [0x000001d76b180400, 0x000001d76b1804c8]
Event: 2.240 Thread 0x000001d77587e030 2124       3       java.security.Provider::checkInitialized (16 bytes)
Event: 2.240 Thread 0x000001d77587e030 nmethod 2124 0x000001d7638ca308 code [0x000001d7638ca400, 0x000001d7638ca600]
Event: 2.240 Thread 0x000001d77587e030 2125       3       jdk.internal.loader.BuiltinClassLoader::moduleReaderFor (45 bytes)
Event: 2.240 Thread 0x000001d77587e030 nmethod 2125 0x000001d7638ca608 code [0x000001d7638ca700, 0x000001d7638cad58]
Event: 2.240 Thread 0x000001d77587e030 2126       3       jdk.internal.jimage.BasicImageReader::getLocationIndex (52 bytes)
Event: 2.240 Thread 0x000001d77587e030 nmethod 2126 0x000001d7638cad88 code [0x000001d7638cae80, 0x000001d7638cb358]
Event: 2.242 Thread 0x000001d77587e030 2127       3       java.lang.invoke.VarHandleGuards::guard_LII_V (135 bytes)
Event: 2.243 Thread 0x000001d775bafc30 nmethod 2100 0x000001d76b180908 code [0x000001d76b180a00, 0x000001d76b181370]
Event: 2.243 Thread 0x000001d77587e030 nmethod 2127 0x000001d7638cb388 code [0x000001d7638cb480, 0x000001d7638cddf0]
Event: 2.243 Thread 0x000001d77587e030 2128       3       java.lang.invoke.VarHandleByteArrayAsInts$ArrayHandle::set (38 bytes)
Event: 2.243 Thread 0x000001d77587e030 nmethod 2128 0x000001d7638cde08 code [0x000001d7638cdf00, 0x000001d7638ce328]

GC Heap Usage History (8 events):
Event: 0.294 {heap Before GC invocations=0 (full 0):
 garbage-first heap   total reserved 65536K, committed 65536K, used 34816K [0x00000000fc000000, 0x0000000100000000)
  region size 1024K, 34 young (34816K), 0 survivors (0K)
}
Event: 0.297 {heap After GC invocations=1 (full 0):
 garbage-first heap   total reserved 65536K, committed 65536K, used 1824K [0x00000000fc000000, 0x0000000100000000)
  region size 1024K, 2 young (2048K), 2 survivors (2048K)
}
Event: 0.562 {heap Before GC invocations=1 (full 0):
 garbage-first heap   total reserved 65536K, committed 65536K, used 34592K [0x00000000fc000000, 0x0000000100000000)
  region size 1024K, 31 young (31744K), 2 survivors (2048K)
}
Event: 0.566 {heap After GC invocations=2 (full 0):
 garbage-first heap   total reserved 65536K, committed 65536K, used 10594K [0x00000000fc000000, 0x0000000100000000)
  region size 1024K, 4 young (4096K), 4 survivors (4096K)
}
Event: 0.821 {heap Before GC invocations=2 (full 0):
 garbage-first heap   total reserved 65536K, committed 65536K, used 38242K [0x00000000fc000000, 0x0000000100000000)
  region size 1024K, 32 young (32768K), 4 survivors (4096K)
}
Event: 0.824 {heap After GC invocations=3 (full 0):
 garbage-first heap   total reserved 65536K, committed 65536K, used 11613K [0x00000000fc000000, 0x0000000100000000)
  region size 1024K, 2 young (2048K), 2 survivors (2048K)
}
Event: 0.884 {heap Before GC invocations=3 (full 0):
 garbage-first heap   total reserved 65536K, committed 65536K, used 43357K [0x00000000fc000000, 0x0000000100000000)
  region size 1024K, 33 young (33792K), 2 survivors (2048K)
}
Event: 0.886 {heap After GC invocations=4 (full 0):
 garbage-first heap   total reserved 65536K, committed 65536K, used 11513K [0x00000000fc000000, 0x0000000100000000)
  region size 1024K, 2 young (2048K), 2 survivors (2048K)
}

Metaspace Usage History (8 events):
Event: 0.294 {metaspace Before GC invocations=0 (full 0):
 Metaspace       used 8920K, committed 9024K, reserved 1114112K
  class space    used 854K, committed 896K, reserved 1048576K
}
Event: 0.297 {metaspace After GC invocations=1 (full 0):
 Metaspace       used 8920K, committed 9024K, reserved 1114112K
  class space    used 854K, committed 896K, reserved 1048576K
}
Event: 0.562 {metaspace Before GC invocations=1 (full 0):
 Metaspace       used 13145K, committed 13312K, reserved 1114112K
  class space    used 1470K, committed 1536K, reserved 1048576K
}
Event: 0.566 {metaspace After GC invocations=2 (full 0):
 Metaspace       used 13145K, committed 13312K, reserved 1114112K
  class space    used 1470K, committed 1536K, reserved 1048576K
}
Event: 0.821 {metaspace Before GC invocations=2 (full 0):
 Metaspace       used 17261K, committed 17536K, reserved 1114112K
  class space    used 2127K, committed 2240K, reserved 1048576K
}
Event: 0.824 {metaspace After GC invocations=3 (full 0):
 Metaspace       used 17261K, committed 17536K, reserved 1114112K
  class space    used 2127K, committed 2240K, reserved 1048576K
}
Event: 0.884 {metaspace Before GC invocations=3 (full 0):
 Metaspace       used 17387K, committed 17728K, reserved 1114112K
  class space    used 2144K, committed 2304K, reserved 1048576K
}
Event: 0.886 {metaspace After GC invocations=4 (full 0):
 Metaspace       used 17387K, committed 17728K, reserved 1114112K
  class space    used 2144K, committed 2304K, reserved 1048576K
}

Dll operation events (3 events):
Event: 0.007 Loaded shared library C:\Program Files\Android\Android Studio\jbr\bin\java.dll
Event: 0.010 Loaded shared library C:\Program Files\Android\Android Studio\jbr\bin\zip.dll
Event: 0.084 Loaded shared library C:\Program Files\Android\Android Studio\jbr\bin\verify.dll

Deoptimization events (20 events):
Event: 1.422 Thread 0x000001d77b807a70 DEOPT PACKING pc=0x000001d76b0ebc70 sp=0x0000002097a7e870
Event: 1.422 Thread 0x000001d77b807a70 DEOPT UNPACKING pc=0x000001d76ac38582 sp=0x0000002097a7e820 mode 2
Event: 2.223 Thread 0x000001d75dd7b2e0 Uncommon trap: trap_request=0xffffffde fr.pc=0x000001d76b1267f8 relative=0x00000000000006f8
Event: 2.223 Thread 0x000001d75dd7b2e0 Uncommon trap: reason=class_check action=maybe_recompile pc=0x000001d76b1267f8 method=java.util.HashMap.putVal(ILjava/lang/Object;Ljava/lang/Object;ZZ)Ljava/lang/Object; @ 203 c2
Event: 2.223 Thread 0x000001d75dd7b2e0 DEOPT PACKING pc=0x000001d76b1267f8 sp=0x00000020950fc320
Event: 2.223 Thread 0x000001d75dd7b2e0 DEOPT UNPACKING pc=0x000001d76ac38582 sp=0x00000020950fc228 mode 2
Event: 2.224 Thread 0x000001d75dd7b2e0 Uncommon trap: trap_request=0xffffffde fr.pc=0x000001d76b1267f8 relative=0x00000000000006f8
Event: 2.224 Thread 0x000001d75dd7b2e0 Uncommon trap: reason=class_check action=maybe_recompile pc=0x000001d76b1267f8 method=java.util.HashMap.putVal(ILjava/lang/Object;Ljava/lang/Object;ZZ)Ljava/lang/Object; @ 203 c2
Event: 2.224 Thread 0x000001d75dd7b2e0 DEOPT PACKING pc=0x000001d76b1267f8 sp=0x00000020950fc320
Event: 2.224 Thread 0x000001d75dd7b2e0 DEOPT UNPACKING pc=0x000001d76ac38582 sp=0x00000020950fc228 mode 2
Event: 2.230 Thread 0x000001d75dd7b2e0 DEOPT PACKING pc=0x000001d7638b9ae9 sp=0x00000020950fcec0
Event: 2.230 Thread 0x000001d75dd7b2e0 DEOPT UNPACKING pc=0x000001d76ab71702 sp=0x00000020950fc388 mode 0
Event: 2.233 Thread 0x000001d75dd7b2e0 Uncommon trap: trap_request=0xffffff45 fr.pc=0x000001d76b124734 relative=0x00000000000000b4
Event: 2.233 Thread 0x000001d75dd7b2e0 Uncommon trap: reason=unstable_if action=reinterpret pc=0x000001d76b124734 method=java.nio.Buffer.limit(I)Ljava/nio/Buffer; @ 42 c2
Event: 2.233 Thread 0x000001d75dd7b2e0 DEOPT PACKING pc=0x000001d76b124734 sp=0x00000020950fc980
Event: 2.233 Thread 0x000001d75dd7b2e0 DEOPT UNPACKING pc=0x000001d76ac38582 sp=0x00000020950fc908 mode 2
Event: 2.243 Thread 0x000001d75dd7b2e0 Uncommon trap: trap_request=0xffffff45 fr.pc=0x000001d76b124fb0 relative=0x00000000000001b0
Event: 2.243 Thread 0x000001d75dd7b2e0 Uncommon trap: reason=unstable_if action=reinterpret pc=0x000001d76b124fb0 method=sun.nio.fs.NativeBuffers.getNativeBufferFromCache(I)Lsun/nio/fs/NativeBuffer; @ 34 c2
Event: 2.243 Thread 0x000001d75dd7b2e0 DEOPT PACKING pc=0x000001d76b124fb0 sp=0x00000020950fde40
Event: 2.243 Thread 0x000001d75dd7b2e0 DEOPT UNPACKING pc=0x000001d76ac38582 sp=0x00000020950fddc8 mode 2

Classes loaded (20 events):
Event: 2.241 Loading class java/nio/channels/ServerSocketChannel
Event: 2.241 Loading class java/nio/channels/ServerSocketChannel done
Event: 2.241 Loading class sun/nio/ch/ServerSocketChannelImpl
Event: 2.241 Loading class sun/nio/ch/ServerSocketChannelImpl done
Event: 2.242 Loading class java/net/UnixDomainSocketAddress
Event: 2.242 Loading class java/net/UnixDomainSocketAddress done
Event: 2.242 Loading class jdk/internal/event/SocketWriteEvent
Event: 2.242 Loading class jdk/internal/event/SocketWriteEvent done
Event: 2.243 Loading class jdk/internal/event/SocketReadEvent
Event: 2.243 Loading class jdk/internal/event/SocketReadEvent done
Event: 2.243 Loading class java/nio/BufferMismatch
Event: 2.243 Loading class java/nio/BufferMismatch done
Event: 2.243 Loading class sun/nio/ch/SourceChannelImpl
Event: 2.243 Loading class java/nio/channels/Pipe$SourceChannel
Event: 2.243 Loading class java/nio/channels/Pipe$SourceChannel done
Event: 2.243 Loading class sun/nio/ch/SourceChannelImpl done
Event: 2.243 Loading class sun/nio/ch/SinkChannelImpl
Event: 2.243 Loading class java/nio/channels/Pipe$SinkChannel
Event: 2.243 Loading class java/nio/channels/Pipe$SinkChannel done
Event: 2.243 Loading class sun/nio/ch/SinkChannelImpl done

Classes unloaded (0 events):
No events

Classes redefined (0 events):
No events

Internal exceptions (20 events):
Event: 0.654 Thread 0x000001d75dd7b2e0 Exception <a 'sun/nio/fs/WindowsException'{0x00000000ffab48a0}> (0x00000000ffab48a0) 
thrown [s\src\hotspot\share\prims\jni.cpp, line 535]
Event: 0.655 Thread 0x000001d75dd7b2e0 Exception <a 'sun/nio/fs/WindowsException'{0x00000000ffaba590}> (0x00000000ffaba590) 
thrown [s\src\hotspot\share\prims\jni.cpp, line 535]
Event: 0.655 Thread 0x000001d75dd7b2e0 Exception <a 'sun/nio/fs/WindowsException'{0x00000000ffabc2f8}> (0x00000000ffabc2f8) 
thrown [s\src\hotspot\share\prims\jni.cpp, line 535]
Event: 0.655 Thread 0x000001d75dd7b2e0 Exception <a 'sun/nio/fs/WindowsException'{0x00000000ffabe618}> (0x00000000ffabe618) 
thrown [s\src\hotspot\share\prims\jni.cpp, line 535]
Event: 0.666 Thread 0x000001d75dd7b2e0 Exception <a 'java/lang/NoSuchMethodError'{0x00000000ff96dd38}: 'int java.lang.invoke.DirectMethodHandle$Holder.invokeVirtual(java.lang.Object, java.lang.Object, java.lang.Object)'> (0x00000000ff96dd38) 
thrown [s\src\hotspot\share\interpreter\linkResolver.cpp, line 815]
Event: 0.685 Thread 0x000001d75dd7b2e0 Exception <a 'java/lang/NoSuchMethodError'{0x00000000ff843020}: 'java.lang.Object java.lang.invoke.DirectMethodHandle$Holder.invokeStaticInit(java.lang.Object, java.lang.Object, int, int, int, int)'> (0x00000000ff843020) 
thrown [s\src\hotspot\share\interpreter\linkResolver.cpp, line 815]
Event: 0.691 Thread 0x000001d75dd7b2e0 Exception <a 'java/lang/NoSuchMethodError'{0x00000000ff877e60}: 'int java.lang.invoke.DirectMethodHandle$Holder.invokeStatic(java.lang.Object)'> (0x00000000ff877e60) 
thrown [s\src\hotspot\share\interpreter\linkResolver.cpp, line 815]
Event: 0.691 Thread 0x000001d75dd7b2e0 Exception <a 'java/lang/NoSuchMethodError'{0x00000000ff87bdf0}: 'int java.lang.invoke.DirectMethodHandle$Holder.invokeStaticInit(java.lang.Object)'> (0x00000000ff87bdf0) 
thrown [s\src\hotspot\share\interpreter\linkResolver.cpp, line 815]
Event: 0.705 Thread 0x000001d77b686470 Implicit null exception at 0x000001d76b0ed260 to 0x000001d76b0ed320
Event: 0.706 Thread 0x000001d75dd7b2e0 Exception <a 'java/lang/NoSuchMethodError'{0x00000000ff7965e0}: 'java.lang.Object java.lang.invoke.DirectMethodHandle$Holder.invokeVirtual(java.lang.Object, java.lang.Object, java.lang.Object, java.lang.Object, java.lang.Object, java.lang.Object)'> (0x00000000ff7965e0) 
thrown [s\src\hotspot\share\interpreter\linkResolver.cpp, line 815]
Event: 0.718 Thread 0x000001d75dd7b2e0 Exception <a 'java/lang/NoSuchMethodError'{0x00000000ff6a0388}: 'java.lang.Object java.lang.invoke.DirectMethodHandle$Holder.invokeVirtual(java.lang.Object, java.lang.Object, java.lang.Object, java.lang.Object, java.lang.Object)'> (0x00000000ff6a0388) 
thrown [s\src\hotspot\share\interpreter\linkResolver.cpp, line 815]
Event: 0.719 Thread 0x000001d75dd7b2e0 Exception <a 'java/lang/NoSuchMethodError'{0x00000000ff6cc460}: 'java.lang.Object java.lang.invoke.Invokers$Holder.invokeExact_MT(java.lang.Object, java.lang.Object, java.lang.Object, java.lang.Object, java.lang.Object, java.lang.Object)'> (0x00000000ff6cc460) 
thrown [s\src\hotspot\share\interpreter\linkResolver.cpp, line 815]
Event: 0.730 Thread 0x000001d75dd7b2e0 Exception <a 'java/lang/NoSuchMethodError'{0x00000000ff5d5f08}: 'java.lang.Object java.lang.invoke.DirectMethodHandle$Holder.invokeSpecialIFC(java.lang.Object, java.lang.Object, java.lang.Object, java.lang.Object)'> (0x00000000ff5d5f08) 
thrown [s\src\hotspot\share\interpreter\linkResolver.cpp, line 815]
Event: 0.731 Thread 0x000001d75dd7b2e0 Exception <a 'java/lang/NoSuchMethodError'{0x00000000ff5e8ed8}: 'java.lang.Object java.lang.invoke.DirectMethodHandle$Holder.invokeVirtual(java.lang.Object, java.lang.Object, java.lang.Object, java.lang.Object, java.lang.Object, java.lang.Object, java.lang.Object, java.lang.Object)'> (0x00000000ff5e8ed8) 
thrown [s\src\hotspot\share\interpreter\linkResolver.cpp, line 815]
Event: 0.734 Thread 0x000001d75dd7b2e0 Exception <a 'java/lang/NoSuchMethodError'{0x00000000ff44ac30}: 'java.lang.Object java.lang.invoke.DirectMethodHandle$Holder.invokeStatic(java.lang.Object, java.lang.Object, java.lang.Object, java.lang.Object, java.lang.Object, java.lang.Object, java.lang.Object, java.lang.Object, java.lang.Object, java.lang.Object, java.lang.Object)'> (0x00000000ff44ac30) 
thrown [s\src\hotspot\share\interpreter\linkResolver.cpp, line 815]
Event: 0.736 Thread 0x000001d75dd7b2e0 Exception <a 'java/lang/NoSuchMethodError'{0x00000000ff4909e0}: 'java.lang.Object java.lang.invoke.DirectMethodHandle$Holder.invokeVirtual(java.lang.Object, java.lang.Object, java.lang.Object, java.lang.Object, java.lang.Object, java.lang.Object, java.lang.Object, java.lang.Object, java.lang.Object)'> (0x00000000ff4909e0) 
thrown [s\src\hotspot\share\interpreter\linkResolver.cpp, line 815]
Event: 0.739 Thread 0x000001d75dd7b2e0 Exception <a 'java/lang/NoSuchMethodError'{0x00000000ff300618}: 'java.lang.Object java.lang.invoke.DirectMethodHandle$Holder.invokeStatic(java.lang.Object, java.lang.Object, java.lang.Object, java.lang.Object, java.lang.Object, java.lang.Object, java.lang.Object, java.lang.Object, java.lang.Object, java.lang.Object, java.lang.Object, java.lang.Object)'> (0x00000000ff300618) 
thrown [s\src\hotspot\share\interpreter\linkResolver.cpp, line 815]
Event: 0.771 Thread 0x000001d75dd7b2e0 Exception <a 'java/lang/NoSuchMethodError'{0x00000000ff1bc010}: 'void java.lang.invoke.DirectMethodHandle$Holder.invokeInterface(java.lang.Object, java.lang.Object, java.lang.Object)'> (0x00000000ff1bc010) 
thrown [s\src\hotspot\share\interpreter\linkResolver.cpp, line 815]
Event: 0.905 Thread 0x000001d77b807a70 Exception <a 'java/lang/NoSuchMethodError'{0x00000000ffe16638}: 'void java.lang.invoke.DirectMethodHandle$Holder.invokeStatic(java.lang.Object, long)'> (0x00000000ffe16638) 
thrown [s\src\hotspot\share\interpreter\linkResolver.cpp, line 815]
Event: 2.206 Thread 0x000001d75dd7b2e0 Exception <a 'sun/nio/fs/WindowsException'{0x00000000ffc16b80}> (0x00000000ffc16b80) 
thrown [s\src\hotspot\share\prims\jni.cpp, line 535]

VM Operations (20 events):
Event: 0.569 Executing non-safepoint VM operation: HandshakeAllThreads (Deoptimize)
Event: 0.569 Executing non-safepoint VM operation: HandshakeAllThreads (Deoptimize) done
Event: 0.618 Executing non-safepoint VM operation: HandshakeAllThreads (Deoptimize)
Event: 0.618 Executing non-safepoint VM operation: HandshakeAllThreads (Deoptimize) done
Event: 0.632 Executing non-safepoint VM operation: HandshakeAllThreads (Deoptimize)
Event: 0.632 Executing non-safepoint VM operation: HandshakeAllThreads (Deoptimize) done
Event: 0.682 Executing non-safepoint VM operation: HandshakeAllThreads (Deoptimize)
Event: 0.682 Executing non-safepoint VM operation: HandshakeAllThreads (Deoptimize) done
Event: 0.821 Executing safepoint VM operation: G1CollectForAllocation (G1 Evacuation Pause)
Event: 0.824 Executing safepoint VM operation: G1CollectForAllocation (G1 Evacuation Pause) done
Event: 0.884 Executing safepoint VM operation: G1CollectForAllocation (G1 Evacuation Pause)
Event: 0.886 Executing safepoint VM operation: G1CollectForAllocation (G1 Evacuation Pause) done
Event: 0.909 Executing non-safepoint VM operation: HandshakeAllThreads (Deoptimize)
Event: 0.909 Executing non-safepoint VM operation: HandshakeAllThreads (Deoptimize) done
Event: 0.924 Executing non-safepoint VM operation: HandshakeAllThreads (Deoptimize)
Event: 0.924 Executing non-safepoint VM operation: HandshakeAllThreads (Deoptimize) done
Event: 2.197 Executing non-safepoint VM operation: HandshakeAllThreads (Deoptimize)
Event: 2.197 Executing non-safepoint VM operation: HandshakeAllThreads (Deoptimize) done
Event: 2.221 Executing non-safepoint VM operation: HandshakeAllThreads (Deoptimize)
Event: 2.221 Executing non-safepoint VM operation: HandshakeAllThreads (Deoptimize) done

Memory protections (0 events):
No events

Nmethod flushes (0 events):
No events

Events (20 events):
Event: 0.075 Loaded shared library C:\Program Files\Android\Android Studio\jbr\bin\nio.dll
Event: 0.080 Loaded shared library C:\Program Files\Android\Android Studio\jbr\bin\zip.dll
Event: 0.193 Thread 0x000001d77587e030 Thread added: 0x000001d77a756370
Event: 0.324 Thread 0x000001d77587e030 Thread added: 0x000001d77a99ca20
Event: 0.332 Loaded shared library C:\Program Files\Android\Android Studio\jbr\bin\jimage.dll
Event: 0.531 Loaded shared library C:\Program Files\Android\Android Studio\jbr\bin\management.dll
Event: 0.532 Loaded shared library C:\Program Files\Android\Android Studio\jbr\bin\management_ext.dll
Event: 0.592 Loaded shared library C:\Users\Administrator\AppData\Local\Temp\cursor-sandbox-cache\62bc08b01e50150a9dd83b8f12519d4e\gradle\native\c067742578af261105cb4f569cf0c3c89f3d7b1fecec35dd04571415982c5e48\windows-amd64\native-platform.dll
Event: 0.605 Thread 0x000001d75dd7b2e0 Thread added: 0x000001d77b686470
Event: 0.896 Thread 0x000001d75dd7b2e0 Thread added: 0x000001d77b807a70
Event: 0.908 Thread 0x000001d77b807a70 Thread added: 0x000001d77b9e0d90
Event: 0.908 Thread 0x000001d77b9e0d90 Thread exited: 0x000001d77b9e0d90
Event: 0.909 Thread 0x000001d77b807a70 Thread added: 0x000001d77b9e0d90
Event: 1.305 Thread 0x000001d77a99ca20 Thread exited: 0x000001d77a99ca20
Event: 1.421 Thread 0x000001d77a756370 Thread exited: 0x000001d77a756370
Event: 2.189 Thread 0x000001d77b9e0d90 Thread exited: 0x000001d77b9e0d90
Event: 2.189 Thread 0x000001d77b807a70 Thread exited: 0x000001d77b807a70
Event: 2.199 Loaded shared library C:\Program Files\Android\Android Studio\jbr\bin\extnet.dll
Event: 2.225 Thread 0x000001d77587e030 Thread added: 0x000001d775bafc30
Event: 2.228 Thread 0x000001d77587e030 Thread added: 0x000001d775bb34a0


Dynamic libraries:
0x00007ff636150000 - 0x00007ff63615a000 	C:\Program Files\Android\Android Studio\jbr\bin\java.exe
0x00007ff854c80000 - 0x00007ff854ee3000 	C:\Windows\SYSTEM32\ntdll.dll
0x00007ff852e00000 - 0x00007ff852ec7000 	C:\Windows\System32\KERNEL32.DLL
0x00007ff852400000 - 0x00007ff8527a1000 	C:\Windows\System32\KERNELBASE.dll
0x00007ff852890000 - 0x00007ff8529db000 	C:\Windows\System32\ucrtbase.dll
0x00007fffe2350000 - 0x00007fffe2366000 	C:\Program Files\Android\Android Studio\jbr\bin\jli.dll
0x00007fffdd690000 - 0x00007fffdd6ab000 	C:\Program Files\Android\Android Studio\jbr\bin\VCRUNTIME140.dll
0x00007ff852ed0000 - 0x00007ff853093000 	C:\Windows\System32\USER32.dll
0x00007ff8527b0000 - 0x00007ff8527d7000 	C:\Windows\System32\win32u.dll
0x00007ff842490000 - 0x00007ff842720000 	C:\Windows\WinSxS\amd64_microsoft.windows.common-controls_6595b64144ccf1df_6.0.26100.1591_none_3e0fac18e32dc903\COMCTL32.dll
0x00007ff854510000 - 0x00007ff85453a000 	C:\Windows\System32\GDI32.dll
0x00007ff853720000 - 0x00007ff8537c9000 	C:\Windows\System32\msvcrt.dll
0x00007ff852150000 - 0x00007ff852271000 	C:\Windows\System32\gdi32full.dll
0x00007ff8527e0000 - 0x00007ff852883000 	C:\Windows\System32\msvcp_win.dll
0x00007ff853d80000 - 0x00007ff853daf000 	C:\Windows\System32\IMM32.DLL
0x00007ff83fd50000 - 0x00007ff83fd5c000 	C:\Program Files\Android\Android Studio\jbr\bin\vcruntime140_1.dll
0x00007fff88b80000 - 0x00007fff88c0d000 	C:\Program Files\Android\Android Studio\jbr\bin\msvcp140.dll
0x00007fff7bff0000 - 0x00007fff7ceca000 	C:\Program Files\Android\Android Studio\jbr\bin\server\jvm.dll
0x00007ff853860000 - 0x00007ff853912000 	C:\Windows\System32\ADVAPI32.dll
0x00007ff853920000 - 0x00007ff8539c7000 	C:\Windows\System32\sechost.dll
0x00007ff853dc0000 - 0x00007ff853ed6000 	C:\Windows\System32\RPCRT4.dll
0x00007ff853180000 - 0x00007ff8531f4000 	C:\Windows\System32\WS2_32.dll
0x00007ff8519c0000 - 0x00007ff851a0e000 	C:\Windows\SYSTEM32\POWRPROF.dll
0x00007ff84e090000 - 0x00007ff84e09b000 	C:\Windows\SYSTEM32\VERSION.dll
0x00007ff844b60000 - 0x00007ff844b96000 	C:\Windows\SYSTEM32\WINMM.dll
0x00007ff851970000 - 0x00007ff851984000 	C:\Windows\SYSTEM32\UMPDC.dll
0x00007ff850ef0000 - 0x00007ff850f0a000 	C:\Windows\SYSTEM32\kernel.appcore.dll
0x00007ff83fd30000 - 0x00007ff83fd3a000 	C:\Program Files\Android\Android Studio\jbr\bin\jimage.dll
0x00007ff847df0000 - 0x00007ff848031000 	C:\Windows\SYSTEM32\DBGHELP.DLL
0x00007ff854160000 - 0x00007ff8544dc000 	C:\Windows\System32\combase.dll
0x00007ff8530a0000 - 0x00007ff853176000 	C:\Windows\System32\OLEAUT32.dll
0x00007ff8378d0000 - 0x00007ff837909000 	C:\Windows\SYSTEM32\dbgcore.DLL
0x00007ff852a60000 - 0x00007ff852af9000 	C:\Windows\System32\bcryptPrimitives.dll
0x00007fffdb900000 - 0x00007fffdb91f000 	C:\Program Files\Android\Android Studio\jbr\bin\java.dll
0x00007ff853ad0000 - 0x00007ff853c69000 	C:\Windows\System32\ole32.dll
0x00007ff854540000 - 0x00007ff854c36000 	C:\Windows\System32\SHELL32.dll
0x00007fffdb6c0000 - 0x00007fffdb6d7000 	C:\Program Files\Android\Android Studio\jbr\bin\zip.dll
0x00007ff84fe80000 - 0x00007ff8506aa000 	C:\Windows\SYSTEM32\windows.storage.dll
0x00007ff852d20000 - 0x00007ff852df3000 	C:\Windows\System32\SHCORE.dll
0x00007ff853d20000 - 0x00007ff853d7d000 	C:\Windows\System32\shlwapi.dll
0x00007ff851fb0000 - 0x00007ff851fd9000 	C:\Windows\SYSTEM32\profapi.dll
0x00007ff825db0000 - 0x00007ff825dc0000 	C:\Program Files\Android\Android Studio\jbr\bin\net.dll
0x0000000180000000 - 0x000000018008c000 	C:\Windows\system32\ASProxy64.dll
0x00007ff8513f0000 - 0x00007ff851458000 	C:\Windows\SYSTEM32\MSWSOCK.dll
0x00007ff850930000 - 0x00007ff850962000 	C:\Windows\SYSTEM32\IPHLPAPI.DLL
0x00007ff851190000 - 0x00007ff8511d8000 	C:\Windows\SYSTEM32\SspiCli.dll
0x00007fffdb560000 - 0x00007fffdb576000 	C:\Program Files\Android\Android Studio\jbr\bin\nio.dll
0x00007ff821100000 - 0x00007ff821110000 	C:\Program Files\Android\Android Studio\jbr\bin\verify.dll
0x00007ff84f420000 - 0x00007ff84f4cd000 	C:\Windows\system32\uxtheme.dll
0x00007ff819ad0000 - 0x00007ff819ad9000 	C:\Program Files\Android\Android Studio\jbr\bin\management.dll
0x00007ff8193c0000 - 0x00007ff8193cb000 	C:\Program Files\Android\Android Studio\jbr\bin\management_ext.dll
0x00007ff853690000 - 0x00007ff853698000 	C:\Windows\System32\PSAPI.DLL
0x00007fff8d690000 - 0x00007fff8d6b7000 	C:\Users\Administrator\AppData\Local\Temp\cursor-sandbox-cache\62bc08b01e50150a9dd83b8f12519d4e\gradle\native\c067742578af261105cb4f569cf0c3c89f3d7b1fecec35dd04571415982c5e48\windows-amd64\native-platform.dll
0x00007ff851690000 - 0x00007ff8516ac000 	C:\Windows\SYSTEM32\CRYPTSP.dll
0x00007ff850e50000 - 0x00007ff850e88000 	C:\Windows\system32\rsaenh.dll
0x00007ff851490000 - 0x00007ff8514bb000 	C:\Windows\SYSTEM32\USERENV.dll
0x00007ff851990000 - 0x00007ff8519b6000 	C:\Windows\SYSTEM32\bcrypt.dll
0x00007ff8516b0000 - 0x00007ff8516bc000 	C:\Windows\SYSTEM32\CRYPTBASE.dll
0x00007ff853ac0000 - 0x00007ff853aca000 	C:\Windows\System32\NSI.dll
0x00007ff80c460000 - 0x00007ff80c469000 	C:\Program Files\Android\Android Studio\jbr\bin\extnet.dll
0x00007ff82a2e0000 - 0x00007ff82a2e8000 	C:\Windows\system32\wshunix.dll

JVMTI agents: none

dbghelp: loaded successfully - version: 4.0.5 - missing functions: none
symbol engine: initialized successfully - sym options: 0x614 - pdb path: .;C:\Program Files\Android\Android Studio\jbr\bin;C:\Windows\SYSTEM32;C:\Windows\WinSxS\amd64_microsoft.windows.common-controls_6595b64144ccf1df_6.0.26100.1591_none_3e0fac18e32dc903;C:\Program Files\Android\Android Studio\jbr\bin\server;C:\Users\Administrator\AppData\Local\Temp\cursor-sandbox-cache\62bc08b01e50150a9dd83b8f12519d4e\gradle\native\c067742578af261105cb4f569cf0c3c89f3d7b1fecec35dd04571415982c5e48\windows-amd64

VM Arguments:
jvm_args: -Dfile.encoding=UTF-8 -Xmx64m -Xms64m -Dorg.gradle.appname=gradlew 
java_command: org.gradle.wrapper.GradleWrapperMain assembleDebug --no-daemon
java_class_path (initial): F:\MY PROJECT\attendance_app_pass_android\\gradle\wrapper\gradle-wrapper.jar
Launcher Type: SUN_STANDARD

[Global flags]
     intx CICompilerCount                          = 4                                         {product} {ergonomic}
     uint ConcGCThreads                            = 3                                         {product} {ergonomic}
     uint G1ConcRefinementThreads                  = 10                                        {product} {ergonomic}
   size_t G1HeapRegionSize                         = 1048576                                   {product} {ergonomic}
   size_t InitialHeapSize                          = 67108864                                  {product} {command line}
   size_t MarkStackSize                            = 4194304                                   {product} {ergonomic}
   size_t MarkStackSizeMax                         = 536870912                                 {product} {ergonomic}
   size_t MaxHeapSize                              = 67108864                                  {product} {command line}
   size_t MaxNewSize                               = 39845888                                  {product} {ergonomic}
   size_t MinHeapDeltaBytes                        = 1048576                                   {product} {ergonomic}
   size_t MinHeapSize                              = 67108864                                  {product} {command line}
    uintx NonNMethodCodeHeapSize                   = 5832704                                {pd product} {ergonomic}
    uintx NonProfiledCodeHeapSize                  = 122945536                              {pd product} {ergonomic}
    uintx ProfiledCodeHeapSize                     = 122880000                              {pd product} {ergonomic}
    uintx ReservedCodeCacheSize                    = 251658240                              {pd product} {ergonomic}
     bool SegmentedCodeCache                       = true                                      {product} {ergonomic}
   size_t SoftMaxHeapSize                          = 67108864                               {manageable} {ergonomic}
     bool UseCompressedOops                        = true                           {product lp64_product} {ergonomic}
     bool UseG1GC                                  = true                                      {product} {ergonomic}
     bool UseLargePagesIndividualAllocation        = false                                  {pd product} {ergonomic}

Logging:
Log output configuration:
 #0: stdout all=warning uptime,level,tags foldmultilines=false
 #1: stderr all=off uptime,level,tags foldmultilines=false

Release file:
JAVA_VERSION="25.0.2" 
MODULES="java.base java.compiler java.datatransfer java.xml java.prefs java.desktop java.instrument java.logging java.management java.security.sasl java.naming java.rmi java.management.rmi java.net.http java.scripting java.security.jgss java.transaction.xa java.sql java.sql.rowset java.xml.crypto java.se java.smartcardio jdk.accessibility jdk.internal.jvmstat jdk.attach jdk.charsets jdk.internal.opt jdk.zipfs jdk.compiler jdk.crypto.cryptoki jdk.crypto.ec jdk.dynalink jdk.hotspot.agent jdk.httpserver jdk.internal.ed jdk.internal.le jdk.internal.md jdk.internal.vm.ci jdk.jartool jdk.javadoc jdk.jcmd jdk.jdeps jdk.jdwp.agent jdk.jdi jdk.jfr jdk.jlink jdk.localedata jdk.management jdk.management.agent jdk.management.jfr jdk.naming.dns jdk.naming.rmi jdk.net jdk.sctp jdk.security.auth jdk.security.jgss jdk.unsupported jdk.unsupported.desktop jdk.xml.dom" 
IMPLEMENTOR="JetBrains s.r.o." 
JAVA_RUNTIME_VERSION="25.0.2+-15348964-b329.117" 
LIBC="default" 
OS_ARCH="x86_64" 
OS_NAME="Windows" 
SOURCE=".:git:3cf398e84a39" 

Environment Variables:
JAVA_HOME=C:\Program Files\Android\Android Studio\jbr
CLASSPATH=F:\MY PROJECT\attendance_app_pass_android\\gradle\wrapper\gradle-wrapper.jar
PATH=C:\Program Files\Android\Android Studio\jbr\bin;C:\Program Files\Android\Android Studio\jbr\bin;c:\Users\Administrator\AppData\Local\Programs\cursor\resources\app\node_modules\@vscode\ripgrep\bin;C:\Windows\system32;C:\Windows;C:\Windows\System32\Wbem;C:\Windows\System32\WindowsPowerShell\v1.0\;C:\Windows\System32\OpenSSH\;C:\Program Files\Bandizip\;C:\Users\Administrator\AppData\Local\nvm;C:\nvm4w\nodejs;C:\Program Files\Git\cmd;C:\Program Files\nodejs\;C:\Program Files\MongoDB\Server\8.0\bin;C:\Program Files (x86)\Bitvise SSH Client;C:\Program Files\Tailscale\;C:\Users\Administrator\AppData\Local\Programs\Python\Python313\Scripts\;C:\Users\Administrator\AppData\Local\Programs\Python\Python313\;C:\Users\Administrator\AppData\Local\Programs\Python\Launcher\;C:\Users\Administrator\AppData\Local\Microsoft\WindowsApps;C:\Users\Administrator\AppData\Local\nvm;C:\nvm4w\nodejs;C:\Users\Administrator\AppData\Local\Programs\cursor\resources\app\bin;C:\Users\Administrator\AppData\Roaming\npm;C:\Users\Administrator\AppData\Local\Programs\Microsoft VS Code\bin;C:\Program Files\MongoDB\Server\8.0\bin;C:\Users\Administrator\AppData\Local\Kingsoft\WPS Office\12.1.0.27458\clitool
USERNAME=Administrator
TERM=dumb
OS=Windows_NT
PROCESSOR_IDENTIFIER=Intel64 Family 6 Model 158 Stepping 10, GenuineIntel
TMP=C:\Users\Administrator\AppData\Local\Temp
TEMP=C:\Users\Administrator\AppData\Local\Temp




Compilation memory statistics disabled.

Periodic native trim disabled

JNI global refs:
JNI global refs: 19, weak refs: 0

JNI global refs memory usage: 835, weak refs: 833

Process memory usage:
Resident Set Size: 126876K (0% of 33345832K total physical memory with 10549916K free physical memory)

OOME stack traces (most recent first):
Classloader memory used:
Loader bootstrap                                                                       : 14259 K
Loader org.gradle.internal.classloader.VisitableURLClassLoader                         : 5100 K
Loader java.net.URLClassLoader                                                         : 228 K
Loader jdk.internal.loader.ClassLoaders$PlatformClassLoader                            : 96616 B
Loader jdk.internal.loader.ClassLoaders$AppClassLoader                                 : 95240 B

Classes loaded by more than one classloader:
Class org.gradle.internal.classloader.ClassLoaderHierarchy                            : loaded 2 times (x 72B)
Class org.gradle.api.internal.classpath.ManifestUtil                                  : loaded 2 times (x 73B)
Class org.gradle.cli.CommandLineParser                                                : loaded 2 times (x 81B)
Class org.gradle.internal.classloader.ClassLoaderVisitor                              : loaded 2 times (x 78B)
Class org.gradle.api.internal.classpath.EffectiveClassPath                            : loaded 2 times (x 92B)
Class org.gradle.internal.service.UnknownServiceException                             : loaded 2 times (x 85B)
Class org.gradle.cli.CommandLineArgumentException                                     : loaded 2 times (x 84B)
Class org.gradle.cli.CommandLineParser$KnownOptionParserState                         : loaded 2 times (x 78B)
Class org.gradle.internal.InternalTransformer                                         : loaded 2 times (x 72B)
Class org.gradle.internal.classloader.ClasspathUtil$1                                 : loaded 2 times (x 78B)
Class org.gradle.api.internal.classpath.DefaultModuleRegistry$DefaultModule           : loaded 2 times (x 88B)
Class org.gradle.api.internal.classpath.Module                                        : loaded 2 times (x 72B)
Class org.gradle.api.internal.classpath.UnknownModuleException                        : loaded 2 times (x 84B)
Class org.gradle.internal.classpath.DefaultClassPath$ImmutableUniqueList              : loaded 2 times (x 201B)
Class org.gradle.cli.CommandLineParser$OptionAwareParserState                         : loaded 2 times (x 79B)
Class org.gradle.cli.ParsedCommandLine                                                : loaded 2 times (x 82B)
Class org.gradle.internal.classpath.ClassPath                                         : loaded 2 times (x 72B)
Class org.gradle.cli.CommandLineParser$UnknownOptionParserState                       : loaded 2 times (x 78B)
Class org.gradle.cli.ParsedCommandLineOption                                          : loaded 2 times (x 78B)
Class org.gradle.api.UncheckedIOException                                             : loaded 2 times (x 84B)
Class org.gradle.api.internal.classpath.ModuleRegistry                                : loaded 2 times (x 72B)
Class org.gradle.internal.installation.GradleInstallation$1                           : loaded 2 times (x 77B)
Class org.gradle.api.internal.classpath.DefaultModuleRegistry                         : loaded 2 times (x 88B)
Class org.gradle.cli.CommandLineOption                                                : loaded 2 times (x 88B)
Class org.gradle.cli.CommandLineParser$BeforeFirstSubCommand                          : loaded 2 times (x 79B)
Class org.gradle.internal.service.ServiceLookupException                              : loaded 2 times (x 84B)
Class org.gradle.cli.CommandLineParser$OptionParserState                              : loaded 2 times (x 77B)
Class org.gradle.internal.classloader.ClasspathUtil                                   : loaded 2 times (x 73B)
Class org.gradle.api.specs.Spec                                                       : loaded 2 times (x 72B)
Class org.gradle.internal.classpath.DefaultClassPath                                  : loaded 2 times (x 92B)
Class org.gradle.internal.classloader.ClassLoaderSpec                                 : loaded 2 times (x 73B)
Class org.gradle.internal.Cast                                                        : loaded 2 times (x 73B)
Class org.gradle.api.Action                                                           : loaded 2 times (x 72B)
Class org.gradle.internal.classpath.DefaultClassPath$ImmutableUniqueList$Builder      : loaded 2 times (x 77B)
Class org.gradle.api.GradleException                                                  : loaded 2 times (x 84B)
Class org.gradle.internal.IoActions                                                   : loaded 2 times (x 73B)
Class org.gradle.internal.classloader.SystemClassLoaderSpec                           : loaded 2 times (x 73B)
Class org.gradle.cli.CommandLineParser$ParserState                                    : loaded 2 times (x 78B)
Class org.gradle.api.internal.classpath.GlobalCacheRootsProvider                      : loaded 2 times (x 72B)
Class org.gradle.internal.installation.CurrentGradleInstallationLocator               : loaded 2 times (x 73B)
Class org.gradle.internal.installation.CurrentGradleInstallation                      : loaded 2 times (x 75B)
Class org.gradle.util.internal.GUtil                                                  : loaded 2 times (x 73B)
Class org.gradle.cli.CommandLineParser$AfterOptions                                   : loaded 2 times (x 79B)
Class org.gradle.internal.installation.GradleInstallation                             : loaded 2 times (x 77B)

---------------  S Y S T E M  ---------------

OS:
 Windows 11 , 64 bit Build 26100 (10.0.26100.1591)
OS uptime: 1 days 4:12 hours

CPU: total 12 (initial active 12) (6 cores per cpu, 2 threads per core) family 6 model 158 stepping 10 microcode 0xde, cx8, cmov, fxsr, ht, mmx, 3dnowpref, sse, sse2, sse3, ssse3, sse4.1, sse4.2, popcnt, lzcnt, tsc, tscinvbit, avx, avx2, aes, erms, clmul, bmi1, bmi2, rtm, adx, fma, vzeroupper, clflush, clflushopt, rdtscp, f16c
Processor Information for the first 12 processors :
  Max Mhz: 3192, Current Mhz: 3192, Mhz Limit: 3192

Memory: 4k page, system-wide physical 32564M (10302M free)
TotalPageFile size 40007M (AvailPageFile size 1126M)
current process WorkingSet (physical memory assigned to process): 123M, peak: 123M
current process commit charge ("private bytes"): 179M, peak: 183M

vm_info: OpenJDK 64-Bit Server VM (25.0.2+-15348964-b329.117) for windows-amd64 JRE (25.0.2+-15348964-b329.117), built on 2026-05-05T18:25:19Z with MS VC++ 16.10 / 16.11 (VS2019)

END.
