#
# A fatal error has been detected by the Java Runtime Environment:
#
#  EXCEPTION_ILLEGAL_INSTRUCTION (0xc000001d) at pc=0x000000018000c274, pid=41656, tid=41524
#
# JRE version: OpenJDK Runtime Environment (25.0.2) (build 25.0.2+-15348964-b329.117)
# Java VM: OpenJDK 64-Bit Server VM (25.0.2+-15348964-b329.117, mixed mode, tiered, compressed oops, compressed class ptrs, g1 gc, windows-amd64)
# Problematic frame:
# C  [ASProxy64.dll+0xc274]
#
# No core dump will be written. Minidumps are not enabled by default on client versions of Windows
#
# If you would like to submit a bug report, please visit:
#   https://youtrack.jetbrains.com/issues/JBR
# The crash happened outside the Java Virtual Machine in native code.
# See problematic frame for where to report the bug.
#

---------------  S U M M A R Y ------------

Command Line: -Dfile.encoding=UTF-8 -Xmx64m -Xms64m -Dorg.gradle.appname=gradlew org.gradle.wrapper.GradleWrapperMain assembleDebug --no-daemon

Host: Intel(R) Core(TM) i7-8700 CPU @ 3.20GHz, 12 cores, 31G,  Windows 11 , 64 bit Build 26100 (10.0.26100.1591)
Time: Fri Aug 28 23:41:46 2026 Tokyo Standard Time elapsed time: 226.955380 seconds (0d 0h 3m 46s)

---------------  T H R E A D  ---------------

Current thread (0x00000290596aae60):  JavaThread "main"             [_thread_in_native, id=41524, stack(0x000000fb38d00000,0x000000fb38e00000) (1024K)]

Stack: [0x000000fb38d00000,0x000000fb38e00000],  sp=0x000000fb38dfdb10,  free space=1014k
Native frames: (J=compiled Java code, j=interpreted, Vv=VM code, C=native code)
C  [ASProxy64.dll+0xc274]  (no source info available)
C  [ASProxy64.dll+0x1f4c2]  (no source info available)
C  [ASProxy64.dll+0xc506]  (no source info available)
C  [nio.dll+0x7912]  (no source info available)
C  [nio.dll+0x83e3]  (no source info available)
C  [nio.dll+0x848e]  (no source info available)
C  [nio.dll+0x88bf]  (no source info available)
C  [nio.dll+0x7ba9]  (no source info available)
C  [nio.dll+0x4f5e]  (no source info available)
C  0x000002906652d113  (no source info available)

The last pc belongs to native method entry point (kind = native) (printed below).
Java frames: (J=compiled Java code, j=interpreted, Vv=VM code)
j  sun.nio.ch.WEPoll.ctl(JIJI)I+0 java.base@25.0.2
j  sun.nio.ch.WEPollSelectorImpl.<init>(Ljava/nio/channels/spi/SelectorProvider;)V+139 java.base@25.0.2
j  sun.nio.ch.WEPollSelectorProvider.openSelector()Ljava/nio/channels/spi/AbstractSelector;+5 java.base@25.0.2
j  java.nio.channels.Selector.open()Ljava/nio/channels/Selector;+3 java.base@25.0.2
j  org.gradle.internal.remote.internal.inet.SocketConnection$SocketInputStream.<init>(Ljava/nio/channels/SocketChannel;)V+17
j  org.gradle.internal.remote.internal.inet.SocketConnection.<init>(Ljava/nio/channels/SocketChannel;Lorg/gradle/internal/remote/internal/MessageSerializer;Lorg/gradle/internal/serialize/StatefulSerializer;)V+33
j  org.gradle.internal.remote.internal.inet.SocketConnectCompletion.create(Lorg/gradle/internal/serialize/StatefulSerializer;)Lorg/gradle/internal/remote/internal/RemoteConnection;+16
j  org.gradle.launcher.daemon.client.DefaultDaemonConnector.connectToDaemon(Lorg/gradle/launcher/daemon/context/DaemonConnectDetails;Lorg/gradle/launcher/daemon/client/DaemonClientConnection$StaleAddressDetector;)Lorg/gradle/launcher/daemon/client/DaemonClientConnection;+43
j  org.gradle.launcher.daemon.client.DefaultDaemonConnector.connectToDaemonWithId(Lorg/gradle/launcher/daemon/diagnostics/DaemonStartupInfo;Lorg/gradle/api/internal/specs/ExplainingSpec;)Lorg/gradle/launcher/daemon/client/DaemonClientConnection;+115
j  org.gradle.launcher.daemon.client.DefaultDaemonConnector.doStartDaemon(Lorg/gradle/api/internal/specs/ExplainingSpec;Z)Lorg/gradle/launcher/daemon/client/DaemonClientConnection;+58
j  org.gradle.launcher.daemon.client.DefaultDaemonConnector.startSingleUseDaemon()Lorg/gradle/launcher/daemon/client/DaemonClientConnection;+5
j  org.gradle.launcher.daemon.client.SingleUseDaemonClient.execute(Lorg/gradle/internal/invocation/BuildAction;Lorg/gradle/launcher/exec/BuildActionParameters;Lorg/gradle/internal/daemon/client/execution/ClientBuildRequestContext;)Lorg/gradle/launcher/exec/BuildActionResult;+34
j  org.gradle.launcher.daemon.client.SingleUseDaemonClient.execute(Lorg/gradle/internal/invocation/BuildAction;Ljava/lang/Object;Ljava/lang/Object;)Lorg/gradle/launcher/exec/BuildActionResult;+10
j  org.gradle.launcher.cli.RunBuildAction.run()V+67
j  org.gradle.internal.Actions$RunnableActionAdapter.execute(Ljava/lang/Object;)V+4
j  org.gradle.launcher.cli.DefaultCommandLineActionFactory$ParseAndBuildAction.execute(Lorg/gradle/launcher/bootstrap/ExecutionListener;)V+129
j  org.gradle.launcher.cli.DefaultCommandLineActionFactory$ParseAndBuildAction.execute(Ljava/lang/Object;)V+5
j  org.gradle.launcher.cli.DebugLoggerWarningAction.execute(Lorg/gradle/launcher/bootstrap/ExecutionListener;)V+9
j  org.gradle.launcher.cli.DebugLoggerWarningAction.execute(Ljava/lang/Object;)V+5
j  org.gradle.launcher.cli.WelcomeMessageAction.execute(Lorg/gradle/launcher/bootstrap/ExecutionListener;)V+218
j  org.gradle.launcher.cli.WelcomeMessageAction.execute(Ljava/lang/Object;)V+5
j  org.gradle.launcher.cli.NativeServicesInitializingAction.execute(Lorg/gradle/launcher/bootstrap/ExecutionListener;)V+38
j  org.gradle.launcher.cli.NativeServicesInitializingAction.execute(Ljava/lang/Object;)V+5
j  org.gradle.launcher.cli.ExceptionReportingAction.execute(Lorg/gradle/launcher/bootstrap/ExecutionListener;)V+5
j  org.gradle.launcher.cli.ExceptionReportingAction.execute(Ljava/lang/Object;)V+5
j  org.gradle.launcher.cli.DefaultCommandLineActionFactory$WithLogging.execute(Lorg/gradle/launcher/bootstrap/ExecutionListener;)V+309
j  org.gradle.launcher.Main.doAction([Ljava/lang/String;Lorg/gradle/launcher/bootstrap/ExecutionListener;)V+14
j  org.gradle.launcher.bootstrap.EntryPoint.run([Ljava/lang/String;)V+12
j  java.lang.invoke.DirectMethodHandle$Holder.invokeVirtual(Ljava/lang/Object;Ljava/lang/Object;Ljava/lang/Object;)V+11 java.base@25.0.2
j  java.lang.invoke.LambdaForm$MH+0x00000000951ce000.invoke(Ljava/lang/Object;Ljava/lang/Object;Ljava/lang/Object;)Ljava/lang/Object;+52 java.base@25.0.2
j  java.lang.invoke.Invokers$Holder.invokeExact_MT(Ljava/lang/Object;Ljava/lang/Object;Ljava/lang/Object;Ljava/lang/Object;)Ljava/lang/Object;+20 java.base@25.0.2
j  jdk.internal.reflect.DirectMethodHandleAccessor.invokeImpl(Ljava/lang/Object;[Ljava/lang/Object;)Ljava/lang/Object;+55 java.base@25.0.2
j  jdk.internal.reflect.DirectMethodHandleAccessor.invoke(Ljava/lang/Object;[Ljava/lang/Object;)Ljava/lang/Object;+23 java.base@25.0.2
j  java.lang.reflect.Method.invoke(Ljava/lang/Object;[Ljava/lang/Object;)Ljava/lang/Object;+102 java.base@25.0.2
j  org.gradle.launcher.bootstrap.ProcessBootstrap.runNoExit(Ljava/lang/String;Ljava/lang/String;Ljava/lang/String;[Ljava/lang/String;)V+205
j  org.gradle.launcher.bootstrap.ProcessBootstrap.run(Ljava/lang/String;Ljava/lang/String;Ljava/lang/String;[Ljava/lang/String;)V+4
j  org.gradle.launcher.GradleMain.main([Ljava/lang/String;)V+68
j  java.lang.invoke.DirectMethodHandle$Holder.invokeStatic(Ljava/lang/Object;Ljava/lang/Object;)V+10 java.base@25.0.2
j  java.lang.invoke.LambdaForm$MH+0x00000000951c2c00.invoke(Ljava/lang/Object;Ljava/lang/Object;Ljava/lang/Object;)Ljava/lang/Object;+33 java.base@25.0.2
j  java.lang.invoke.Invokers$Holder.invokeExact_MT(Ljava/lang/Object;Ljava/lang/Object;Ljava/lang/Object;Ljava/lang/Object;)Ljava/lang/Object;+20 java.base@25.0.2
j  jdk.internal.reflect.DirectMethodHandleAccessor.invokeImpl(Ljava/lang/Object;[Ljava/lang/Object;)Ljava/lang/Object;+55 java.base@25.0.2
j  jdk.internal.reflect.DirectMethodHandleAccessor.invoke(Ljava/lang/Object;[Ljava/lang/Object;)Ljava/lang/Object;+23 java.base@25.0.2
j  java.lang.reflect.Method.invoke(Ljava/lang/Object;[Ljava/lang/Object;)Ljava/lang/Object;+102 java.base@25.0.2
j  org.gradle.wrapper.GradleWrapperMain.main([Ljava/lang/String;)V+1826
v  ~StubRoutines::call_stub 0x00000290665212ed

siginfo: EXCEPTION_ILLEGAL_INSTRUCTION (0xc000001d)


Registers:
RAX=0x0000000000000000, RBX=0x0000029076482978, RCX=0x0000000000000554, RDX=0x0000000000000002
RSP=0x000000fb38dfdb10, RBP=0x0000000000000594, RSI=0x00000290767c3e20, RDI=0x0000000000000594
R8 =0x0000000000000001, R9 =0x0000000000000001, R10=0x0000000000000554, R11=0x000002905976eed8
R12=0x00000000000008b0, R13=0x000002907377ade0, R14=0x00000290767c3df0, R15=0x000000fb38dfdd40
RIP=0x000000018000c274, EFLAGS=0x0000000000010246

XMM[0]=0x0000000000000000 0x0000000000000000
XMM[1]=0x0000000000000000 0x0000000000000000
XMM[2]=0x0000000000000000 0x0000000000000000
XMM[3]=0x0000000000000000 0x0000000000000000
XMM[4]=0x0000000000000000 0x0000000000000000
XMM[5]=0x0000000000000000 0x0000000000000000
XMM[6]=0x0000000000000000 0x459176a550a84614
XMM[7]=0x0000000000000000 0x0c2342a1ecad55d2
XMM[8]=0x0000000000000000 0xded560a51208550c
XMM[9]=0x0000000000000000 0x963448ca83f6b609
XMM[10]=0x0000000000000000 0x00000000edc26d3f
XMM[11]=0x0000000000000000 0x4558071fc94ebd28
XMM[12]=0x0000000000000000 0x0000000083f6b609
XMM[13]=0x0000000000000000 0x00000000129a6627
XMM[14]=0x0000000000000000 0x6c9c4e785cd1fc34
XMM[15]=0x0000000000000000 0x00000000f035adbc
  MXCSR=0x00001fa0


Register to memory mapping:

RAX=0x0 is null
RBX=0x0000029076482978 points into unknown readable memory: 0x0000000000000000 | 00 00 00 00 00 00 00 00
RCX=0x0000000000000554 is an unknown value
RDX=0x0000000000000002 is an unknown value
RSP=0x000000fb38dfdb10 is pointing into the stack for thread: 0x00000290596aae60
RBP=0x0000000000000594 is an unknown value
RSI=0x00000290767c3e20 points into unknown readable memory: 0x00000290767c3e20 | 20 3e 7c 76 90 02 00 00
RDI=0x0000000000000594 is an unknown value
R8 =0x0000000000000001 is an unknown value
R9 =0x0000000000000001 is an unknown value
R10=0x0000000000000554 is an unknown value
R11=0x000002905976eed8 points into unknown readable memory: 0x00000000000007d0 | d0 07 00 00 00 00 00 00
R12=0x00000000000008b0 is an unknown value
R13={method} {0x000002907377ade8} 'ctl' '(JIJI)I' in 'sun/nio/ch/WEPoll'
R14=0x00000290767c3df0 points into unknown readable memory: 0x0000000000000594 | 94 05 00 00 00 00 00 00
R15=0x000000fb38dfdd40 is pointing into the stack for thread: 0x00000290596aae60

Top of Stack: (sp=0x000000fb38dfdb10)
0x000000fb38dfdb10:   0000000000000000 0000000000000000   ................
0x000000fb38dfdb20:   0000000000000594 000000018001f4c2   ................
0x000000fb38dfdb30:   0000000180065ec8 0000000000002736   .^......6'......
0x000000fb38dfdb40:   0000000000000000 0000000000000554   ........T.......
0x000000fb38dfdb50:   0000000000000594 000000018000c506   ................
0x000000fb38dfdb60:   0000029076482978 0000000000002736   x)Hv....6'......
0x000000fb38dfdb70:   0000000000000000 0000000000000008   ................
0x000000fb38dfdb80:   000000fb0000001e 0000000000000000   ................
0x000000fb38dfdb90:   0000000000000594 0000000000000000   ................
0x000000fb38dfdba0:   0000000000000001 0000000000000000   ................
0x000000fb38dfdbb0:   0000000000000594 00007ff825db7912   .........y.%....
0x000000fb38dfdbc0:   0000000000000554 0000000000000502   T...............
0x000000fb38dfdbd0:   00000290767c3e20 0000000000000000    >|v............
0x000000fb38dfdbe0:   0000000000000000 0000000000000000   ................
0x000000fb38dfdbf0:   000000fb00000003 0000029000000001   ................
0x000000fb38dfdc00:   0000029000000000 0000000000000000   ................
0x000000fb38dfdc10:   00007ff800000000 00007ff8528b7f19   ...........R....
0x000000fb38dfdc20:   0000000000000554 0000000000000000   T...............
0x000000fb38dfdc30:   0000000000000000 00004befe3b7028e   .............K..
0x000000fb38dfdc40:   0000029076482960 00007ff825db83e3   `)Hv.......%....
0x000000fb38dfdc50:   0000000000000028 0000000800000000   (...............
0x000000fb38dfdc60:   0000029076482968 00000290714b2ef8   h)Hv......Kq....
0x000000fb38dfdc70:   00000000000008b0 00007ff825db848e   ...........%....
0x000000fb38dfdc80:   00000290767c3e20 00000290767c3df0    >|v.....=|v....
0x000000fb38dfdc90:   00000000000008b0 00000290767c3e20   ........ >|v....
0x000000fb38dfdca0:   00000290596aae60 000000fb38dfdd40   `.jY....@..8....
0x000000fb38dfdcb0:   0000000000000000 00007ff825db88bf   ...........%....
0x000000fb38dfdcc0:   0000000000000000 000000fb38dfdd40   ........@..8....
0x000000fb38dfdcd0:   00000000000008b0 00000290767c3df0   .........=|v....
0x000000fb38dfdce0:   0000000000000001 00007ff825db7ba9   .........{.%....
0x000000fb38dfdcf0:   0000000000000594 000000fb38dfdd40   ........@..8....
0x000000fb38dfdd00:   00000000000008b0 00000290767c3e30   ........0>|v....

Instructions: (pc=0x000000018000c274)
  0x000000018000c174:   70 48 8b 6c 24 78 32 c0 48 83 c4 50 41 5c c3 cc
  0x000000018000c184:   cc cc cc cc cc cc cc cc cc cc cc cc 48 85 c9 74
  0x000000018000c194:   23 8b 05 ad ff 06 00 89 01 8b 05 a9 ff 06 00 89
  0x000000018000c1a4:   41 04 8b 05 a4 ff 06 00 89 41 08 8b 05 9f ff 06
  0x000000018000c1b4:   00 89 41 0c f3 c3 cc cc cc cc cc cc c6 01 01 c7
  0x000000018000c1c4:   02 01 00 00 00 c3 cc cc cc cc cc cc 48 89 5c 24
  0x000000018000c1d4:   08 57 48 83 ec 70 48 8b fa 8b d9 48 8d 15 82 73
  0x000000018000c1e4:   05 00 48 8d 4c 24 20 45 33 c0 48 c7 44 24 40 0f
  0x000000018000c1f4:   00 00 00 48 c7 44 24 38 00 00 00 00 c6 44 24 28
  0x000000018000c204:   00 e8 d6 6b ff ff 4c 8d 4c 24 20 48 8d 4c 24 48
  0x000000018000c214:   41 b0 01 8b d3 e8 52 06 02 00 48 83 78 20 10 72
  0x000000018000c224:   06 48 8b 48 08 eb 05 48 8d 48 08 90 0f b6 01 48
  0x000000018000c234:   ff c7 48 ff c1 88 47 ff 84 c0 75 f0 48 83 7c 24
  0x000000018000c244:   68 10 72 0a 48 8b 4c 24 50 e8 52 94 03 00 48 8b
  0x000000018000c254:   9c 24 80 00 00 00 48 83 c4 70 5f c3 48 83 ec 48
  0x000000018000c264:   0f b6 c2 0f 57 c0 0f 11 44 24 ff 25 00 00 00 00
=>0x000000018000c274:   fe 75 e3 52 f8 7f 00 00 8b 44 24 04 0f af 04 24
  0x000000018000c284:   89 04 24 8b 44 24 04 0f af 04 24 83 c0 01 89 04
  0x000000018000c294:   24 8b 44 24 04 0f af 04 24 83 c0 02 89 04 24 8b
  0x000000018000c2a4:   44 24 04 0f af 04 24 83 c0 03 89 04 24 8b 44 24
  0x000000018000c2b4:   04 0f af 04 24 83 c0 04 89 04 24 8b 44 24 04 0f
  0x000000018000c2c4:   af 04 24 83 c0 05 89 04 24 8b 44 24 04 0f af 04
  0x000000018000c2d4:   24 83 c0 06 89 04 24 8b 44 24 04 0f af 04 24 83
  0x000000018000c2e4:   c0 07 89 04 24 8b 44 24 04 0f af 04 24 83 c0 08
  0x000000018000c2f4:   89 04 24 8b 44 24 04 0f af 04 24 83 c0 09 89 04
  0x000000018000c304:   24 8b 44 24 04 0f af 04 24 83 c0 0a 89 04 24 8b
  0x000000018000c314:   44 24 04 0f af 04 24 83 c0 0b 89 04 24 8b 44 24
  0x000000018000c324:   04 0f af 04 24 83 c0 0d 89 04 24 8b 44 24 04 0f
  0x000000018000c334:   af 04 24 83 c0 0e 89 04 24 8b 44 24 04 0f af 04
  0x000000018000c344:   24 83 c0 0f 89 04 24 8b 44 24 04 0f af 04 24 83
  0x000000018000c354:   c0 10 89 04 24 8b 44 24 04 0f af 04 24 83 c0 11
  0x000000018000c364:   89 04 24 8b 44 24 04 0f af 04 24 83 c0 12 89 04


Stack slot to memory mapping:

stack at sp + 0 slots: 0x0 is null
stack at sp + 1 slots: 0x0 is null
stack at sp + 2 slots: 0x0000000000000594 is an unknown value
stack at sp + 3 slots: 0x000000018001f4c2 ASProxy64.dll
stack at sp + 4 slots: 0x0000000180065ec8 ASProxy64.dll
stack at sp + 5 slots: 0x0000000000002736 is an unknown value
stack at sp + 6 slots: 0x0 is null
stack at sp + 7 slots: 0x0000000000000554 is an unknown value

Lock stack of current Java thread (top to bottom):

native method entry point (kind = native)  [0x000002906652cd40, 0x000002906652d838]  2808 bytes
[MachCode]
  0x000002906652cd40: 488b 4b08 | 0fb7 492e | 584c 8d74 | ccf8 6800 | 0000 0068 | 0000 0000 | 5055 488b | ec41 5548 
  0x000002906652cd60: 8b43 084c | 8d68 3848 | 8b40 0868 | 0000 0000 | 5348 8b50 | 1848 8b52 | 7048 8b12 | 5248 8b53 
  0x000002906652cd80: 1048 85d2 | 7407 4881 | c2d0 0000 | 0052 488b | 5010 5249 | 8bc6 482b | c548 c1e8 | 0350 6800 
  0x000002906652cda0: 0000 0068 | f7ff ffff | 41c6 87f1 | 0400 0001 | 488b 4310 | 4885 c074 | 208b 8890 | 0000 0083 
  0x000002906652cdc0: c102 8988 | 9000 0000 | 2388 a400 | 0000 0f84 | b209 0000 | e9cf 0000 | 0048 8b43 | 1848 85c0 
  0x000002906652cde0: 0f85 b000 | 0000 e805 | 0000 00e9 | 9900 0000 | 488b d348 | 8d44 2408 | 4c89 6dc0 | 498b cfc5 
  0x000002906652ce00: f877 4989 | af38 0400 | 0049 8987 | 2804 0000 | 4883 ec20 | 40f6 c40f | 0f84 1900 | 0000 4883 
  0x000002906652ce20: ec08 48b8 | 00e9 d075 | ff7f 0000 | ffd0 4883 | c408 e90c | 0000 0048 | b800 e9d0 | 75ff 7f00 
  0x000002906652ce40: 00ff d048 | 83c4 2049 | c787 2804 | 0000 0000 | 0000 49c7 | 8738 0400 | 0000 0000 | 0049 c787 
  0x000002906652ce60: 3004 0000 | 0000 0000 | c5f8 7749 | 837f 0800 | 0f84 0500 | 0000 e965 | 43ff ff4c | 8b6d c04c 
  0x000002906652ce80: 8b75 c84e | 8d74 f500 | c348 8b43 | 1848 85c0 | 0f84 1200 | 0000 8b48 | 0883 c102 | 8948 0823 
  0x000002906652cea0: 482c 0f84 | de08 0000 | 493b a770 | 0500 000f | 8748 0000 | 0089 8424 | 00f0 ffff | 8984 2400 
  0x000002906652cec0: e0ff ff89 | 8424 00d0 | ffff 8984 | 2400 c0ff | ff89 8424 | 00b0 ffff | 8984 2400 | a0ff ff89 
  0x000002906652cee0: 8424 0090 | ffff 8984 | 2400 80ff | ff49 3ba7 | 6805 0000 | 7607 4989 | a770 0500 | 0041 c687 
  0x000002906652cf00: f104 0000 | 0048 8b5d | e84c 8b5b | 0845 0fb7 | 5b2e 41c1 | e303 492b | e348 83ec | 2048 83e4 
  0x000002906652cf20: f04c 8b5b | 784d 85db | 0f85 ab00 | 0000 e805 | 0000 00e9 | 9900 0000 | 488b d348 | 8d44 2408 
  0x000002906652cf40: 4c89 6dc0 | 498b cfc5 | f877 4989 | af38 0400 | 0049 8987 | 2804 0000 | 4883 ec20 | 40f6 c40f 
  0x000002906652cf60: 0f84 1900 | 0000 4883 | ec08 48b8 | 3012 d175 | ff7f 0000 | ffd0 4883 | c408 e90c | 0000 0048 
  0x000002906652cf80: b830 12d1 | 75ff 7f00 | 00ff d048 | 83c4 2049 | c787 2804 | 0000 0000 | 0000 49c7 | 8738 0400 
  0x000002906652cfa0: 0000 0000 | 0049 c787 | 3004 0000 | 0000 0000 | c5f8 7749 | 837f 0800 | 0f84 0500 | 0000 e91d 
  0x000002906652cfc0: 42ff ff4c | 8b6d c04c | 8b75 c84e | 8d74 f500 | c348 8b5d | e84c 8b5b | 7841 ffd3 | 488b 5de8 
  0x000002906652cfe0: 4889 4518 | 440f b75b | 2c41 f6c3 | 080f 841b | 0000 004c | 8b5b 084d | 8b5b 084d | 8b5b 184d 
  0x000002906652d000: 8b5b 704d | 8b1b 4c89 | 5d10 488d | 5510 488b | 4370 49ba | 8096 0c76 | ff7f 0000 | 493b c20f 
  0x000002906652d020: 85ab 0000 | 00e8 0500 | 0000 e999 | 0000 0048 | 8bd3 488d | 4424 084c | 896d c049 | 8bcf c5f8 
  0x000002906652d040: 7749 89af | 3804 0000 | 4989 8728 | 0400 0048 | 83ec 2040 | f6c4 0f0f | 8419 0000 | 0048 83ec 
  0x000002906652d060: 0848 b830 | 12d1 75ff | 7f00 00ff | d048 83c4 | 08e9 0c00 | 0000 48b8 | 3012 d175 | ff7f 0000 
  0x000002906652d080: ffd0 4883 | c420 49c7 | 8728 0400 | 0000 0000 | 0049 c787 | 3804 0000 | 0000 0000 | 49c7 8730 
  0x000002906652d0a0: 0400 0000 | 0000 00c5 | f877 4983 | 7f08 000f | 8405 0000 | 00e9 2641 | ffff 4c8b | 6dc0 4c8b 
  0x000002906652d0c0: 75c8 4e8d | 74f5 00c3 | 488b 5de8 | 488b 4370 | 498d 8f48 | 0400 004c | 8d15 d500 | 0000 4d89 
  0x000002906652d0e0: 9730 0400 | 00c5 f877 | 4989 af38 | 0400 0049 | 89a7 2804 | 0000 41c7 | 87d4 0400 | 0004 0000 
  0x000002906652d100: 0049 3ba7 | c805 0000 | 7607 4989 | a7c8 0500 | 00ff d049 | 3ba7 c805 | 0000 720b | 49c7 87c8 
  0x000002906652d120: 0500 0000 | 0000 00c5 | f877 4883 | ec10 c5fb | 1104 2448 | 83ec 1048 | 8904 2448 | c744 2408 
  0x000002906652d140: 0000 0000 | 41c7 87d4 | 0400 0005 | 0000 00f0 | 8344 24c0 | 0049 3b6f | 280f 870e | 0000 0041 
  0x000002906652d160: 83bf d004 | 0000 000f | 8420 0000 | 0049 8bcf | 4c8b e448 | 83ec 2048 | 83e4 f048 | b810 7cd2 
  0x000002906652d180: 75ff 7f00 | 00ff d049 | 8be4 4d33 | e441 c787 | d404 0000 | 0800 0000 | 4d8b 97f0 | 0500 0049 
  0x000002906652d1a0: 83fa 0074 | 3549 c787 | f005 0000 | 0000 0000 | 41ff e249 | ba00 be52 | 6690 0200 | 0041 ffd2 
  0x000002906652d1c0: 4883 ec10 | c5fb 1104 | 2448 83ec | 1048 8904 | 2448 c744 | 2408 0000 | 0000 49c7 | 8728 0400 
  0x000002906652d1e0: 0000 0000 | 0049 c787 | 3804 0000 | 0000 0000 | 49c7 8730 | 0400 0000 | 0000 00c5 | f877 4d8b 
  0x000002906652d200: 9fb8 0400 | 0041 c783 | 0001 0000 | 0000 0000 | 49bb faa6 | 5266 9002 | 0000 4c3b | 5d18 0f85 
  0x000002906652d220: 5501 0000 | 488b 0424 | 4883 c410 | 4885 c00f | 842f 0100 | 00a8 030f | 8508 0000 | 0048 8b00 
  0x000002906652d240: e91f 0100 | 00a8 010f | 8509 0000 | 0048 8b40 | fee9 0e01 | 0000 488b | 40ff 4180 | 7f48 000f 
  0x000002906652d260: 84ff 0000 | 0048 83f8 | 000f 84f5 | 0000 004d | 8b5f 384d | 85db 0f84 | 1400 0000 | 4983 eb08 
  0x000002906652d280: 4d89 5f38 | 4d03 5f40 | 4989 03e9 | d400 0000 | 4883 ec70 | 4889 0424 | 4889 4c24 | 0848 8954 
  0x000002906652d2a0: 2410 4c89 | 4424 184c | 894c 2420 | 4c89 5424 | 284c 895c | 2430 c5fb | 1144 2440 | c5fb 114c 
  0x000002906652d2c0: 2448 c5fb | 1154 2450 | c5fb 115c | 2458 c5fb | 1164 2460 | c5fb 116c | 2468 498b | d748 8bc8 
  0x000002906652d2e0: 4883 ec20 | 40f6 c40f | 0f84 1900 | 0000 4883 | ec08 48b8 | d0f1 c475 | ff7f 0000 | ffd0 4883 
  0x000002906652d300: c408 e90c | 0000 0048 | b8d0 f1c4 | 75ff 7f00 | 00ff d048 | 83c4 20c5 | fb10 6c24 | 68c5 fb10 
  0x000002906652d320: 6424 60c5 | fb10 5c24 | 58c5 fb10 | 5424 50c5 | fb10 4c24 | 48c5 fb10 | 4424 404c | 8b5c 2430 
  0x000002906652d340: 4c8b 5424 | 284c 8b4c | 2420 4c8b | 4424 1848 | 8b54 2410 | 488b 4c24 | 0848 8b04 | 2448 83c4 
  0x000002906652d360: 70c5 f877 | 4889 4510 | 4883 ec10 | 4889 0424 | 48c7 4424 | 0800 0000 | 0041 83bf | 5005 0000 
  0x000002906652d380: 020f 85bf | 0000 0048 | 81ec 8000 | 0000 4889 | 4424 7848 | 894c 2470 | 4889 5424 | 6848 895c 
  0x000002906652d3a0: 2460 4889 | 6c24 5048 | 8974 2448 | 4889 7c24 | 404c 8944 | 2438 4c89 | 4c24 304c | 8954 2428 
  0x000002906652d3c0: 4c89 5c24 | 204c 8964 | 2418 4c89 | 6c24 104c | 8974 2408 | 4c89 3c24 | 4c8b e448 | 83ec 2048 
  0x000002906652d3e0: 83e4 f048 | b800 7e0c | 76ff 7f00 | 00ff d049 | 8be4 4c8b | 3c24 4c8b | 7424 084c | 8b6c 2410 
  0x000002906652d400: 4c8b 6424 | 184c 8b5c | 2420 4c8b | 5424 284c | 8b4c 2430 | 4c8b 4424 | 3848 8b7c | 2440 488b 
  0x000002906652d420: 7424 4848 | 8b6c 2450 | 488b 5c24 | 6048 8b54 | 2468 488b | 4c24 7048 | 8b44 2478 | 4881 c480 
  0x000002906652d440: 0000 004d | 33e4 488b | 5de8 4c8b | 6b08 4d8d | 6d38 4983 | 7f08 000f | 84bb 0000 | 00e8 0500 
  0x000002906652d460: 0000 e996 | 0000 0048 | 8d44 2408 | 4c89 6dc0 | 498b cfc5 | f877 4989 | af38 0400 | 0049 8987 
  0x000002906652d480: 2804 0000 | 4883 ec20 | 40f6 c40f | 0f84 1900 | 0000 4883 | ec08 48b8 | d030 d175 | ff7f 0000 
  0x000002906652d4a0: ffd0 4883 | c408 e90c | 0000 0048 | b8d0 30d1 | 75ff 7f00 | 00ff d048 | 83c4 2049 | c787 2804 
  0x000002906652d4c0: 0000 0000 | 0000 49c7 | 8738 0400 | 0000 0000 | 0049 c787 | 3004 0000 | 0000 0000 | c5f8 7749 
  0x000002906652d4e0: 837f 0800 | 0f84 0500 | 0000 e9f1 | 3cff ff4c | 8b6d c04c | 8b75 c84e | 8d74 f500 | c348 b9b8 
  0x000002906652d500: a139 76ff | 7f00 0048 | 83e4 f048 | b800 dcf8 | 75ff 7f00 | 00ff d0f4 | 440f b75b | 2c41 f6c3 
  0x000002906652d520: 200f 8472 | 0100 0048 | 8d55 a84c | 8b5a 084d | 85db 0f85 | bb00 0000 | e805 0000 | 00e9 9600 
  0x000002906652d540: 0000 488d | 4424 084c | 896d c049 | 8bcf c5f8 | 7749 89af | 3804 0000 | 4989 8728 | 0400 0048 
  0x000002906652d560: 83ec 2040 | f6c4 0f0f | 8419 0000 | 0048 83ec | 0848 b800 | 30d1 75ff | 7f00 00ff | d048 83c4 
  0x000002906652d580: 08e9 0c00 | 0000 48b8 | 0030 d175 | ff7f 0000 | ffd0 4883 | c420 49c7 | 8728 0400 | 0000 0000 
  0x000002906652d5a0: 0049 c787 | 3804 0000 | 0000 0000 | 49c7 8730 | 0400 0000 | 0000 00c5 | f877 4983 | 7f08 000f 
  0x000002906652d5c0: 8405 0000 | 00e9 163c | ffff 4c8b | 6dc0 4c8b | 75c8 4e8d | 74f5 00c3 | 48b9 b8a1 | 3976 ff7f 
  0x000002906652d5e0: 0000 4883 | e4f0 48b8 | 00dc f875 | ff7f 0000 | ffd0 f44c | 896d c04c | 8b4a 0848 | c742 0800 
  0x000002906652d600: 0000 0045 | 8b87 e006 | 0000 4f3b | 4c07 f80f | 8542 0000 | 0041 83af | e006 0000 | 084f 3b4c 
  0x000002906652d620: 07f0 0f84 | 2a00 0000 | 498b 01a8 | 020f 8512 | 0000 004c | 8bc0 4983 | c801 f04d | 0fb1 010f 
  0x000002906652d640: 840d 0000 | 0041 8387 | e006 0000 | 08e9 0500 | 0000 e93e | 0000 004c | 894a 0848 | 8bca 4883 
  0x000002906652d660: ec20 40f6 | c40f 0f84 | 1900 0000 | 4883 ec08 | 48b8 1002 | d175 ff7f | 0000 ffd0 | 4883 c408 
  0x000002906652d680: e90c 0000 | 0048 b810 | 02d1 75ff | 7f00 00ff | d048 83c4 | 204c 8b6d | c041 c687 | 9603 0000 
  0x000002906652d6a0: 0149 3b6f | 280f 8705 | 0000 00e9 | ab00 0000 | 4883 ec10 | c5fb 1104 | 2448 83ec | 1048 8904 
  0x000002906652d6c0: 2448 c744 | 2408 0000 | 0000 c5f8 | 7749 89af | 3804 0000 | 49ba cad6 | 5266 9002 | 0000 4d89 
  0x000002906652d6e0: 9730 0400 | 0049 89a7 | 2804 0000 | 498b cf48 | 83ec 2040 | f6c4 0f0f | 8419 0000 | 0048 83ec 
  0x000002906652d700: 0848 b890 | e8d0 75ff | 7f00 00ff | d048 83c4 | 08e9 0c00 | 0000 48b8 | 90e8 d075 | ff7f 0000 
  0x000002906652d720: ffd0 4883 | c420 49c7 | 8728 0400 | 0000 0000 | 0049 c787 | 3804 0000 | 0000 0000 | 49c7 8730 
  0x000002906652d740: 0400 0000 | 0000 00c5 | f877 488b | 0424 4883 | c410 c5fb | 1004 2448 | 83c4 1048 | 8b04 2448 
  0x000002906652d760: 83c4 10c5 | fb10 0424 | 4883 c410 | 4c8b 5d18 | 41ff d34c | 8b5d f8c9 | 41c6 8796 | 0300 0000 
  0x000002906652d780: 5f49 8be3 | ffe7 ba00 | 0000 00e8 | 0500 0000 | e996 0000 | 0048 8d44 | 2408 4c89 | 6dc0 498b 
  0x000002906652d7a0: cfc5 f877 | 4989 af38 | 0400 0049 | 8987 2804 | 0000 4883 | ec20 40f6 | c40f 0f84 | 1900 0000 
  0x000002906652d7c0: 4883 ec08 | 48b8 e0f7 | d075 ff7f | 0000 ffd0 | 4883 c408 | e90c 0000 | 0048 b8e0 | f7d0 75ff 
  0x000002906652d7e0: 7f00 00ff | d048 83c4 | 2049 c787 | 2804 0000 | 0000 0000 | 49c7 8738 | 0400 0000 | 0000 0049 
  0x000002906652d800: c787 3004 | 0000 0000 | 0000 c5f8 | 7749 837f | 0800 0f84 | 0500 0000 | e9c3 39ff | ff4c 8b6d 
  0x000002906652d820: c04c 8b75 | c84e 8d74 | f500 c348 | 8b5d e8e9 | 74f6 ffff | 0f1f 4000 
[/MachCode]

---------------  P R O C E S S  ---------------

Threads class SMR info:
_java_thread_list=0x0000029077a43170, length=12, elements={
0x00000290596aae60, 0x000002907122d550, 0x0000029071266720, 0x000002907123d660,
0x0000029071269ec0, 0x000002907126a680, 0x0000029071249e40, 0x000002907124b170,
0x000002907128a490, 0x000002907128d540, 0x0000029071532a00, 0x0000029076de2d60
}

Java Threads: ( => current thread )
=>0x00000290596aae60 JavaThread "main"                              [_thread_in_native, id=41524, stack(0x000000fb38d00000,0x000000fb38e00000) (1024K)]
  0x000002907122d550 JavaThread "Common-Cleaner"             daemon [_thread_blocked, id=29860, stack(0x000000fb39500000,0x000000fb39600000) (1024K)]
  0x0000029071266720 JavaThread "Reference Handler"          daemon [_thread_blocked, id=42252, stack(0x000000fb39600000,0x000000fb39700000) (1024K)]
  0x000002907123d660 JavaThread "Finalizer"                  daemon [_thread_blocked, id=40344, stack(0x000000fb39700000,0x000000fb39800000) (1024K)]
  0x0000029071269ec0 JavaThread "Signal Dispatcher"          daemon [_thread_blocked, id=34172, stack(0x000000fb39800000,0x000000fb39900000) (1024K)]
  0x000002907126a680 JavaThread "Attach Listener"            daemon [_thread_blocked, id=17816, stack(0x000000fb39900000,0x000000fb39a00000) (1024K)]
  0x0000029071249e40 JavaThread "Service Thread"             daemon [_thread_blocked, id=33828, stack(0x000000fb39a00000,0x000000fb39b00000) (1024K)]
  0x000002907124b170 JavaThread "Monitor Deflation Thread"   daemon [_thread_blocked, id=40056, stack(0x000000fb39b00000,0x000000fb39c00000) (1024K)]
  0x000002907128a490 JavaThread "C2 CompilerThread0"         daemon [_thread_blocked, id=41764, stack(0x000000fb39c00000,0x000000fb39d00000) (1024K)]
  0x000002907128d540 JavaThread "C1 CompilerThread0"         daemon [_thread_blocked, id=30472, stack(0x000000fb39d00000,0x000000fb39e00000) (1024K)]
  0x0000029071532a00 JavaThread "Notification Thread"        daemon [_thread_blocked, id=22032, stack(0x000000fb39e00000,0x000000fb39f00000) (1024K)]
  0x0000029076de2d60 JavaThread "pool-1-thread-1"                   [_thread_blocked, id=3788, stack(0x000000fb3b740000,0x000000fb3b840000) (1024K)]
Total: 12

Other Threads:
  0x0000029071210d20 VMThread "VM Thread"                           [id=35028, stack(0x000000fb39400000,0x000000fb39500000) (1024K)]
  0x00000290711fda20 WatcherThread "VM Periodic Task Thread"        [id=26876, stack(0x000000fb39300000,0x000000fb39400000) (1024K)]
  0x000002905bb25ea0 WorkerThread "GC Thread#0"                     [id=41688, stack(0x000000fb38e00000,0x000000fb38f00000) (1024K)]
  0x00000290714898f0 WorkerThread "GC Thread#1"                     [id=30996, stack(0x000000fb38b00000,0x000000fb38c00000) (1024K)]
  0x00000290763f0480 WorkerThread "GC Thread#2"                     [id=14276, stack(0x000000fb38c00000,0x000000fb38d00000) (1024K)]
  0x00000290763efbe0 WorkerThread "GC Thread#3"                     [id=33352, stack(0x000000fb3ad40000,0x000000fb3ae40000) (1024K)]
  0x00000290763f0030 WorkerThread "GC Thread#4"                     [id=33264, stack(0x000000fb3ae40000,0x000000fb3af40000) (1024K)]
  0x00000290763f2700 WorkerThread "GC Thread#5"                     [id=2200, stack(0x000000fb3af40000,0x000000fb3b040000) (1024K)]
  0x00000290763f2b50 WorkerThread "GC Thread#6"                     [id=40576, stack(0x000000fb3b040000,0x000000fb3b140000) (1024K)]
  0x00000290763f08d0 WorkerThread "GC Thread#7"                     [id=43560, stack(0x000000fb3b140000,0x000000fb3b240000) (1024K)]
  0x00000290763f22b0 WorkerThread "GC Thread#8"                     [id=37272, stack(0x000000fb3b340000,0x000000fb3b440000) (1024K)]
  0x0000029076a251a0 WorkerThread "GC Thread#9"                     [id=37364, stack(0x000000fb3b440000,0x000000fb3b540000) (1024K)]
  0x000002905bb27970 ConcurrentGCThread "G1 Main Marker"            [id=11240, stack(0x000000fb38f00000,0x000000fb39000000) (1024K)]
  0x000002905bb283b0 WorkerThread "G1 Conc#0"                       [id=38340, stack(0x000000fb39000000,0x000000fb39100000) (1024K)]
  0x0000029076a255f0 WorkerThread "G1 Conc#1"                       [id=41936, stack(0x000000fb3b540000,0x000000fb3b640000) (1024K)]
  0x0000029076a296a0 WorkerThread "G1 Conc#2"                       [id=39696, stack(0x000000fb3b640000,0x000000fb3b740000) (1024K)]
  0x000002905bb7d2d0 ConcurrentGCThread "G1 Refine#0"               [id=43204, stack(0x000000fb39100000,0x000000fb39200000) (1024K)]
  0x000002905bb82900 ConcurrentGCThread "G1 Service"                [id=37300, stack(0x000000fb39200000,0x000000fb39300000) (1024K)]
Total: 18

Threads with active compile tasks:
Total: 0

VM state: not at safepoint (normal execution)

VM Mutex/Monitor currently owned by a thread: None

Heap address: 0x00000000fc000000, size: 64 MB, Compressed Oops mode: 32-bit

CDS archive(s) not mapped
Compressed class space mapped at: 0x0000000095000000-0x00000000d5000000, reserved size: 1073741824
UseCompressedClassPointers 1, UseCompactObjectHeaders 0
Narrow klass pointer bits 32, Max shift 3
Narrow klass base: 0x0000000000000000, Narrow klass shift: 0
Encoding Range: [0x0000000000000000 - 0x0000000100000000), (4294967296 bytes)
Klass Range:    [0x0000000095000000 - 0x00000000d5000000), (1073741824 bytes)
Klass ID Range:  [2499805184 - 3573547001) (1073741817)
No protection zone.

GC Precious Log:
 CardTable entry size: 512
 Card Set container configuration: InlinePtr #cards 5 size 8 Array Of Cards #cards 10 size 36 Howl #buckets 4 coarsen threshold 1843 Howl Bitmap #cards 512 size 80 coarsen threshold 460 Card regions per heap region 1 cards per card region 2048
 CPUs: 12 total, 12 available
 Memory: 32564M
 Large Page Support: Disabled
 NUMA Support: Disabled
 Compressed Oops: Enabled (32-bit)
 Heap Region Size: 1M
 Heap Min Capacity: 64M
 Heap Initial Capacity: 64M
 Heap Max Capacity: 64M
 Pre-touch: Disabled
 Parallel Workers: 10
 Concurrent Workers: 3
 Concurrent Refinement Workers: 10
 Periodic GC: Disabled

Heap:
 garbage-first heap   total reserved 65536K, committed 65536K, used 22429K [0x00000000fc000000, 0x0000000100000000)
  region size 1024K, 11 young (11264K), 2 survivors (2048K)

Heap Regions: E=young(eden), S=young(survivor), O=old, HS=humongous(starts), HC=humongous(continues), CS=collection set, F=free, TAMS=top-at-mark-start, PB=parsable bottom
|   0|0x00000000fc000000, 0x00000000fc100000, 0x00000000fc100000|100%| O|  |TAMS 0x00000000fc000000| PB 0x00000000fc000000| Untracked |  0
|   1|0x00000000fc100000, 0x00000000fc200000, 0x00000000fc200000|100%| O|  |TAMS 0x00000000fc100000| PB 0x00000000fc100000| Untracked |  0
|   2|0x00000000fc200000, 0x00000000fc300000, 0x00000000fc300000|100%| O|  |TAMS 0x00000000fc200000| PB 0x00000000fc200000| Untracked |  0
|   3|0x00000000fc300000, 0x00000000fc300000, 0x00000000fc400000|  0%| F|  |TAMS 0x00000000fc300000| PB 0x00000000fc300000| Untracked |  0
|   4|0x00000000fc400000, 0x00000000fc500000, 0x00000000fc500000|100%|HS|  |TAMS 0x00000000fc400000| PB 0x00000000fc400000| Complete |  0
|   5|0x00000000fc500000, 0x00000000fc600000, 0x00000000fc600000|100%|HC|  |TAMS 0x00000000fc500000| PB 0x00000000fc500000| Complete |  0
|   6|0x00000000fc600000, 0x00000000fc700000, 0x00000000fc700000|100%|HC|  |TAMS 0x00000000fc600000| PB 0x00000000fc600000| Complete |  0
|   7|0x00000000fc700000, 0x00000000fc800000, 0x00000000fc800000|100%| O|  |TAMS 0x00000000fc700000| PB 0x00000000fc700000| Untracked |  0
|   8|0x00000000fc800000, 0x00000000fc900000, 0x00000000fc900000|100%| O|  |TAMS 0x00000000fc800000| PB 0x00000000fc800000| Untracked |  0
|   9|0x00000000fc900000, 0x00000000fca00000, 0x00000000fca00000|100%| O|  |TAMS 0x00000000fc900000| PB 0x00000000fc900000| Untracked |  0
|  10|0x00000000fca00000, 0x00000000fcb00000, 0x00000000fcb00000|100%| O|  |TAMS 0x00000000fca00000| PB 0x00000000fca00000| Untracked |  0
|  11|0x00000000fcb00000, 0x00000000fcc00000, 0x00000000fcc00000|100%| O|  |TAMS 0x00000000fcb00000| PB 0x00000000fcb00000| Untracked |  0
|  12|0x00000000fcc00000, 0x00000000fcd00000, 0x00000000fcd00000|100%| O|  |TAMS 0x00000000fcc00000| PB 0x00000000fcc00000| Untracked |  0
|  13|0x00000000fcd00000, 0x00000000fcdb1840, 0x00000000fce00000| 69%| O|  |TAMS 0x00000000fcd00000| PB 0x00000000fcd00000| Untracked |  0
|  14|0x00000000fce00000, 0x00000000fce00000, 0x00000000fcf00000|  0%| F|  |TAMS 0x00000000fce00000| PB 0x00000000fce00000| Untracked |  0
|  15|0x00000000fcf00000, 0x00000000fcf00000, 0x00000000fd000000|  0%| F|  |TAMS 0x00000000fcf00000| PB 0x00000000fcf00000| Untracked |  0
|  16|0x00000000fd000000, 0x00000000fd000000, 0x00000000fd100000|  0%| F|  |TAMS 0x00000000fd000000| PB 0x00000000fd000000| Untracked |  0
|  17|0x00000000fd100000, 0x00000000fd100000, 0x00000000fd200000|  0%| F|  |TAMS 0x00000000fd100000| PB 0x00000000fd100000| Untracked |  0
|  18|0x00000000fd200000, 0x00000000fd200000, 0x00000000fd300000|  0%| F|  |TAMS 0x00000000fd200000| PB 0x00000000fd200000| Untracked |  0
|  19|0x00000000fd300000, 0x00000000fd300000, 0x00000000fd400000|  0%| F|  |TAMS 0x00000000fd300000| PB 0x00000000fd300000| Untracked |  0
|  20|0x00000000fd400000, 0x00000000fd400000, 0x00000000fd500000|  0%| F|  |TAMS 0x00000000fd400000| PB 0x00000000fd400000| Untracked |  0
|  21|0x00000000fd500000, 0x00000000fd500000, 0x00000000fd600000|  0%| F|  |TAMS 0x00000000fd500000| PB 0x00000000fd500000| Untracked |  0
|  22|0x00000000fd600000, 0x00000000fd600000, 0x00000000fd700000|  0%| F|  |TAMS 0x00000000fd600000| PB 0x00000000fd600000| Untracked |  0
|  23|0x00000000fd700000, 0x00000000fd700000, 0x00000000fd800000|  0%| F|  |TAMS 0x00000000fd700000| PB 0x00000000fd700000| Untracked |  0
|  24|0x00000000fd800000, 0x00000000fd800000, 0x00000000fd900000|  0%| F|  |TAMS 0x00000000fd800000| PB 0x00000000fd800000| Untracked |  0
|  25|0x00000000fd900000, 0x00000000fd900000, 0x00000000fda00000|  0%| F|  |TAMS 0x00000000fd900000| PB 0x00000000fd900000| Untracked |  0
|  26|0x00000000fda00000, 0x00000000fda00000, 0x00000000fdb00000|  0%| F|  |TAMS 0x00000000fda00000| PB 0x00000000fda00000| Untracked |  0
|  27|0x00000000fdb00000, 0x00000000fdb00000, 0x00000000fdc00000|  0%| F|  |TAMS 0x00000000fdb00000| PB 0x00000000fdb00000| Untracked |  0
|  28|0x00000000fdc00000, 0x00000000fdc00000, 0x00000000fdd00000|  0%| F|  |TAMS 0x00000000fdc00000| PB 0x00000000fdc00000| Untracked |  0
|  29|0x00000000fdd00000, 0x00000000fdd00000, 0x00000000fde00000|  0%| F|  |TAMS 0x00000000fdd00000| PB 0x00000000fdd00000| Untracked |  0
|  30|0x00000000fde00000, 0x00000000fde00000, 0x00000000fdf00000|  0%| F|  |TAMS 0x00000000fde00000| PB 0x00000000fde00000| Untracked |  0
|  31|0x00000000fdf00000, 0x00000000fdf00000, 0x00000000fe000000|  0%| F|  |TAMS 0x00000000fdf00000| PB 0x00000000fdf00000| Untracked |  0
|  32|0x00000000fe000000, 0x00000000fe000000, 0x00000000fe100000|  0%| F|  |TAMS 0x00000000fe000000| PB 0x00000000fe000000| Untracked |  0
|  33|0x00000000fe100000, 0x00000000fe100000, 0x00000000fe200000|  0%| F|  |TAMS 0x00000000fe100000| PB 0x00000000fe100000| Untracked |  0
|  34|0x00000000fe200000, 0x00000000fe200000, 0x00000000fe300000|  0%| F|  |TAMS 0x00000000fe200000| PB 0x00000000fe200000| Untracked |  0
|  35|0x00000000fe300000, 0x00000000fe335be0, 0x00000000fe400000| 20%| S|CS|TAMS 0x00000000fe300000| PB 0x00000000fe300000| Complete |  0
|  36|0x00000000fe400000, 0x00000000fe500000, 0x00000000fe500000|100%| S|CS|TAMS 0x00000000fe400000| PB 0x00000000fe400000| Complete |  0
|  37|0x00000000fe500000, 0x00000000fe500000, 0x00000000fe600000|  0%| F|  |TAMS 0x00000000fe500000| PB 0x00000000fe500000| Untracked |  0
|  38|0x00000000fe600000, 0x00000000fe600000, 0x00000000fe700000|  0%| F|  |TAMS 0x00000000fe600000| PB 0x00000000fe600000| Untracked |  0
|  39|0x00000000fe700000, 0x00000000fe700000, 0x00000000fe800000|  0%| F|  |TAMS 0x00000000fe700000| PB 0x00000000fe700000| Untracked |  0
|  40|0x00000000fe800000, 0x00000000fe800000, 0x00000000fe900000|  0%| F|  |TAMS 0x00000000fe800000| PB 0x00000000fe800000| Untracked |  0
|  41|0x00000000fe900000, 0x00000000fe900000, 0x00000000fea00000|  0%| F|  |TAMS 0x00000000fe900000| PB 0x00000000fe900000| Untracked |  0
|  42|0x00000000fea00000, 0x00000000fea00000, 0x00000000feb00000|  0%| F|  |TAMS 0x00000000fea00000| PB 0x00000000fea00000| Untracked |  0
|  43|0x00000000feb00000, 0x00000000feb00000, 0x00000000fec00000|  0%| F|  |TAMS 0x00000000feb00000| PB 0x00000000feb00000| Untracked |  0
|  44|0x00000000fec00000, 0x00000000fec00000, 0x00000000fed00000|  0%| F|  |TAMS 0x00000000fec00000| PB 0x00000000fec00000| Untracked |  0
|  45|0x00000000fed00000, 0x00000000fed00000, 0x00000000fee00000|  0%| F|  |TAMS 0x00000000fed00000| PB 0x00000000fed00000| Untracked |  0
|  46|0x00000000fee00000, 0x00000000fee00000, 0x00000000fef00000|  0%| F|  |TAMS 0x00000000fee00000| PB 0x00000000fee00000| Untracked |  0
|  47|0x00000000fef00000, 0x00000000fef00000, 0x00000000ff000000|  0%| F|  |TAMS 0x00000000fef00000| PB 0x00000000fef00000| Untracked |  0
|  48|0x00000000ff000000, 0x00000000ff000000, 0x00000000ff100000|  0%| F|  |TAMS 0x00000000ff000000| PB 0x00000000ff000000| Untracked |  0
|  49|0x00000000ff100000, 0x00000000ff100000, 0x00000000ff200000|  0%| F|  |TAMS 0x00000000ff100000| PB 0x00000000ff100000| Untracked |  0
|  50|0x00000000ff200000, 0x00000000ff200000, 0x00000000ff300000|  0%| F|  |TAMS 0x00000000ff200000| PB 0x00000000ff200000| Untracked |  0
|  51|0x00000000ff300000, 0x00000000ff300000, 0x00000000ff400000|  0%| F|  |TAMS 0x00000000ff300000| PB 0x00000000ff300000| Untracked |  0
|  52|0x00000000ff400000, 0x00000000ff400000, 0x00000000ff500000|  0%| F|  |TAMS 0x00000000ff400000| PB 0x00000000ff400000| Untracked |  0
|  53|0x00000000ff500000, 0x00000000ff500000, 0x00000000ff600000|  0%| F|  |TAMS 0x00000000ff500000| PB 0x00000000ff500000| Untracked |  0
|  54|0x00000000ff600000, 0x00000000ff600000, 0x00000000ff700000|  0%| F|  |TAMS 0x00000000ff600000| PB 0x00000000ff600000| Untracked |  0
|  55|0x00000000ff700000, 0x00000000ff780000, 0x00000000ff800000| 50%| E|  |TAMS 0x00000000ff700000| PB 0x00000000ff700000| Complete |  0
|  56|0x00000000ff800000, 0x00000000ff900000, 0x00000000ff900000|100%| E|CS|TAMS 0x00000000ff800000| PB 0x00000000ff800000| Complete |  0
|  57|0x00000000ff900000, 0x00000000ffa00000, 0x00000000ffa00000|100%| E|CS|TAMS 0x00000000ff900000| PB 0x00000000ff900000| Complete |  0
|  58|0x00000000ffa00000, 0x00000000ffb00000, 0x00000000ffb00000|100%| E|CS|TAMS 0x00000000ffa00000| PB 0x00000000ffa00000| Complete |  0
|  59|0x00000000ffb00000, 0x00000000ffc00000, 0x00000000ffc00000|100%| E|CS|TAMS 0x00000000ffb00000| PB 0x00000000ffb00000| Complete |  0
|  60|0x00000000ffc00000, 0x00000000ffd00000, 0x00000000ffd00000|100%| E|CS|TAMS 0x00000000ffc00000| PB 0x00000000ffc00000| Complete |  0
|  61|0x00000000ffd00000, 0x00000000ffe00000, 0x00000000ffe00000|100%| E|CS|TAMS 0x00000000ffd00000| PB 0x00000000ffd00000| Complete |  0
|  62|0x00000000ffe00000, 0x00000000fff00000, 0x00000000fff00000|100%| E|CS|TAMS 0x00000000ffe00000| PB 0x00000000ffe00000| Complete |  0
|  63|0x00000000fff00000, 0x0000000100000000, 0x0000000100000000|100%| E|CS|TAMS 0x00000000fff00000| PB 0x00000000fff00000| Complete |  0

Card table byte_map: [0x000002905b280000,0x000002905b2a0000] _byte_map_base: 0x000002905aaa0000

Marking Bits: (CMBitMap*) 0x000002905bb26430
 Bits: [0x000002906e540000, 0x000002906e640000)

Polling page: 0x000002905b230000

Metaspace:
Metaspace        used 26652K, committed 26944K, reserved 1114112K
 class space     used 3250K, committed 3392K, reserved 1048576K

Usage:
  Non-class:     22.85 MB used.
      Class:      3.17 MB used.
       Both:     26.03 MB used.

Virtual space:
  Non-class space:       64.00 MB reserved,      23.00 MB ( 36%) committed,  1 nodes.
      Class space:        1.00 GB reserved,       3.31 MB ( <1%) committed,  1 nodes.
             Both:        1.06 GB reserved,      26.31 MB (  2%) committed. 

Chunk freelists:
   Non-Class:  8.61 MB
       Class:  12.53 MB
        Both:  21.14 MB

MaxMetaspaceSize: unlimited
CompressedClassSpaceSize: 1.00 GB
Initial GC threshold: 21.00 MB
Current GC threshold: 35.12 MB
CDS: off
 - commit_granule_bytes: 65536.
 - commit_granule_words: 8192.
 - virtual_space_node_default_size: 8388608.
 - enlarge_chunks_in_place: 1.
UseCompressedClassPointers 1, UseCompactObjectHeaders 0
Narrow klass pointer bits 32, Max shift 3
Narrow klass base: 0x0000000000000000, Narrow klass shift: 0
Encoding Range: [0x0000000000000000 - 0x0000000100000000), (4294967296 bytes)
Klass Range:    [0x0000000095000000 - 0x00000000d5000000), (1073741824 bytes)
Klass ID Range:  [2499805184 - 3573547001) (1073741817)
No protection zone.


Internal statistics:

num_allocs_failed_limit: 3.
num_arena_births: 252.
num_arena_deaths: 4.
num_vsnodes_births: 2.
num_vsnodes_deaths: 0.
num_space_committed: 421.
num_space_uncommitted: 0.
num_chunks_returned_to_freelist: 7.
num_chunks_taken_from_freelist: 571.
num_chunk_merges: 0.
num_chunk_splits: 381.
num_chunks_enlarged: 287.
num_inconsistent_stats: 0.

CodeHeap 'non-profiled nmethods': size=120064Kb used=1313Kb max_used=1313Kb free=118751Kb
 bounds [0x0000029066ab0000, 0x0000029066d20000, 0x000002906dff0000]
CodeHeap 'profiled nmethods': size=120000Kb used=4648Kb max_used=4648Kb free=115351Kb
 bounds [0x000002905eff0000, 0x000002905f480000, 0x0000029066520000]
CodeHeap 'non-nmethods': size=5696Kb used=1444Kb max_used=1471Kb free=4252Kb
 bounds [0x0000029066520000, 0x0000029066790000, 0x0000029066ab0000]
CodeCache: size=245760Kb, used=7405Kb, max_used=7432Kb, free=238354Kb
 total_blobs=3730, nmethods=3142, adapters=491, full_count=0
Compilation: enabled, stopped_count=0, restarted_count=0

Compilation events (20 events):
Event: 226.788 Thread 0x000002907128d540 3133       3       java.lang.AbstractStringBuilder::append (100 bytes)
Event: 226.788 Thread 0x000002907128d540 nmethod 3133 0x000002905f471d08 code [0x000002905f471e00, 0x000002905f4724a0]
Event: 226.791 Thread 0x000002907128d540 3134       3       org.gradle.internal.stream.EncodedStream$EncodedInput::hexToByte (61 bytes)
Event: 226.792 Thread 0x000002907128d540 nmethod 3134 0x000002905f472508 code [0x000002905f472600, 0x000002905f4734e8]
Event: 226.793 Thread 0x000002907128d540 3135       3       java.lang.StringBuilder::toString (20 bytes)
Event: 226.793 Thread 0x000002907128d540 nmethod 3135 0x000002905f473508 code [0x000002905f473600, 0x000002905f4738e8]
Event: 226.795 Thread 0x000002907128d540 3136       3       java.lang.String::<init> (98 bytes)
Event: 226.795 Thread 0x000002907128d540 nmethod 3136 0x000002905f473908 code [0x000002905f473a00, 0x000002905f474188]
Event: 226.801 Thread 0x000002907128d540 3137       3       java.lang.invoke.InnerClassLambdaMetafactory::argName (38 bytes)
Event: 226.801 Thread 0x000002907128d540 nmethod 3137 0x000002905f474208 code [0x000002905f474300, 0x000002905f474a28]
Event: 226.810 Thread 0x000002907128d540 3138   !   3       java.util.concurrent.ConcurrentHashMap::transfer (849 bytes)
Event: 226.812 Thread 0x000002907128a490 3139       4       java.io.DataInputStream::readFully (59 bytes)
Event: 226.813 Thread 0x000002907128d540 nmethod 3138 0x000002905f474a88 code [0x000002905f474b80, 0x000002905f4770e8]
Event: 226.813 Thread 0x000002907128d540 3140       3       java.lang.invoke.MemberName::<init> (139 bytes)
Event: 226.813 Thread 0x000002907128d540 nmethod 3140 0x000002905f477108 code [0x000002905f477200, 0x000002905f478550]
Event: 226.815 Thread 0x000002907128d540 3141       3       jdk.internal.jimage.ImageStringsReader::stringFromByteBufferMatches (138 bytes)
Event: 226.816 Thread 0x000002907128d540 nmethod 3141 0x000002905f478588 code [0x000002905f478680, 0x000002905f479a28]
Event: 226.817 Thread 0x000002907128a490 nmethod 3139 0x0000029066bf7c08 code [0x0000029066bf7d00, 0x0000029066bf83b0]
Event: 226.819 Thread 0x000002907128d540 3142   !   3       java.lang.Class::desiredAssertionStatus (54 bytes)
Event: 226.819 Thread 0x000002907128d540 nmethod 3142 0x000002905f479a88 code [0x000002905f479b80, 0x000002905f47a198]

GC Heap Usage History (12 events):
Event: 214.742 {heap Before GC invocations=0 (full 0):
 garbage-first heap   total reserved 65536K, committed 65536K, used 33792K [0x00000000fc000000, 0x0000000100000000)
  region size 1024K, 34 young (34816K), 0 survivors (0K)
}
Event: 214.757 {heap After GC invocations=1 (full 0):
 garbage-first heap   total reserved 65536K, committed 65536K, used 4032K [0x00000000fc000000, 0x0000000100000000)
  region size 1024K, 4 young (4096K), 4 survivors (4096K)
}
Event: 217.551 {heap Before GC invocations=1 (full 0):
 garbage-first heap   total reserved 65536K, committed 65536K, used 30656K [0x00000000fc000000, 0x0000000100000000)
  region size 1024K, 31 young (31744K), 4 survivors (4096K)
}
Event: 217.556 {heap After GC invocations=2 (full 0):
 garbage-first heap   total reserved 65536K, committed 65536K, used 4934K [0x00000000fc000000, 0x0000000100000000)
  region size 1024K, 1 young (1024K), 1 survivors (1024K)
}
Event: 217.748 {heap Before GC invocations=2 (full 0):
 garbage-first heap   total reserved 65536K, committed 65536K, used 39750K [0x00000000fc000000, 0x0000000100000000)
  region size 1024K, 35 young (35840K), 1 survivors (1024K)
}
Event: 217.769 {heap After GC invocations=3 (full 0):
 garbage-first heap   total reserved 65536K, committed 65536K, used 6210K [0x00000000fc000000, 0x0000000100000000)
  region size 1024K, 3 young (3072K), 3 survivors (3072K)
}
Event: 221.231 {heap Before GC invocations=3 (full 0):
 garbage-first heap   total reserved 65536K, committed 65536K, used 23618K [0x00000000fc000000, 0x0000000100000000)
  region size 1024K, 18 young (18432K), 3 survivors (3072K)
}
Event: 221.234 {heap After GC invocations=4 (full 0):
 garbage-first heap   total reserved 65536K, committed 65536K, used 13243K [0x00000000fc000000, 0x0000000100000000)
  region size 1024K, 5 young (5120K), 5 survivors (5120K)
}
Event: 222.318 {heap Before GC invocations=5 (full 0):
 garbage-first heap   total reserved 65536K, committed 65536K, used 40891K [0x00000000fc000000, 0x0000000100000000)
  region size 1024K, 32 young (32768K), 5 survivors (5120K)
}
Event: 222.320 {heap After GC invocations=6 (full 0):
 garbage-first heap   total reserved 65536K, committed 65536K, used 14616K [0x00000000fc000000, 0x0000000100000000)
  region size 1024K, 2 young (2048K), 2 survivors (2048K)
}
Event: 222.443 {heap Before GC invocations=6 (full 0):
 garbage-first heap   total reserved 65536K, committed 65536K, used 42264K [0x00000000fc000000, 0x0000000100000000)
  region size 1024K, 29 young (29696K), 2 survivors (2048K)
}
Event: 222.445 {heap After GC invocations=7 (full 0):
 garbage-first heap   total reserved 65536K, committed 65536K, used 14237K [0x00000000fc000000, 0x0000000100000000)
  region size 1024K, 2 young (2048K), 2 survivors (2048K)
}

Metaspace Usage History (12 events):
Event: 214.742 {metaspace Before GC invocations=0 (full 0):
 Metaspace       used 17533K, committed 17728K, reserved 1114112K
  class space    used 1907K, committed 1984K, reserved 1048576K
}
Event: 214.757 {metaspace After GC invocations=1 (full 0):
 Metaspace       used 17533K, committed 17728K, reserved 1114112K
  class space    used 1907K, committed 1984K, reserved 1048576K
}
Event: 217.551 {metaspace Before GC invocations=1 (full 0):
 Metaspace       used 18059K, committed 18240K, reserved 1114112K
  class space    used 1952K, committed 2048K, reserved 1048576K
}
Event: 217.556 {metaspace After GC invocations=2 (full 0):
 Metaspace       used 18059K, committed 18240K, reserved 1114112K
  class space    used 1952K, committed 2048K, reserved 1048576K
}
Event: 217.748 {metaspace Before GC invocations=2 (full 0):
 Metaspace       used 18149K, committed 18368K, reserved 1114112K
  class space    used 1955K, committed 2048K, reserved 1048576K
}
Event: 217.769 {metaspace After GC invocations=3 (full 0):
 Metaspace       used 18149K, committed 18368K, reserved 1114112K
  class space    used 1955K, committed 2048K, reserved 1048576K
}
Event: 221.231 {metaspace Before GC invocations=3 (full 0):
 Metaspace       used 21319K, committed 21504K, reserved 1114112K
  class space    used 2444K, committed 2560K, reserved 1048576K
}
Event: 221.234 {metaspace After GC invocations=4 (full 0):
 Metaspace       used 21319K, committed 21504K, reserved 1114112K
  class space    used 2444K, committed 2560K, reserved 1048576K
}
Event: 222.318 {metaspace Before GC invocations=5 (full 0):
 Metaspace       used 24830K, committed 25024K, reserved 1114112K
  class space    used 3049K, committed 3136K, reserved 1048576K
}
Event: 222.320 {metaspace After GC invocations=6 (full 0):
 Metaspace       used 24830K, committed 25024K, reserved 1114112K
  class space    used 3049K, committed 3136K, reserved 1048576K
}
Event: 222.443 {metaspace Before GC invocations=6 (full 0):
 Metaspace       used 24836K, committed 25088K, reserved 1114112K
  class space    used 3049K, committed 3136K, reserved 1048576K
}
Event: 222.445 {metaspace After GC invocations=7 (full 0):
 Metaspace       used 24836K, committed 25088K, reserved 1114112K
  class space    used 3049K, committed 3136K, reserved 1048576K
}

Dll operation events (3 events):
Event: 0.007 Loaded shared library C:\Program Files\Android\Android Studio\jbr\bin\java.dll
Event: 0.010 Loaded shared library C:\Program Files\Android\Android Studio\jbr\bin\zip.dll
Event: 0.090 Loaded shared library C:\Program Files\Android\Android Studio\jbr\bin\verify.dll

Deoptimization events (20 events):
Event: 226.789 Thread 0x00000290596aae60 Uncommon trap: trap_request=0xffffffc6 fr.pc=0x0000029066aea1b0 relative=0x0000000000000a30
Event: 226.789 Thread 0x00000290596aae60 Uncommon trap: reason=bimorphic_or_optimized_type_check action=maybe_recompile pc=0x0000029066aea1b0 method=java.io.DataInputStream.readFully([BII)V @ 30 c2
Event: 226.789 Thread 0x00000290596aae60 DEOPT PACKING pc=0x0000029066aea1b0 sp=0x000000fb38dfdcc0
Event: 226.789 Thread 0x00000290596aae60 DEOPT UNPACKING pc=0x0000029066638582 sp=0x000000fb38dfdc98 mode 2
Event: 226.789 Thread 0x00000290596aae60 Uncommon trap: trap_request=0xffffffc6 fr.pc=0x0000029066aea1b0 relative=0x0000000000000a30
Event: 226.789 Thread 0x00000290596aae60 Uncommon trap: reason=bimorphic_or_optimized_type_check action=maybe_recompile pc=0x0000029066aea1b0 method=java.io.DataInputStream.readFully([BII)V @ 30 c2
Event: 226.789 Thread 0x00000290596aae60 DEOPT PACKING pc=0x0000029066aea1b0 sp=0x000000fb38dfdcc0
Event: 226.789 Thread 0x00000290596aae60 DEOPT UNPACKING pc=0x0000029066638582 sp=0x000000fb38dfdc98 mode 2
Event: 226.789 Thread 0x00000290596aae60 Uncommon trap: trap_request=0xffffffc6 fr.pc=0x0000029066aea1b0 relative=0x0000000000000a30
Event: 226.789 Thread 0x00000290596aae60 Uncommon trap: reason=bimorphic_or_optimized_type_check action=maybe_recompile pc=0x0000029066aea1b0 method=java.io.DataInputStream.readFully([BII)V @ 30 c2
Event: 226.789 Thread 0x00000290596aae60 DEOPT PACKING pc=0x0000029066aea1b0 sp=0x000000fb38dfdd20
Event: 226.789 Thread 0x00000290596aae60 DEOPT UNPACKING pc=0x0000029066638582 sp=0x000000fb38dfdcf8 mode 2
Event: 226.810 Thread 0x00000290596aae60 Uncommon trap: trap_request=0xffffff45 fr.pc=0x0000029066bbe7d0 relative=0x0000000000000c50
Event: 226.810 Thread 0x00000290596aae60 Uncommon trap: reason=unstable_if action=reinterpret pc=0x0000029066bbe7d0 method=java.util.concurrent.ConcurrentHashMap.transfer([Ljava/util/concurrent/ConcurrentHashMap$Node;[Ljava/util/concurrent/ConcurrentHashMap$Node;)V @ 26 c2
Event: 226.810 Thread 0x00000290596aae60 DEOPT PACKING pc=0x0000029066bbe7d0 sp=0x000000fb38df8f90
Event: 226.810 Thread 0x00000290596aae60 DEOPT UNPACKING pc=0x0000029066638582 sp=0x000000fb38df8ef0 mode 2
Event: 226.947 Thread 0x00000290596aae60 Uncommon trap: trap_request=0xffffff45 fr.pc=0x0000029066bb171c relative=0x000000000000021c
Event: 226.947 Thread 0x00000290596aae60 Uncommon trap: reason=unstable_if action=reinterpret pc=0x0000029066bb171c method=sun.nio.fs.NativeBuffers.getNativeBufferFromCache(I)Lsun/nio/fs/NativeBuffer; @ 34 c2
Event: 226.947 Thread 0x00000290596aae60 DEOPT PACKING pc=0x0000029066bb171c sp=0x000000fb38dfd8a0
Event: 226.947 Thread 0x00000290596aae60 DEOPT UNPACKING pc=0x0000029066638582 sp=0x000000fb38dfd828 mode 2

Classes loaded (20 events):
Event: 226.942 Loading class sun/nio/ch/UnixDomainSockets
Event: 226.942 Loading class sun/nio/ch/UnixDomainSockets done
Event: 226.942 Loading class sun/nio/ch/UnixDomainSocketsUtil
Event: 226.942 Loading class sun/nio/ch/UnixDomainSocketsUtil done
Event: 226.944 Loading class java/nio/channels/ServerSocketChannel
Event: 226.944 Loading class java/nio/channels/ServerSocketChannel done
Event: 226.944 Loading class sun/nio/ch/ServerSocketChannelImpl
Event: 226.945 Loading class sun/nio/ch/ServerSocketChannelImpl done
Event: 226.945 Loading class java/net/UnixDomainSocketAddress
Event: 226.945 Loading class java/net/UnixDomainSocketAddress done
Event: 226.946 Loading class java/nio/BufferMismatch
Event: 226.946 Loading class java/nio/BufferMismatch done
Event: 226.946 Loading class sun/nio/ch/SourceChannelImpl
Event: 226.946 Loading class java/nio/channels/Pipe$SourceChannel
Event: 226.946 Loading class java/nio/channels/Pipe$SourceChannel done
Event: 226.947 Loading class sun/nio/ch/SourceChannelImpl done
Event: 226.947 Loading class sun/nio/ch/SinkChannelImpl
Event: 226.947 Loading class java/nio/channels/Pipe$SinkChannel
Event: 226.947 Loading class java/nio/channels/Pipe$SinkChannel done
Event: 226.947 Loading class sun/nio/ch/SinkChannelImpl done

Classes unloaded (2 events):
Event: 221.238 Thread 0x0000029071210d20 Unloading class 0x00000000951c0400 'java/lang/invoke/LambdaForm$MH+0x00000000951c0400'
Event: 221.238 Thread 0x0000029071210d20 Unloading class 0x0000000095140c00 'java/lang/invoke/LambdaForm$DMH+0x0000000095140c00'

Classes redefined (0 events):
No events

Internal exceptions (20 events):
Event: 222.114 Thread 0x00000290596aae60 Exception <a 'sun/nio/fs/WindowsException'{0x00000000ff966b90}> (0x00000000ff966b90) 
thrown [s\src\hotspot\share\prims\jni.cpp, line 535]
Event: 222.114 Thread 0x00000290596aae60 Exception <a 'sun/nio/fs/WindowsException'{0x00000000ff9688f8}> (0x00000000ff9688f8) 
thrown [s\src\hotspot\share\prims\jni.cpp, line 535]
Event: 222.114 Thread 0x00000290596aae60 Exception <a 'sun/nio/fs/WindowsException'{0x00000000ff96ac18}> (0x00000000ff96ac18) 
thrown [s\src\hotspot\share\prims\jni.cpp, line 535]
Event: 222.126 Thread 0x00000290596aae60 Exception <a 'java/lang/NoSuchMethodError'{0x00000000ff819530}: 'int java.lang.invoke.DirectMethodHandle$Holder.invokeVirtual(java.lang.Object, java.lang.Object, java.lang.Object)'> (0x00000000ff819530) 
thrown [s\src\hotspot\share\interpreter\linkResolver.cpp, line 815]
Event: 222.132 Thread 0x00000290596aae60 Exception <a 'java/lang/NoSuchMethodError'{0x00000000ff8ac9f0}: 'int java.lang.invoke.DirectMethodHandle$Holder.invokeStatic(java.lang.Object)'> (0x00000000ff8ac9f0) 
thrown [s\src\hotspot\share\interpreter\linkResolver.cpp, line 815]
Event: 222.132 Thread 0x00000290596aae60 Exception <a 'java/lang/NoSuchMethodError'{0x00000000ff8b4990}: 'int java.lang.invoke.DirectMethodHandle$Holder.invokeStaticInit(java.lang.Object)'> (0x00000000ff8b4990) 
thrown [s\src\hotspot\share\interpreter\linkResolver.cpp, line 815]
Event: 222.145 Thread 0x00000290596aae60 Exception <a 'java/lang/NoSuchMethodError'{0x00000000ff7b0ce8}: 'java.lang.Object java.lang.invoke.DirectMethodHandle$Holder.invokeVirtual(java.lang.Object, java.lang.Object, java.lang.Object, java.lang.Object, java.lang.Object, java.lang.Object)'> (0x00000000ff7b0ce8) 
thrown [s\src\hotspot\share\interpreter\linkResolver.cpp, line 815]
Event: 222.151 Thread 0x00000290596aae60 Exception <a 'sun/nio/fs/WindowsException'{0x00000000ff63fbd0}> (0x00000000ff63fbd0) 
thrown [s\src\hotspot\share\prims\jni.cpp, line 535]
Event: 222.151 Thread 0x00000290596aae60 Exception <a 'sun/nio/fs/WindowsException'{0x00000000ff640800}> (0x00000000ff640800) 
thrown [s\src\hotspot\share\prims\jni.cpp, line 535]
Event: 222.151 Thread 0x00000290596aae60 Exception <a 'sun/nio/fs/WindowsException'{0x00000000ff641700}> (0x00000000ff641700) 
thrown [s\src\hotspot\share\prims\jni.cpp, line 535]
Event: 222.151 Thread 0x00000290596aae60 Exception <a 'sun/nio/fs/WindowsException'{0x00000000ff642938}> (0x00000000ff642938) 
thrown [s\src\hotspot\share\prims\jni.cpp, line 535]
Event: 222.155 Thread 0x00000290596aae60 Exception <a 'java/lang/NoSuchMethodError'{0x00000000ff6862a8}: 'java.lang.Object java.lang.invoke.DirectMethodHandle$Holder.invokeVirtual(java.lang.Object, java.lang.Object, java.lang.Object, java.lang.Object, java.lang.Object)'> (0x00000000ff6862a8) 
thrown [s\src\hotspot\share\interpreter\linkResolver.cpp, line 815]
Event: 222.156 Thread 0x00000290596aae60 Exception <a 'java/lang/NoSuchMethodError'{0x00000000ff6b2380}: 'java.lang.Object java.lang.invoke.Invokers$Holder.invokeExact_MT(java.lang.Object, java.lang.Object, java.lang.Object, java.lang.Object, java.lang.Object, java.lang.Object)'> (0x00000000ff6b2380) 
thrown [s\src\hotspot\share\interpreter\linkResolver.cpp, line 815]
Event: 222.227 Thread 0x00000290596aae60 Exception <a 'java/lang/NoSuchMethodError'{0x00000000ff5af6c8}: 'java.lang.Object java.lang.invoke.DirectMethodHandle$Holder.invokeSpecialIFC(java.lang.Object, java.lang.Object, java.lang.Object, java.lang.Object)'> (0x00000000ff5af6c8) 
thrown [s\src\hotspot\share\interpreter\linkResolver.cpp, line 815]
Event: 222.228 Thread 0x00000290596aae60 Exception <a 'java/lang/NoSuchMethodError'{0x00000000ff5c26d8}: 'java.lang.Object java.lang.invoke.DirectMethodHandle$Holder.invokeVirtual(java.lang.Object, java.lang.Object, java.lang.Object, java.lang.Object, java.lang.Object, java.lang.Object, java.lang.Object, java.lang.Object)'> (0x00000000ff5c26d8) 
thrown [s\src\hotspot\share\interpreter\linkResolver.cpp, line 815]
Event: 222.232 Thread 0x00000290596aae60 Exception <a 'java/lang/NoSuchMethodError'{0x00000000ff4273f8}: 'java.lang.Object java.lang.invoke.DirectMethodHandle$Holder.invokeStatic(java.lang.Object, java.lang.Object, java.lang.Object, java.lang.Object, java.lang.Object, java.lang.Object, java.lang.Object, java.lang.Object, java.lang.Object, java.lang.Object, java.lang.Object)'> (0x00000000ff4273f8) 
thrown [s\src\hotspot\share\interpreter\linkResolver.cpp, line 815]
Event: 222.236 Thread 0x00000290596aae60 Exception <a 'java/lang/NoSuchMethodError'{0x00000000ff47d9b0}: 'java.lang.Object java.lang.invoke.DirectMethodHandle$Holder.invokeVirtual(java.lang.Object, java.lang.Object, java.lang.Object, java.lang.Object, java.lang.Object, java.lang.Object, java.lang.Object, java.lang.Object, java.lang.Object)'> (0x00000000ff47d9b0) 
thrown [s\src\hotspot\share\interpreter\linkResolver.cpp, line 815]
Event: 222.239 Thread 0x00000290596aae60 Exception <a 'java/lang/NoSuchMethodError'{0x00000000ff4ed4e0}: 'java.lang.Object java.lang.invoke.DirectMethodHandle$Holder.invokeStatic(java.lang.Object, java.lang.Object, java.lang.Object, java.lang.Object, java.lang.Object, java.lang.Object, java.lang.Object, java.lang.Object, java.lang.Object, java.lang.Object, java.lang.Object, java.lang.Object)'> (0x00000000ff4ed4e0) 
thrown [s\src\hotspot\share\interpreter\linkResolver.cpp, line 815]
Event: 222.609 Thread 0x00000290774c9d20 Exception <a 'java/lang/NoSuchMethodError'{0x00000000ff916900}: 'void java.lang.invoke.DirectMethodHandle$Holder.invokeStatic(java.lang.Object, long)'> (0x00000000ff916900) 
thrown [s\src\hotspot\share\interpreter\linkResolver.cpp, line 815]
Event: 226.806 Thread 0x00000290596aae60 Exception <a 'sun/nio/fs/WindowsException'{0x00000000ff8c31c8}> (0x00000000ff8c31c8) 
thrown [s\src\hotspot\share\prims\jni.cpp, line 535]

VM Operations (20 events):
Event: 221.243 Executing safepoint VM operation: G1PauseCleanup
Event: 221.243 Executing safepoint VM operation: G1PauseCleanup done
Event: 221.248 Executing non-safepoint VM operation: HandshakeAllThreads (Deoptimize)
Event: 221.248 Executing non-safepoint VM operation: HandshakeAllThreads (Deoptimize) done
Event: 221.249 Executing non-safepoint VM operation: HandshakeAllThreads (Deoptimize)
Event: 221.249 Executing non-safepoint VM operation: HandshakeAllThreads (Deoptimize) done
Event: 221.908 Executing non-safepoint VM operation: HandshakeAllThreads (Deoptimize)
Event: 221.908 Executing non-safepoint VM operation: HandshakeAllThreads (Deoptimize) done
Event: 221.908 Executing non-safepoint VM operation: HandshakeAllThreads (Deoptimize)
Event: 221.908 Executing non-safepoint VM operation: HandshakeAllThreads (Deoptimize) done
Event: 221.936 Executing non-safepoint VM operation: HandshakeAllThreads (Deoptimize)
Event: 221.936 Executing non-safepoint VM operation: HandshakeAllThreads (Deoptimize) done
Event: 222.318 Executing safepoint VM operation: G1CollectForAllocation (G1 Evacuation Pause)
Event: 222.320 Executing safepoint VM operation: G1CollectForAllocation (G1 Evacuation Pause) done
Event: 222.443 Executing safepoint VM operation: G1CollectForAllocation (G1 Evacuation Pause)
Event: 222.445 Executing safepoint VM operation: G1CollectForAllocation (G1 Evacuation Pause) done
Event: 223.824 Executing non-safepoint VM operation: HandshakeAllThreads (Deoptimize)
Event: 223.824 Executing non-safepoint VM operation: HandshakeAllThreads (Deoptimize) done
Event: 226.800 Executing non-safepoint VM operation: HandshakeAllThreads (Deoptimize)
Event: 226.800 Executing non-safepoint VM operation: HandshakeAllThreads (Deoptimize) done

Memory protections (0 events):
No events

Nmethod flushes (0 events):
No events

Events (20 events):
Event: 9.132 Thread 0x0000029076f48d00 Thread exited: 0x0000029076f48d00
Event: 9.434 Thread 0x000002907128acf0 Thread exited: 0x000002907128acf0
Event: 214.709 Thread 0x00000290596aae60 Thread added: 0x000002907176ef90
Event: 217.363 Thread 0x000002907128a490 Thread added: 0x0000029071290db0
Event: 217.575 Thread 0x000002907128d540 Thread added: 0x0000029076e2cc70
Event: 218.234 Thread 0x0000029076e2cc70 Thread exited: 0x0000029076e2cc70
Event: 218.234 Thread 0x0000029071290db0 Thread exited: 0x0000029071290db0
Event: 221.161 Loaded shared library C:\Program Files\Android\Android Studio\jbr\bin\management.dll
Event: 221.198 Loaded shared library C:\Program Files\Android\Android Studio\jbr\bin\management_ext.dll
Event: 221.730 Loaded shared library C:\Users\Administrator\AppData\Local\Temp\cursor-sandbox-cache\62bc08b01e50150a9dd83b8f12519d4e\gradle\native\c067742578af261105cb4f569cf0c3c89f3d7b1fecec35dd04571415982c5e48\windows-amd64\native-platform.dll
Event: 221.908 Thread 0x00000290596aae60 Thread added: 0x0000029076de2d60
Event: 221.928 Thread 0x000002907128a490 Thread added: 0x0000029076e2f4c0
Event: 222.470 Thread 0x00000290596aae60 Thread added: 0x00000290774c9d20
Event: 222.593 Thread 0x0000029076e2f4c0 Thread exited: 0x0000029076e2f4c0
Event: 222.613 Thread 0x00000290774c9d20 Thread added: 0x0000029077554ae0
Event: 222.613 Thread 0x0000029077554ae0 Thread exited: 0x0000029077554ae0
Event: 222.614 Thread 0x00000290774c9d20 Thread added: 0x0000029076574280
Event: 224.771 Thread 0x000002907176ef90 Thread exited: 0x000002907176ef90
Event: 226.654 Thread 0x00000290774c9d20 Thread exited: 0x00000290774c9d20
Event: 226.787 Thread 0x0000029076574280 Thread exited: 0x0000029076574280


Dynamic libraries:
0x00007ff636150000 - 0x00007ff63615a000 	C:\Program Files\Android\Android Studio\jbr\bin\java.exe
0x00007ff854c80000 - 0x00007ff854ee3000 	C:\Windows\SYSTEM32\ntdll.dll
0x00007ff852e00000 - 0x00007ff852ec7000 	C:\Windows\System32\KERNEL32.DLL
0x00007ff852400000 - 0x00007ff8527a1000 	C:\Windows\System32\KERNELBASE.dll
0x00007ff852890000 - 0x00007ff8529db000 	C:\Windows\System32\ucrtbase.dll
0x00007ff82a2f0000 - 0x00007ff82a30b000 	C:\Program Files\Android\Android Studio\jbr\bin\VCRUNTIME140.dll
0x00007ff829ce0000 - 0x00007ff829cf6000 	C:\Program Files\Android\Android Studio\jbr\bin\jli.dll
0x00007ff852ed0000 - 0x00007ff853093000 	C:\Windows\System32\USER32.dll
0x00007ff8527b0000 - 0x00007ff8527d7000 	C:\Windows\System32\win32u.dll
0x00007ff842490000 - 0x00007ff842720000 	C:\Windows\WinSxS\amd64_microsoft.windows.common-controls_6595b64144ccf1df_6.0.26100.1591_none_3e0fac18e32dc903\COMCTL32.dll
0x00007ff854510000 - 0x00007ff85453a000 	C:\Windows\System32\GDI32.dll
0x00007ff853720000 - 0x00007ff8537c9000 	C:\Windows\System32\msvcrt.dll
0x00007ff852150000 - 0x00007ff852271000 	C:\Windows\System32\gdi32full.dll
0x00007ff8527e0000 - 0x00007ff852883000 	C:\Windows\System32\msvcp_win.dll
0x00007ff853d80000 - 0x00007ff853daf000 	C:\Windows\System32\IMM32.DLL
0x00007ff833d50000 - 0x00007ff833d5c000 	C:\Program Files\Android\Android Studio\jbr\bin\vcruntime140_1.dll
0x00007fffbafa0000 - 0x00007fffbb02d000 	C:\Program Files\Android\Android Studio\jbr\bin\msvcp140.dll
0x00007fff75890000 - 0x00007fff7676a000 	C:\Program Files\Android\Android Studio\jbr\bin\server\jvm.dll
0x00007ff853860000 - 0x00007ff853912000 	C:\Windows\System32\ADVAPI32.dll
0x00007ff853920000 - 0x00007ff8539c7000 	C:\Windows\System32\sechost.dll
0x00007ff853dc0000 - 0x00007ff853ed6000 	C:\Windows\System32\RPCRT4.dll
0x00007ff853180000 - 0x00007ff8531f4000 	C:\Windows\System32\WS2_32.dll
0x00007ff8519c0000 - 0x00007ff851a0e000 	C:\Windows\SYSTEM32\POWRPROF.dll
0x00007ff844b60000 - 0x00007ff844b96000 	C:\Windows\SYSTEM32\WINMM.dll
0x00007ff84e090000 - 0x00007ff84e09b000 	C:\Windows\SYSTEM32\VERSION.dll
0x00007ff851970000 - 0x00007ff851984000 	C:\Windows\SYSTEM32\UMPDC.dll
0x00007ff850ef0000 - 0x00007ff850f0a000 	C:\Windows\SYSTEM32\kernel.appcore.dll
0x00007ff82c310000 - 0x00007ff82c31a000 	C:\Program Files\Android\Android Studio\jbr\bin\jimage.dll
0x00007ff847df0000 - 0x00007ff848031000 	C:\Windows\SYSTEM32\DBGHELP.DLL
0x00007ff854160000 - 0x00007ff8544dc000 	C:\Windows\System32\combase.dll
0x00007ff8530a0000 - 0x00007ff853176000 	C:\Windows\System32\OLEAUT32.dll
0x00007ff8378d0000 - 0x00007ff837909000 	C:\Windows\SYSTEM32\dbgcore.DLL
0x00007ff852a60000 - 0x00007ff852af9000 	C:\Windows\System32\bcryptPrimitives.dll
0x00007ff826a80000 - 0x00007ff826a9f000 	C:\Program Files\Android\Android Studio\jbr\bin\java.dll
0x00007ff853ad0000 - 0x00007ff853c69000 	C:\Windows\System32\ole32.dll
0x00007ff854540000 - 0x00007ff854c36000 	C:\Windows\System32\SHELL32.dll
0x00007ff825dd0000 - 0x00007ff825de7000 	C:\Program Files\Android\Android Studio\jbr\bin\zip.dll
0x00007ff84fe80000 - 0x00007ff8506aa000 	C:\Windows\SYSTEM32\windows.storage.dll
0x00007ff852d20000 - 0x00007ff852df3000 	C:\Windows\System32\SHCORE.dll
0x00007ff853d20000 - 0x00007ff853d7d000 	C:\Windows\System32\shlwapi.dll
0x00007ff851fb0000 - 0x00007ff851fd9000 	C:\Windows\SYSTEM32\profapi.dll
0x00007ff82a2a0000 - 0x00007ff82a2b0000 	C:\Program Files\Android\Android Studio\jbr\bin\net.dll
0x0000000180000000 - 0x000000018008c000 	C:\Windows\system32\ASProxy64.dll
0x00007ff8513f0000 - 0x00007ff851458000 	C:\Windows\SYSTEM32\MSWSOCK.dll
0x00007ff850930000 - 0x00007ff850962000 	C:\Windows\SYSTEM32\IPHLPAPI.DLL
0x00007ff851190000 - 0x00007ff8511d8000 	C:\Windows\SYSTEM32\SspiCli.dll
0x00007ff825db0000 - 0x00007ff825dc6000 	C:\Program Files\Android\Android Studio\jbr\bin\nio.dll
0x00007ff829ba0000 - 0x00007ff829bb0000 	C:\Program Files\Android\Android Studio\jbr\bin\verify.dll
0x00007ff84f420000 - 0x00007ff84f4cd000 	C:\Windows\system32\uxtheme.dll
0x00007ff851690000 - 0x00007ff8516ac000 	C:\Windows\SYSTEM32\CRYPTSP.dll
0x00007ff850e50000 - 0x00007ff850e88000 	C:\Windows\system32\rsaenh.dll
0x00007ff851490000 - 0x00007ff8514bb000 	C:\Windows\SYSTEM32\USERENV.dll
0x00007ff851990000 - 0x00007ff8519b6000 	C:\Windows\SYSTEM32\bcrypt.dll
0x00007ff8516b0000 - 0x00007ff8516bc000 	C:\Windows\SYSTEM32\CRYPTBASE.dll
0x00007ff853ac0000 - 0x00007ff853aca000 	C:\Windows\System32\NSI.dll
0x00007ff850970000 - 0x00007ff850a90000 	C:\Windows\SYSTEM32\DNSAPI.dll
0x00007ff842f50000 - 0x00007ff842f5b000 	C:\Windows\System32\rasadhlp.dll
0x00007ff84bb60000 - 0x00007ff84bbe6000 	C:\Windows\System32\fwpuclnt.dll
0x00007ff826a70000 - 0x00007ff826a79000 	C:\Program Files\Android\Android Studio\jbr\bin\extnet.dll
0x00007ff8384f0000 - 0x00007ff8384f9000 	C:\Program Files\Android\Android Studio\jbr\bin\management.dll
0x00007ff8384e0000 - 0x00007ff8384eb000 	C:\Program Files\Android\Android Studio\jbr\bin\management_ext.dll
0x00007ff853690000 - 0x00007ff853698000 	C:\Windows\System32\PSAPI.DLL
0x00007ff825e70000 - 0x00007ff825e97000 	C:\Users\Administrator\AppData\Local\Temp\cursor-sandbox-cache\62bc08b01e50150a9dd83b8f12519d4e\gradle\native\c067742578af261105cb4f569cf0c3c89f3d7b1fecec35dd04571415982c5e48\windows-amd64\native-platform.dll
0x00007ff82a2e0000 - 0x00007ff82a2e8000 	C:\Windows\system32\wshunix.dll

JVMTI agents: none

dbghelp: loaded successfully - version: 4.0.5 - missing functions: none
symbol engine: initialized successfully - sym options: 0x614 - pdb path: .;C:\Program Files\Android\Android Studio\jbr\bin;C:\Windows\SYSTEM32;C:\Windows\WinSxS\amd64_microsoft.windows.common-controls_6595b64144ccf1df_6.0.26100.1591_none_3e0fac18e32dc903;C:\Program Files\Android\Android Studio\jbr\bin\server;C:\Users\Administrator\AppData\Local\Temp\cursor-sandbox-cache\62bc08b01e50150a9dd83b8f12519d4e\gradle\native\c067742578af261105cb4f569cf0c3c89f3d7b1fecec35dd04571415982c5e48\windows-amd64

VM Arguments:
jvm_args: -Dfile.encoding=UTF-8 -Xmx64m -Xms64m -Dorg.gradle.appname=gradlew 
java_command: org.gradle.wrapper.GradleWrapperMain assembleDebug --no-daemon
java_class_path (initial): F:\MY PROJECT\attendance_app_pass_android\\gradle\wrapper\gradle-wrapper.jar
Launcher Type: SUN_STANDARD

[Global flags]
     intx CICompilerCount                          = 4                                         {product} {ergonomic}
     uint ConcGCThreads                            = 3                                         {product} {ergonomic}
     uint G1ConcRefinementThreads                  = 10                                        {product} {ergonomic}
   size_t G1HeapRegionSize                         = 1048576                                   {product} {ergonomic}
   size_t InitialHeapSize                          = 67108864                                  {product} {command line}
   size_t MarkStackSize                            = 4194304                                   {product} {ergonomic}
   size_t MarkStackSizeMax                         = 536870912                                 {product} {ergonomic}
   size_t MaxHeapSize                              = 67108864                                  {product} {command line}
   size_t MaxNewSize                               = 39845888                                  {product} {ergonomic}
   size_t MinHeapDeltaBytes                        = 1048576                                   {product} {ergonomic}
   size_t MinHeapSize                              = 67108864                                  {product} {command line}
    uintx NonNMethodCodeHeapSize                   = 5832704                                {pd product} {ergonomic}
    uintx NonProfiledCodeHeapSize                  = 122945536                              {pd product} {ergonomic}
    uintx ProfiledCodeHeapSize                     = 122880000                              {pd product} {ergonomic}
    uintx ReservedCodeCacheSize                    = 251658240                              {pd product} {ergonomic}
     bool SegmentedCodeCache                       = true                                      {product} {ergonomic}
   size_t SoftMaxHeapSize                          = 67108864                               {manageable} {ergonomic}
     bool UseCompressedOops                        = true                           {product lp64_product} {ergonomic}
     bool UseG1GC                                  = true                                      {product} {ergonomic}
     bool UseLargePagesIndividualAllocation        = false                                  {pd product} {ergonomic}

Logging:
Log output configuration:
 #0: stdout all=warning uptime,level,tags foldmultilines=false
 #1: stderr all=off uptime,level,tags foldmultilines=false

Release file:
JAVA_VERSION="25.0.2" 
MODULES="java.base java.compiler java.datatransfer java.xml java.prefs java.desktop java.instrument java.logging java.management java.security.sasl java.naming java.rmi java.management.rmi java.net.http java.scripting java.security.jgss java.transaction.xa java.sql java.sql.rowset java.xml.crypto java.se java.smartcardio jdk.accessibility jdk.internal.jvmstat jdk.attach jdk.charsets jdk.internal.opt jdk.zipfs jdk.compiler jdk.crypto.cryptoki jdk.crypto.ec jdk.dynalink jdk.hotspot.agent jdk.httpserver jdk.internal.ed jdk.internal.le jdk.internal.md jdk.internal.vm.ci jdk.jartool jdk.javadoc jdk.jcmd jdk.jdeps jdk.jdwp.agent jdk.jdi jdk.jfr jdk.jlink jdk.localedata jdk.management jdk.management.agent jdk.management.jfr jdk.naming.dns jdk.naming.rmi jdk.net jdk.sctp jdk.security.auth jdk.security.jgss jdk.unsupported jdk.unsupported.desktop jdk.xml.dom" 
IMPLEMENTOR="JetBrains s.r.o." 
JAVA_RUNTIME_VERSION="25.0.2+-15348964-b329.117" 
LIBC="default" 
OS_ARCH="x86_64" 
OS_NAME="Windows" 
SOURCE=".:git:3cf398e84a39" 

Environment Variables:
JAVA_HOME=C:\Program Files\Android\Android Studio\jbr
CLASSPATH=F:\MY PROJECT\attendance_app_pass_android\\gradle\wrapper\gradle-wrapper.jar
PATH=C:\Program Files\Android\Android Studio\jbr\bin;C:\Program Files\Android\Android Studio\jbr\bin;c:\Users\Administrator\AppData\Local\Programs\cursor\resources\app\node_modules\@vscode\ripgrep\bin;C:\Windows\system32;C:\Windows;C:\Windows\System32\Wbem;C:\Windows\System32\WindowsPowerShell\v1.0\;C:\Windows\System32\OpenSSH\;C:\Program Files\Bandizip\;C:\Users\Administrator\AppData\Local\nvm;C:\nvm4w\nodejs;C:\Program Files\Git\cmd;C:\Program Files\nodejs\;C:\Program Files\MongoDB\Server\8.0\bin;C:\Program Files (x86)\Bitvise SSH Client;C:\Program Files\Tailscale\;C:\Users\Administrator\AppData\Local\Programs\Python\Python313\Scripts\;C:\Users\Administrator\AppData\Local\Programs\Python\Python313\;C:\Users\Administrator\AppData\Local\Programs\Python\Launcher\;C:\Users\Administrator\AppData\Local\Microsoft\WindowsApps;C:\Users\Administrator\AppData\Local\nvm;C:\nvm4w\nodejs;C:\Users\Administrator\AppData\Local\Programs\cursor\resources\app\bin;C:\Users\Administrator\AppData\Roaming\npm;C:\Users\Administrator\AppData\Local\Programs\Microsoft VS Code\bin;C:\Program Files\MongoDB\Server\8.0\bin;C:\Users\Administrator\AppData\Local\Kingsoft\WPS Office\12.1.0.27458\clitool
USERNAME=Administrator
TERM=dumb
OS=Windows_NT
PROCESSOR_IDENTIFIER=Intel64 Family 6 Model 158 Stepping 10, GenuineIntel
TMP=C:\Users\Administrator\AppData\Local\Temp
TEMP=C:\Users\Administrator\AppData\Local\Temp




Compilation memory statistics disabled.

Periodic native trim disabled

JNI global refs:
JNI global refs: 19, weak refs: 0

JNI global refs memory usage: 835, weak refs: 833

Process memory usage:
Resident Set Size: 143212K (0% of 33345832K total physical memory with 13452368K free physical memory)

OOME stack traces (most recent first):
Classloader memory used:
Loader bootstrap                                                                       : 21010 K
Loader org.gradle.internal.classloader.VisitableURLClassLoader                         : 5221 K
Loader java.net.URLClassLoader                                                         : 228 K
Loader jdk.internal.loader.ClassLoaders$AppClassLoader                                 : 100736 B
Loader jdk.internal.loader.ClassLoaders$PlatformClassLoader                            : 96288 B

Classes loaded by more than one classloader:
Class org.gradle.internal.classloader.ClassLoaderHierarchy                            : loaded 2 times (x 72B)
Class org.gradle.api.internal.classpath.ManifestUtil                                  : loaded 2 times (x 73B)
Class org.gradle.cli.CommandLineParser                                                : loaded 2 times (x 81B)
Class org.gradle.internal.classloader.ClassLoaderVisitor                              : loaded 2 times (x 78B)
Class org.gradle.api.internal.classpath.EffectiveClassPath                            : loaded 2 times (x 92B)
Class org.gradle.internal.service.UnknownServiceException                             : loaded 2 times (x 85B)
Class org.gradle.cli.CommandLineArgumentException                                     : loaded 2 times (x 84B)
Class org.gradle.cli.CommandLineParser$KnownOptionParserState                         : loaded 2 times (x 78B)
Class org.gradle.internal.InternalTransformer                                         : loaded 2 times (x 72B)
Class org.gradle.internal.classloader.ClasspathUtil$1                                 : loaded 2 times (x 78B)
Class org.gradle.api.internal.classpath.DefaultModuleRegistry$DefaultModule           : loaded 2 times (x 88B)
Class org.gradle.api.internal.classpath.Module                                        : loaded 2 times (x 72B)
Class org.gradle.api.internal.classpath.UnknownModuleException                        : loaded 2 times (x 84B)
Class org.gradle.internal.classpath.DefaultClassPath$ImmutableUniqueList              : loaded 2 times (x 201B)
Class org.gradle.cli.CommandLineParser$OptionAwareParserState                         : loaded 2 times (x 79B)
Class org.gradle.cli.ParsedCommandLine                                                : loaded 2 times (x 82B)
Class org.gradle.internal.classpath.ClassPath                                         : loaded 2 times (x 72B)
Class org.gradle.cli.CommandLineParser$UnknownOptionParserState                       : loaded 2 times (x 78B)
Class org.gradle.cli.ParsedCommandLineOption                                          : loaded 2 times (x 78B)
Class org.gradle.api.UncheckedIOException                                             : loaded 2 times (x 84B)
Class org.gradle.api.internal.classpath.ModuleRegistry                                : loaded 2 times (x 72B)
Class org.gradle.internal.installation.GradleInstallation$1                           : loaded 2 times (x 77B)
Class org.gradle.api.internal.classpath.DefaultModuleRegistry                         : loaded 2 times (x 88B)
Class org.gradle.cli.CommandLineOption                                                : loaded 2 times (x 88B)
Class org.gradle.cli.CommandLineParser$BeforeFirstSubCommand                          : loaded 2 times (x 79B)
Class org.gradle.internal.service.ServiceLookupException                              : loaded 2 times (x 84B)
Class org.gradle.cli.CommandLineParser$OptionParserState                              : loaded 2 times (x 77B)
Class org.gradle.internal.classloader.ClasspathUtil                                   : loaded 2 times (x 73B)
Class org.gradle.api.specs.Spec                                                       : loaded 2 times (x 72B)
Class org.gradle.internal.classpath.DefaultClassPath                                  : loaded 2 times (x 92B)
Class org.gradle.internal.classloader.ClassLoaderSpec                                 : loaded 2 times (x 73B)
Class org.gradle.internal.Cast                                                        : loaded 2 times (x 73B)
Class org.gradle.api.Action                                                           : loaded 2 times (x 72B)
Class org.gradle.internal.classpath.DefaultClassPath$ImmutableUniqueList$Builder      : loaded 2 times (x 77B)
Class org.gradle.api.GradleException                                                  : loaded 2 times (x 84B)
Class org.gradle.internal.IoActions                                                   : loaded 2 times (x 73B)
Class org.gradle.internal.classloader.SystemClassLoaderSpec                           : loaded 2 times (x 73B)
Class org.gradle.cli.CommandLineParser$ParserState                                    : loaded 2 times (x 78B)
Class org.gradle.api.internal.classpath.GlobalCacheRootsProvider                      : loaded 2 times (x 72B)
Class org.gradle.internal.installation.CurrentGradleInstallationLocator               : loaded 2 times (x 73B)
Class org.gradle.internal.installation.CurrentGradleInstallation                      : loaded 2 times (x 75B)
Class org.gradle.util.internal.GUtil                                                  : loaded 2 times (x 73B)
Class org.gradle.cli.CommandLineParser$AfterOptions                                   : loaded 2 times (x 79B)
Class org.gradle.internal.installation.GradleInstallation                             : loaded 2 times (x 77B)

---------------  S Y S T E M  ---------------

OS:
 Windows 11 , 64 bit Build 26100 (10.0.26100.1591)
OS uptime: 1 days 3:22 hours

CPU: total 12 (initial active 12) (6 cores per cpu, 2 threads per core) family 6 model 158 stepping 10 microcode 0xde, cx8, cmov, fxsr, ht, mmx, 3dnowpref, sse, sse2, sse3, ssse3, sse4.1, sse4.2, popcnt, lzcnt, tsc, tscinvbit, avx, avx2, aes, erms, clmul, bmi1, bmi2, rtm, adx, fma, vzeroupper, clflush, clflushopt, rdtscp, f16c
Processor Information for the first 12 processors :
  Max Mhz: 3192, Current Mhz: 3192, Mhz Limit: 3192

Memory: 4k page, system-wide physical 32564M (13137M free)
TotalPageFile size 38964M (AvailPageFile size 4975M)
current process WorkingSet (physical memory assigned to process): 140M, peak: 148M
current process commit charge ("private bytes"): 186M, peak: 198M

vm_info: OpenJDK 64-Bit Server VM (25.0.2+-15348964-b329.117) for windows-amd64 JRE (25.0.2+-15348964-b329.117), built on 2026-05-05T18:25:19Z with MS VC++ 16.10 / 16.11 (VS2019)

END.
